Mplus VERSION 8.4
MUTHEN & MUTHEN
09/11/2024  10:08 AM

INPUT INSTRUCTIONS


  TITLE: test1 classes
  DATA: FILE IS test_model3_lca.dat;

  VARIABLE:
  NAMES = id var1 var2 var3 var4 var5 var6 var7 var8;
  IDVARIABLE = id;
  USEVARIABLES = var1 var2 var3 var4 var5 var6 var7 var8;
  MISSING = .;
  CLASSES = class (1);

  MODEL:
  %OVERALL%
  var1 WITH var2;
  var1 WITH var3;
  var1 WITH var4;
  var1 WITH var5;
  var1 WITH var6;
  var1 WITH var7;
  var1 WITH var8;
  var2 WITH var3;
  var2 WITH var4;
  var2 WITH var5;
  var2 WITH var6;
  var2 WITH var7;
  var2 WITH var8;
  var3 WITH var4;
  var3 WITH var5;
  var3 WITH var6;
  var3 WITH var7;
  var3 WITH var8;
  var4 WITH var5;
  var4 WITH var6;
  var4 WITH var7;
  var4 WITH var8;
  var5 WITH var6;
  var5 WITH var7;
  var5 WITH var8;
  var6 WITH var7;
  var6 WITH var8;
  var7 WITH var8;

  ANALYSIS:
  TYPE = MIXTURE;
  PROCESSORS = 16;
  STITERATIONS = 4;
  STARTS = 20 4;

  OUTPUT:
  SVALUES ENTROPY TECH1 TECH4;
  PLOT: TYPE=PLOT1 PLOT2 PLOT3;
  SAVEDATA:
  FILE IS test_model3_lca_1.dat
  SAVE = cprobabilites bchweights;



INPUT READING TERMINATED NORMALLY



test1 classes

SUMMARY OF ANALYSIS

Number of groups                                                 1
Number of observations                                        1000

Number of dependent variables                                    8
Number of independent variables                                  0
Number of continuous latent variables                            0
Number of categorical latent variables                           1

Observed dependent variables

  Continuous
   VAR1        VAR2        VAR3        VAR4        VAR5        VAR6
   VAR7        VAR8

Categorical latent variables
   CLASS

Variables with special functions

  ID variable           ID

Estimator                                                      MLR
Information matrix                                        OBSERVED
Optimization Specifications for the Quasi-Newton Algorithm for
Continuous Outcomes
  Maximum number of iterations                                 100
  Convergence criterion                                  0.100D-05
Optimization Specifications for the EM Algorithm
  Maximum number of iterations                                 500
  Convergence criteria
    Loglikelihood change                                 0.100D-06
    Relative loglikelihood change                        0.100D-06
    Derivative                                           0.100D-05
Optimization Specifications for the M step of the EM Algorithm for
Categorical Latent variables
  Number of M step iterations                                    1
  M step convergence criterion                           0.100D-05
  Basis for M step termination                           ITERATION
Optimization Specifications for the M step of the EM Algorithm for
Censored, Binary or Ordered Categorical (Ordinal), Unordered
Categorical (Nominal) and Count Outcomes
  Number of M step iterations                                    1
  M step convergence criterion                           0.100D-05
  Basis for M step termination                           ITERATION
  Maximum value for logit thresholds                            15
  Minimum value for logit thresholds                           -15
  Minimum expected cell size for chi-square              0.100D-01
Maximum number of iterations for H1                           2000
Convergence criterion for H1                             0.100D-03
Optimization algorithm                                         EMA
Random Starts Specifications
  Number of initial stage random starts                         20
  Number of final stage optimizations                            4
  Number of initial stage iterations                             4
  Initial stage convergence criterion                    0.100D+01
  Random starts scale                                    0.500D+01
  Random seed for generating random starts                       0

Input data file(s)
  test_model3_lca.dat
Input data format  FREE


SUMMARY OF DATA

     Number of missing data patterns             1
     Number of y missing data patterns           1
     Number of u missing data patterns           0


COVARIANCE COVERAGE OF DATA

Minimum covariance coverage value   0.100


     PROPORTION OF DATA PRESENT FOR Y


           Covariance Coverage
              VAR1          VAR2          VAR3          VAR4          VAR5
              ________      ________      ________      ________      ________
 VAR1           1.000
 VAR2           1.000         1.000
 VAR3           1.000         1.000         1.000
 VAR4           1.000         1.000         1.000         1.000
 VAR5           1.000         1.000         1.000         1.000         1.000
 VAR6           1.000         1.000         1.000         1.000         1.000
 VAR7           1.000         1.000         1.000         1.000         1.000
 VAR8           1.000         1.000         1.000         1.000         1.000


           Covariance Coverage
              VAR6          VAR7          VAR8
              ________      ________      ________
 VAR6           1.000
 VAR7           1.000         1.000
 VAR8           1.000         1.000         1.000



UNIVARIATE SAMPLE STATISTICS


     UNIVARIATE HIGHER-ORDER MOMENT DESCRIPTIVE STATISTICS

         Variable/         Mean/     Skewness/   Minimum/ % with                Percentiles
        Sample Size      Variance    Kurtosis    Maximum  Min/Max      20%/60%    40%/80%    Median

     VAR1                  1.154       1.917       1.000   84.60%       1.000      1.000      1.000
            1000.000       0.130       1.676       2.000   15.40%       1.000      1.000
     VAR2                  1.294       0.904       1.000   70.60%       1.000      1.000      1.000
            1000.000       0.208      -1.182       2.000   29.40%       1.000      2.000
     VAR3                -10.783       0.222    -138.764    3.90%     -61.557    -32.396    -17.605
            1000.000    4328.357      -0.367     177.586    0.10%       2.855     48.208
     VAR4                 25.614       4.340       0.000    0.10%      10.000     18.000     20.277
            1000.000     841.104      25.291     300.000    0.10%      20.278     30.000
     VAR5                 97.020       0.180       0.000    8.70%      21.000     60.000     90.000
            1000.000    5266.636      -1.319     267.000    0.10%     123.000    171.000
     VAR6                 92.954       1.823       0.000    2.20%       5.000     40.000     77.000
            1000.000    9351.801       8.190     880.500    0.20%      98.000    157.000
     VAR7                 19.375       3.742       0.000   31.90%       0.000      1.000      2.000
            1000.000    1715.582      17.484     350.000    0.10%       5.000     27.000
     VAR8                 82.775       0.343       0.000   25.60%       0.000     63.000     80.000
            1000.000    4271.684      -0.692     248.000    1.60%      98.000    142.000

RANDOM STARTS RESULTS RANKED FROM THE BEST TO THE WORST LOGLIKELIHOOD VALUES

Final stage loglikelihood values at local maxima, seeds, and initial stage start numbers:

          -32240.928  76974            16
          -32240.928  195873           6
          -32240.928  unperturbed      0
          -32240.928  533738           11


     THE STANDARD ERRORS OF THE MODEL PARAMETER ESTIMATES MAY NOT BE
     TRUSTWORTHY FOR SOME PARAMETERS DUE TO A NON-POSITIVE DEFINITE
     FIRST-ORDER DERIVATIVE PRODUCT MATRIX.  THIS MAY BE DUE TO THE STARTING
     VALUES BUT MAY ALSO BE AN INDICATION OF MODEL NONIDENTIFICATION.  THE
     CONDITION NUMBER IS      -0.146D-16.  PROBLEM INVOLVING THE FOLLOWING PARAMETER:
     Parameter 43, %CLASS#1%: VAR8 WITH VAR7


THE MODEL ESTIMATION TERMINATED NORMALLY



MODEL FIT INFORMATION

Number of Free Parameters                       44

Loglikelihood

          H0 Value                      -32240.928
          H0 Scaling Correction Factor      1.8210
            for MLR

Information Criteria

          Akaike (AIC)                   64569.856
          Bayesian (BIC)                 64785.798
          Sample-Size Adjusted BIC       64646.051
            (n* = (n + 2) / 24)



FINAL CLASS COUNTS AND PROPORTIONS FOR THE LATENT CLASSES
BASED ON THE ESTIMATED MODEL

    Latent
   Classes

       1       1000.00000          1.00000


FINAL CLASS COUNTS AND PROPORTIONS FOR THE LATENT CLASSES
BASED ON ESTIMATED POSTERIOR PROBABILITIES

    Latent
   Classes

       1       1000.00000          1.00000


FINAL CLASS COUNTS AND PROPORTIONS FOR THE LATENT CLASSES
BASED ON THEIR MOST LIKELY LATENT CLASS MEMBERSHIP

Class Counts and Proportions

    Latent
   Classes

       1             1000          1.00000


Classification Probabilities for the Most Likely Latent Class Membership (Column)
by Latent Class (Row)

           1

    1   1.000


Logits for the Classification Probabilities for the Most Likely Latent Class Membership (Column)
by Latent Class (Row)

              1

    1      0.000


MODEL RESULTS

                                                    Two-Tailed
                    Estimate       S.E.  Est./S.E.    P-Value

Latent Class 1

 VAR1     WITH
    VAR2              -0.034      0.004     -8.544      0.000
    VAR3              -6.639      0.703     -9.439      0.000
    VAR4              -0.917      0.285     -3.213      0.001
    VAR5              -8.578      0.762    -11.263      0.000
    VAR6              -8.484      1.288     -6.585      0.000
    VAR7              -2.880      0.264    -10.895      0.000
    VAR8              -8.430      0.673    -12.518      0.000

 VAR2     WITH
    VAR3               6.602      0.945      6.987      0.000
    VAR4               1.690      0.484      3.493      0.000
    VAR5              10.287      1.103      9.325      0.000
    VAR6              17.751      1.547     11.476      0.000
    VAR7               6.018      0.784      7.675      0.000
    VAR8              13.829      1.019     13.566      0.000

 VAR3     WITH
    VAR4             313.435     66.961      4.681      0.000
    VAR5            3091.101    139.731     22.122      0.000
    VAR6            3282.031    190.579     17.221      0.000
    VAR7            1503.338    139.563     10.772      0.000
    VAR8            2576.531    126.044     20.441      0.000

 VAR4     WITH
    VAR5             420.306     76.225      5.514      0.000
    VAR6             350.764    100.411      3.493      0.000
    VAR7             157.977     37.079      4.261      0.000
    VAR8             399.185     69.993      5.703      0.000

 VAR5     WITH
    VAR6            4120.341    201.383     20.460      0.000
    VAR7            1593.153    126.074     12.637      0.000
    VAR8            3807.572    137.131     27.766      0.000

 VAR6     WITH
    VAR7            1553.125    142.626     10.889      0.000
    VAR8            4273.686    190.206     22.469      0.000

 VAR7     WITH
    VAR8            1443.487    117.934     12.240      0.000

 Means
    VAR1               1.154      0.011    101.102      0.000
    VAR2               1.294      0.014     89.817      0.000
    VAR3             -10.783      2.080     -5.183      0.000
    VAR4              25.614      0.917     27.929      0.000
    VAR5              97.020      2.295     42.276      0.000
    VAR6              92.953      3.058     30.396      0.000
    VAR7              19.375      1.310     14.792      0.000
    VAR8              82.775      2.067     40.050      0.000

 Variances
    VAR1               0.130      0.008     16.495      0.000
    VAR2               0.208      0.006     34.969      0.000
    VAR3            4328.357    174.887     24.749      0.000
    VAR4             841.104    138.950      6.053      0.000
    VAR5            5266.636    137.465     38.312      0.000
    VAR6            9351.801    944.039      9.906      0.000
    VAR7            1715.582    239.471      7.164      0.000
    VAR8            4271.685    154.494     27.650      0.000


QUALITY OF NUMERICAL RESULTS

     Condition Number for the Information Matrix             -0.146E-16
       (ratio of smallest to largest eigenvalue)


MODEL COMMAND WITH FINAL ESTIMATES USED AS STARTING VALUES

     %OVERALL%

     %CLASS#1%

     var1 WITH var2*-0.03428;
     var1 WITH var3*-6.63930;
     var1 WITH var4*-0.91720;
     var1 WITH var5*-8.57765;
     var1 WITH var6*-8.48434;
     var1 WITH var7*-2.87975;
     var1 WITH var8*-8.43035;
     var2 WITH var3*6.60226;
     var2 WITH var4*1.68953;
     var2 WITH var5*10.28652;
     var2 WITH var6*17.75067;
     var2 WITH var7*6.01775;
     var2 WITH var8*13.82915;
     var3 WITH var4*313.43539;
     var3 WITH var5*3091.10059;
     var3 WITH var6*3282.03125;
     var3 WITH var7*1503.33789;
     var3 WITH var8*2576.53052;
     var4 WITH var5*420.30634;
     var4 WITH var6*350.76382;
     var4 WITH var7*157.97697;
     var4 WITH var8*399.18542;
     var5 WITH var6*4120.34131;
     var5 WITH var7*1593.15332;
     var5 WITH var8*3807.57153;
     var6 WITH var7*1553.12488;
     var6 WITH var8*4273.68604;
     var7 WITH var8*1443.48743;

     [ var1*1.15400 ];
     [ var2*1.29400 ];
     [ var3*-10.78309 ];
     [ var4*25.61431 ];
     [ var5*97.01956 ];
     [ var6*92.95350 ];
     [ var7*19.37500 ];
     [ var8*82.77500 ];

     var1*0.13028;
     var2*0.20756;
     var3*4328.35742;
     var4*841.10419;
     var5*5266.63623;
     var6*9351.80078;
     var7*1715.58240;
     var8*4271.68457;



TECHNICAL 1 OUTPUT


     PARAMETER SPECIFICATION FOR LATENT CLASS 1


           NU
              VAR1          VAR2          VAR3          VAR4          VAR5
              ________      ________      ________      ________      ________
                    1             2             3             4             5


           NU
              VAR6          VAR7          VAR8
              ________      ________      ________
                    6             7             8


           THETA
              VAR1          VAR2          VAR3          VAR4          VAR5
              ________      ________      ________      ________      ________
 VAR1               9
 VAR2              10            11
 VAR3              12            13            14
 VAR4              15            16            17            18
 VAR5              19            20            21            22            23
 VAR6              24            25            26            27            28
 VAR7              30            31            32            33            34
 VAR8              37            38            39            40            41


           THETA
              VAR6          VAR7          VAR8
              ________      ________      ________
 VAR6              29
 VAR7              35            36
 VAR8              42            43            44


     PARAMETER SPECIFICATION FOR LATENT CLASS REGRESSION MODEL PART


           ALPHA(C)
              CLASS#1
              ________
                    0


     STARTING VALUES FOR LATENT CLASS 1


           NU
              VAR1          VAR2          VAR3          VAR4          VAR5
              ________      ________      ________      ________      ________
                1.154         1.294       -10.783        25.614        97.020


           NU
              VAR6          VAR7          VAR8
              ________      ________      ________
               92.953        19.375        82.775


           THETA
              VAR1          VAR2          VAR3          VAR4          VAR5
              ________      ________      ________      ________      ________
 VAR1           0.065
 VAR2           0.000         0.104
 VAR3           0.000         0.000      2164.179
 VAR4           0.000         0.000         0.000       420.552
 VAR5           0.000         0.000         0.000         0.000      2633.318
 VAR6           0.000         0.000         0.000         0.000         0.000
 VAR7           0.000         0.000         0.000         0.000         0.000
 VAR8           0.000         0.000         0.000         0.000         0.000


           THETA
              VAR6          VAR7          VAR8
              ________      ________      ________
 VAR6        4675.900
 VAR7           0.000       857.791
 VAR8           0.000         0.000      2135.842


     STARTING VALUES FOR LATENT CLASS REGRESSION MODEL PART


           ALPHA(C)
              CLASS#1
              ________
                0.000


TECHNICAL 4 OUTPUT


PLOT INFORMATION

The following plots are available:

  Histograms (sample values)
  Scatterplots (sample values)
  Estimated overall and class-specific distributions

SAVEDATA INFORMATION


  Save file
    test_model3_lca_1.dat SAVE = cprobabilites bchweights

  Order and format of variables

    VAR1           F10.3
    VAR2           F10.3
    VAR3           F10.3
    VAR4           F10.3
    VAR5           F10.3
    VAR6           F10.3
    VAR7           F10.3
    VAR8           F10.3
    CPROB1         F10.3
    CLASS          F10.3
    ID             I5

  Save file format
    10F10.3 I5

  Save file record length    10000


     Beginning Time:  10:08:28
        Ending Time:  10:08:29
       Elapsed Time:  00:00:01



MUTHEN & MUTHEN
3463 Stoner Ave.
Los Angeles, CA  90066

Tel: (310) 391-9971
Fax: (310) 391-8971
Web: www.StatModel.com
Support: Support@StatModel.com

Copyright (c) 1998-2019 Muthen & Muthen
