Mplus VERSION 8.4
MUTHEN & MUTHEN
09/11/2024  10:08 AM

INPUT INSTRUCTIONS


  TITLE: test2 classes
  DATA: FILE IS test_model3_lca.dat;

  VARIABLE:
  NAMES = id var1 var2 var3 var4 var5 var6 var7 var8;
  IDVARIABLE = id;
  USEVARIABLES = var1 var2 var3 var4 var5 var6 var7 var8;
  MISSING = .;
  CLASSES = class (2);

  MODEL:
  %OVERALL%
  var1 WITH var2;
  var1 WITH var3;
  var1 WITH var4;
  var1 WITH var5;
  var1 WITH var6;
  var1 WITH var7;
  var1 WITH var8;
  var2 WITH var3;
  var2 WITH var4;
  var2 WITH var5;
  var2 WITH var6;
  var2 WITH var7;
  var2 WITH var8;
  var3 WITH var4;
  var3 WITH var5;
  var3 WITH var6;
  var3 WITH var7;
  var3 WITH var8;
  var4 WITH var5;
  var4 WITH var6;
  var4 WITH var7;
  var4 WITH var8;
  var5 WITH var6;
  var5 WITH var7;
  var5 WITH var8;
  var6 WITH var7;
  var6 WITH var8;
  var7 WITH var8;

  ANALYSIS:
  TYPE = MIXTURE;
  PROCESSORS = 16;
  STITERATIONS = 4;
  STARTS = 20 4;

  OUTPUT:
  SVALUES ENTROPY TECH1 TECH4;
  PLOT: TYPE=PLOT1 PLOT2 PLOT3;
  SAVEDATA:
  FILE IS test_model3_lca_2.dat
  SAVE = cprobabilites bchweights;



INPUT READING TERMINATED NORMALLY



test2 classes

SUMMARY OF ANALYSIS

Number of groups                                                 1
Number of observations                                        1000

Number of dependent variables                                    8
Number of independent variables                                  0
Number of continuous latent variables                            0
Number of categorical latent variables                           1

Observed dependent variables

  Continuous
   VAR1        VAR2        VAR3        VAR4        VAR5        VAR6
   VAR7        VAR8

Categorical latent variables
   CLASS

Variables with special functions

  ID variable           ID

Estimator                                                      MLR
Information matrix                                        OBSERVED
Optimization Specifications for the Quasi-Newton Algorithm for
Continuous Outcomes
  Maximum number of iterations                                 100
  Convergence criterion                                  0.100D-05
Optimization Specifications for the EM Algorithm
  Maximum number of iterations                                 500
  Convergence criteria
    Loglikelihood change                                 0.100D-06
    Relative loglikelihood change                        0.100D-06
    Derivative                                           0.100D-05
Optimization Specifications for the M step of the EM Algorithm for
Categorical Latent variables
  Number of M step iterations                                    1
  M step convergence criterion                           0.100D-05
  Basis for M step termination                           ITERATION
Optimization Specifications for the M step of the EM Algorithm for
Censored, Binary or Ordered Categorical (Ordinal), Unordered
Categorical (Nominal) and Count Outcomes
  Number of M step iterations                                    1
  M step convergence criterion                           0.100D-05
  Basis for M step termination                           ITERATION
  Maximum value for logit thresholds                            15
  Minimum value for logit thresholds                           -15
  Minimum expected cell size for chi-square              0.100D-01
Maximum number of iterations for H1                           2000
Convergence criterion for H1                             0.100D-03
Optimization algorithm                                         EMA
Random Starts Specifications
  Number of initial stage random starts                         20
  Number of final stage optimizations                            4
  Number of initial stage iterations                             4
  Initial stage convergence criterion                    0.100D+01
  Random starts scale                                    0.500D+01
  Random seed for generating random starts                       0

Input data file(s)
  test_model3_lca.dat
Input data format  FREE


SUMMARY OF DATA

     Number of missing data patterns             1
     Number of y missing data patterns           1
     Number of u missing data patterns           0


COVARIANCE COVERAGE OF DATA

Minimum covariance coverage value   0.100


     PROPORTION OF DATA PRESENT FOR Y


           Covariance Coverage
              VAR1          VAR2          VAR3          VAR4          VAR5
              ________      ________      ________      ________      ________
 VAR1           1.000
 VAR2           1.000         1.000
 VAR3           1.000         1.000         1.000
 VAR4           1.000         1.000         1.000         1.000
 VAR5           1.000         1.000         1.000         1.000         1.000
 VAR6           1.000         1.000         1.000         1.000         1.000
 VAR7           1.000         1.000         1.000         1.000         1.000
 VAR8           1.000         1.000         1.000         1.000         1.000


           Covariance Coverage
              VAR6          VAR7          VAR8
              ________      ________      ________
 VAR6           1.000
 VAR7           1.000         1.000
 VAR8           1.000         1.000         1.000



UNIVARIATE SAMPLE STATISTICS


     UNIVARIATE HIGHER-ORDER MOMENT DESCRIPTIVE STATISTICS

         Variable/         Mean/     Skewness/   Minimum/ % with                Percentiles
        Sample Size      Variance    Kurtosis    Maximum  Min/Max      20%/60%    40%/80%    Median

     VAR1                  1.154       1.917       1.000   84.60%       1.000      1.000      1.000
            1000.000       0.130       1.676       2.000   15.40%       1.000      1.000
     VAR2                  1.294       0.904       1.000   70.60%       1.000      1.000      1.000
            1000.000       0.208      -1.182       2.000   29.40%       1.000      2.000
     VAR3                -10.783       0.222    -138.764    3.90%     -61.557    -32.396    -17.605
            1000.000    4328.357      -0.367     177.586    0.10%       2.855     48.208
     VAR4                 25.614       4.340       0.000    0.10%      10.000     18.000     20.277
            1000.000     841.104      25.291     300.000    0.10%      20.278     30.000
     VAR5                 97.020       0.180       0.000    8.70%      21.000     60.000     90.000
            1000.000    5266.636      -1.319     267.000    0.10%     123.000    171.000
     VAR6                 92.954       1.823       0.000    2.20%       5.000     40.000     77.000
            1000.000    9351.801       8.190     880.500    0.20%      98.000    157.000
     VAR7                 19.375       3.742       0.000   31.90%       0.000      1.000      2.000
            1000.000    1715.582      17.484     350.000    0.10%       5.000     27.000
     VAR8                 82.775       0.343       0.000   25.60%       0.000     63.000     80.000
            1000.000    4271.684      -0.692     248.000    1.60%      98.000    142.000

RANDOM STARTS RESULTS RANKED FROM THE BEST TO THE WORST LOGLIKELIHOOD VALUES

Final stage loglikelihood values at local maxima, seeds, and initial stage start numbers:


4 perturbed starting value run(s) did not converge.


     THE MODEL ESTIMATION DID NOT TERMINATE NORMALLY.  ESTIMATES CANNOT
     BE TRUSTED.






FINAL CLASS COUNTS AND PROPORTIONS FOR THE LATENT CLASSES
BASED ON THE ESTIMATED MODEL

    Latent
   Classes

       1        584.81062          0.58481
       2        415.18938          0.41519


FINAL CLASS COUNTS AND PROPORTIONS FOR THE LATENT CLASSES
BASED ON ESTIMATED POSTERIOR PROBABILITIES

    Latent
   Classes

       1        987.29162          0.98729
       2         12.70838          0.01271


FINAL CLASS COUNTS AND PROPORTIONS FOR THE LATENT CLASSES
BASED ON THEIR MOST LIKELY LATENT CLASS MEMBERSHIP

Class Counts and Proportions

    Latent
   Classes

       1              589          0.58900
       2              411          0.41100


CLASSIFICATION QUALITY

     Entropy                         0.768


           Univariate Entropy
              VAR1          VAR2          VAR3          VAR4          VAR5
              ________      ________      ________      ________      ________
                0.895         0.882         0.810         0.895         0.717


           Univariate Entropy
              VAR6          VAR7          VAR8
              ________      ________      ________
                0.836         0.883         0.773


Classification Probabilities for the Most Likely Latent Class Membership (Column)
by Latent Class (Row)

           1        2

    1   0.948    0.052
    2   0.083    0.917


Logits for the Classification Probabilities for the Most Likely Latent Class Membership (Column)
by Latent Class (Row)

              1        2

    1      2.910    0.000
    2     -2.405    0.000


MODEL RESULTS

                    Estimate

Latent Class 1

 VAR1     WITH
    VAR2              -0.017
    VAR3              -2.206
    VAR4              -0.242
    VAR5              -2.329
    VAR6              -2.431
    VAR7              -0.762
    VAR8              -3.336

 VAR2     WITH
    VAR3              -0.141
    VAR4               0.663
    VAR5               0.781
    VAR6               8.543
    VAR7               2.797
    VAR8               6.080

 VAR3     WITH
    VAR4              54.955
    VAR5             697.609
    VAR6             963.493
    VAR7             692.349
    VAR8             625.367

 VAR4     WITH
    VAR5              55.954
    VAR6              -2.178
    VAR7              34.523
    VAR8             102.167

 VAR5     WITH
    VAR6             852.152
    VAR7             449.992
    VAR8            1057.230

 VAR6     WITH
    VAR7             445.762
    VAR8            1609.472

 VAR7     WITH
    VAR8             511.587

 Means
    VAR1               1.243
    VAR2               1.158
    VAR3             -45.015
    VAR4              20.403
    VAR5              48.767
    VAR6              46.212
    VAR7               3.025
    VAR8              43.439

 Variances
    VAR1               0.119
    VAR2               0.181
    VAR3            2630.353
    VAR4             801.757
    VAR5            1892.794
    VAR6            6185.955
    VAR7            1328.244
    VAR8            2029.618

Latent Class 2

 VAR1     WITH
    VAR2              -0.017
    VAR3              -2.206
    VAR4              -0.242
    VAR5              -2.329
    VAR6              -2.431
    VAR7              -0.762
    VAR8              -3.336

 VAR2     WITH
    VAR3              -0.141
    VAR4               0.663
    VAR5               0.781
    VAR6               8.543
    VAR7               2.797
    VAR8               6.080

 VAR3     WITH
    VAR4              54.955
    VAR5             697.609
    VAR6             963.493
    VAR7             692.349
    VAR8             625.367

 VAR4     WITH
    VAR5              55.954
    VAR6              -2.178
    VAR7              34.523
    VAR8             102.167

 VAR5     WITH
    VAR6             852.152
    VAR7             449.992
    VAR8            1057.230

 VAR6     WITH
    VAR7             445.762
    VAR8            1609.472

 VAR7     WITH
    VAR8             511.587

 Means
    VAR1               1.024
    VAR2               1.491
    VAR3              38.820
    VAR4              33.165
    VAR5             166.939
    VAR6             160.684
    VAR7              43.066
    VAR8             139.773

 Variances
    VAR1               0.119
    VAR2               0.181
    VAR3            2630.353
    VAR4             801.757
    VAR5            1892.794
    VAR6            6185.955
    VAR7            1328.244
    VAR8            2029.618

Categorical Latent Variables

 Means
    CLASS#1            0.343


MODEL COMMAND WITH FINAL ESTIMATES USED AS STARTING VALUES

     %OVERALL%

     [ class#1*0.34255 ];

     %CLASS#1%

     var1 WITH var2*-0.01667 (10);
     var1 WITH var3*-2.20603 (12);
     var1 WITH var4*-0.24234 (15);
     var1 WITH var5*-2.32855 (19);
     var1 WITH var6*-2.43094 (24);
     var1 WITH var7*-0.76236 (30);
     var1 WITH var8*-3.33611 (37);
     var2 WITH var3*-0.14109 (13);
     var2 WITH var4*0.66302 (16);
     var2 WITH var5*0.78116 (20);
     var2 WITH var6*8.54298 (25);
     var2 WITH var7*2.79704 (31);
     var2 WITH var8*6.08042 (38);
     var3 WITH var4*54.95464 (17);
     var3 WITH var5*697.60931 (21);
     var3 WITH var6*963.49268 (26);
     var3 WITH var7*692.34949 (32);
     var3 WITH var8*625.36664 (39);
     var4 WITH var5*55.95436 (22);
     var4 WITH var6*-2.17843 (27);
     var4 WITH var7*34.52330 (33);
     var4 WITH var8*102.16724 (40);
     var5 WITH var6*852.15167 (28);
     var5 WITH var7*449.99170 (34);
     var5 WITH var8*1057.22961 (41);
     var6 WITH var7*445.76175 (35);
     var6 WITH var8*1609.47180 (42);
     var7 WITH var8*511.58698 (43);

     [ var1*1.24338 ];
     [ var2*1.15805 ];
     [ var3*-45.01499 ];
     [ var4*20.40332 ];
     [ var5*48.76661 ];
     [ var6*46.21160 ];
     [ var7*3.02542 ];
     [ var8*43.43940 ];

     var1*0.11871 (9);
     var2*0.18078 (11);
     var3*2630.35254 (14);
     var4*801.75665 (18);
     var5*1892.79358 (23);
     var6*6185.95508 (29);
     var7*1328.24402 (36);
     var8*2029.61755 (44);

     %CLASS#2%

     var1 WITH var2*-0.01667 (10);
     var1 WITH var3*-2.20603 (12);
     var1 WITH var4*-0.24234 (15);
     var1 WITH var5*-2.32855 (19);
     var1 WITH var6*-2.43094 (24);
     var1 WITH var7*-0.76236 (30);
     var1 WITH var8*-3.33611 (37);
     var2 WITH var3*-0.14109 (13);
     var2 WITH var4*0.66302 (16);
     var2 WITH var5*0.78116 (20);
     var2 WITH var6*8.54298 (25);
     var2 WITH var7*2.79704 (31);
     var2 WITH var8*6.08042 (38);
     var3 WITH var4*54.95464 (17);
     var3 WITH var5*697.60931 (21);
     var3 WITH var6*963.49268 (26);
     var3 WITH var7*692.34949 (32);
     var3 WITH var8*625.36664 (39);
     var4 WITH var5*55.95436 (22);
     var4 WITH var6*-2.17843 (27);
     var4 WITH var7*34.52330 (33);
     var4 WITH var8*102.16724 (40);
     var5 WITH var6*852.15167 (28);
     var5 WITH var7*449.99170 (34);
     var5 WITH var8*1057.22961 (41);
     var6 WITH var7*445.76175 (35);
     var6 WITH var8*1609.47180 (42);
     var7 WITH var8*511.58698 (43);

     [ var1*1.02449 ];
     [ var2*1.49099 ];
     [ var3*38.81991 ];
     [ var4*33.16519 ];
     [ var5*166.93948 ];
     [ var6*160.68385 ];
     [ var7*43.06602 ];
     [ var8*139.77341 ];

     var1*0.11871 (9);
     var2*0.18078 (11);
     var3*2630.35254 (14);
     var4*801.75665 (18);
     var5*1892.79358 (23);
     var6*6185.95508 (29);
     var7*1328.24402 (36);
     var8*2029.61755 (44);



TECHNICAL 1 OUTPUT


     PARAMETER SPECIFICATION FOR LATENT CLASS 1


           NU
              VAR1          VAR2          VAR3          VAR4          VAR5
              ________      ________      ________      ________      ________
                    1             2             3             4             5


           NU
              VAR6          VAR7          VAR8
              ________      ________      ________
                    6             7             8


           THETA
              VAR1          VAR2          VAR3          VAR4          VAR5
              ________      ________      ________      ________      ________
 VAR1               9
 VAR2              10            11
 VAR3              12            13            14
 VAR4              15            16            17            18
 VAR5              19            20            21            22            23
 VAR6              24            25            26            27            28
 VAR7              30            31            32            33            34
 VAR8              37            38            39            40            41


           THETA
              VAR6          VAR7          VAR8
              ________      ________      ________
 VAR6              29
 VAR7              35            36
 VAR8              42            43            44


     PARAMETER SPECIFICATION FOR LATENT CLASS 2


           NU
              VAR1          VAR2          VAR3          VAR4          VAR5
              ________      ________      ________      ________      ________
                   45            46            47            48            49


           NU
              VAR6          VAR7          VAR8
              ________      ________      ________
                   50            51            52


           THETA
              VAR1          VAR2          VAR3          VAR4          VAR5
              ________      ________      ________      ________      ________
 VAR1               9
 VAR2              10            11
 VAR3              12            13            14
 VAR4              15            16            17            18
 VAR5              19            20            21            22            23
 VAR6              24            25            26            27            28
 VAR7              30            31            32            33            34
 VAR8              37            38            39            40            41


           THETA
              VAR6          VAR7          VAR8
              ________      ________      ________
 VAR6              29
 VAR7              35            36
 VAR8              42            43            44


     PARAMETER SPECIFICATION FOR LATENT CLASS REGRESSION MODEL PART


           ALPHA(C)
              CLASS#1       CLASS#2
              ________      ________
                   53             0


     STARTING VALUES FOR LATENT CLASS 1


           NU
              VAR1          VAR2          VAR3          VAR4          VAR5
              ________      ________      ________      ________      ________
                0.793         0.838       -76.573        -3.387        24.448


           NU
              VAR6          VAR7          VAR8
              ________      ________      ________
               -3.751       -22.045        17.417


           THETA
              VAR1          VAR2          VAR3          VAR4          VAR5
              ________      ________      ________      ________      ________
 VAR1           0.065
 VAR2           0.000         0.104
 VAR3           0.000         0.000      2164.179
 VAR4           0.000         0.000         0.000       420.552
 VAR5           0.000         0.000         0.000         0.000      2633.318
 VAR6           0.000         0.000         0.000         0.000         0.000
 VAR7           0.000         0.000         0.000         0.000         0.000
 VAR8           0.000         0.000         0.000         0.000         0.000


           THETA
              VAR6          VAR7          VAR8
              ________      ________      ________
 VAR6        4675.900
 VAR7           0.000       857.791
 VAR8           0.000         0.000      2135.842


     STARTING VALUES FOR LATENT CLASS 2


           NU
              VAR1          VAR2          VAR3          VAR4          VAR5
              ________      ________      ________      ________      ________
                1.515         1.750        55.007        54.616       169.591


           NU
              VAR6          VAR7          VAR8
              ________      ________      ________
              189.658        60.795       148.133


           THETA
              VAR1          VAR2          VAR3          VAR4          VAR5
              ________      ________      ________      ________      ________
 VAR1           0.065
 VAR2           0.000         0.104
 VAR3           0.000         0.000      2164.179
 VAR4           0.000         0.000         0.000       420.552
 VAR5           0.000         0.000         0.000         0.000      2633.318
 VAR6           0.000         0.000         0.000         0.000         0.000
 VAR7           0.000         0.000         0.000         0.000         0.000
 VAR8           0.000         0.000         0.000         0.000         0.000


           THETA
              VAR6          VAR7          VAR8
              ________      ________      ________
 VAR6        4675.900
 VAR7           0.000       857.791
 VAR8           0.000         0.000      2135.842


     STARTING VALUES FOR LATENT CLASS REGRESSION MODEL PART


           ALPHA(C)
              CLASS#1       CLASS#2
              ________      ________
                0.000         0.000


SAVEDATA INFORMATION


  Save file
    test_model3_lca_2.dat SAVE = cprobabilites bchweights

  Order and format of variables

    VAR1           F10.3
    VAR2           F10.3
    VAR3           F10.3
    VAR4           F10.3
    VAR5           F10.3
    VAR6           F10.3
    VAR7           F10.3
    VAR8           F10.3
    ID             I5

  Save file format
    8F10.3 I5

  Save file record length    10000


     Beginning Time:  10:08:31
        Ending Time:  10:08:33
       Elapsed Time:  00:00:02



MUTHEN & MUTHEN
3463 Stoner Ave.
Los Angeles, CA  90066

Tel: (310) 391-9971
Fax: (310) 391-8971
Web: www.StatModel.com
Support: Support@StatModel.com

Copyright (c) 1998-2019 Muthen & Muthen
