Mplus VERSION 8.4
MUTHEN & MUTHEN
09/16/2024   6:16 PM

INPUT INSTRUCTIONS


  TITLE: test3 classes
  DATA: FILE IS test_model2_lca.dat;

  VARIABLE:
  NAMES = id var1 var2 var3 var4 var5 var6 var7 var8;
  IDVARIABLE = id;
  USEVARIABLES = var1 var6 var7 var8;
  CATEGORICAL = var1;
  CENSORED = var6 (b) var8 (bi);
  COUNT = var7 (nbi);
  AUXILIARY = var2 var3 var4 var5;
  MISSING = .;
  CLASSES = class (3);

  MODEL:
  %CLASS#1%
  [ var7#1 ];
  [ var8#1 ];
  var6;
  var7;
  var8;
  %CLASS#2%
  [ var7#1 ];
  [ var8#1 ];
  var6;
  var7;
  var8;
  %CLASS#3%
  [ var7#1 ];
  [ var8#1 ];
  var6;
  var7;
  var8;

  ANALYSIS:
  TYPE = MIXTURE;
  PROCESSORS = 16;
  STITERATIONS = 4;
  STARTS = 20 4;

  OUTPUT:
  SVALUES ENTROPY TECH1 TECH4;
  PLOT: TYPE=PLOT1 PLOT2 PLOT3;
  SAVEDATA:
  FILE IS test_model2_lca_3.dat
  SAVE = cprobabilites bchweights;



INPUT READING TERMINATED NORMALLY



test3 classes

SUMMARY OF ANALYSIS

Number of groups                                                 1
Number of observations                                        1000

Number of dependent variables                                    4
Number of independent variables                                  0
Number of continuous latent variables                            0
Number of categorical latent variables                           1

Observed dependent variables

  Censored
   VAR7        VAR6        VAR8

  Binary and ordered categorical (ordinal)
   VAR1

  Count
   VAR7

Observed auxiliary variables
   VAR2        VAR3        VAR4        VAR5

Categorical latent variables
   CLASS

Variables with special functions

  ID variable           ID

Estimator                                                      MLR
Information matrix                                        OBSERVED
Optimization Specifications for the Quasi-Newton Algorithm for
Continuous Outcomes
  Maximum number of iterations                                 100
  Convergence criterion                                  0.100D-05
Optimization Specifications for the EM Algorithm
  Maximum number of iterations                                 500
  Convergence criteria
    Loglikelihood change                                 0.100D-06
    Relative loglikelihood change                        0.100D-06
    Derivative                                           0.100D-05
Optimization Specifications for the M step of the EM Algorithm for
Categorical Latent variables
  Number of M step iterations                                    1
  M step convergence criterion                           0.100D-05
  Basis for M step termination                           ITERATION
Optimization Specifications for the M step of the EM Algorithm for
Censored, Binary or Ordered Categorical (Ordinal), Unordered
Categorical (Nominal) and Count Outcomes
  Number of M step iterations                                    1
  M step convergence criterion                           0.100D-05
  Basis for M step termination                           ITERATION
  Maximum value for logit thresholds                            15
  Minimum value for logit thresholds                           -15
  Minimum expected cell size for chi-square              0.100D-01
Maximum number of iterations for H1                           2000
Convergence criterion for H1                             0.100D-03
Optimization algorithm                                         EMA
Random Starts Specifications
  Number of initial stage random starts                         20
  Number of final stage optimizations                            4
  Number of initial stage iterations                             4
  Initial stage convergence criterion                    0.100D+01
  Random starts scale                                    0.500D+01
  Random seed for generating random starts                       0
Link                                                         LOGIT

Input data file(s)
  test_model2_lca.dat
Input data format  FREE


SUMMARY OF DATA

     Number of missing data patterns             1
     Number of y missing data patterns           0
     Number of u missing data patterns           1


COVARIANCE COVERAGE OF DATA

Minimum covariance coverage value   0.100


UNIVARIATE PROPORTIONS AND COUNTS FOR CATEGORICAL VARIABLES

    VAR1
      Category 1    0.846          846.000
      Category 2    0.154          154.000


SUMMARY OF CENSORED LIMITS

      VAR7           99999.000
      VAR6               0.000
      VAR8               0.000


COUNT PROPORTION OF ZERO, MINIMUM AND MAXIMUM VALUES

      VAR7        0.319         0       350


RANDOM STARTS RESULTS RANKED FROM THE BEST TO THE WORST LOGLIKELIHOOD VALUES


4 perturbed starting value run(s) did not converge.
Final stage loglikelihood values at local maxima, seeds, and initial stage start numbers:

          -12835.150  27071            15
          -12835.150  637345           19

Unperturbed starting value run did not converge.

1 perturbed starting value run(s) did not converge.



THE BEST LOGLIKELIHOOD VALUE HAS BEEN REPLICATED.  RERUN WITH AT LEAST TWICE THE
RANDOM STARTS TO CHECK THAT THE BEST LOGLIKELIHOOD IS STILL OBTAINED AND REPLICATED.

     IN THE OPTIMIZATION, ONE OR MORE LOGIT SCALE PARAMETERS APPROACHED EXTREME VALUES
     OF -15.000 AND 15.000 AND WERE FIXED TO STABILIZE MODEL ESTIMATION.  THESE
     VALUES IMPLY PROBABILITIES OF 0 AND 1.  IN THE MODEL RESULTS SECTION, THESE
     PARAMETERS HAVE 0 STANDARD ERRORS AND 999 IN THE Z-SCORE AND P-VALUE COLUMNS.


THE MODEL ESTIMATION TERMINATED NORMALLY



MODEL FIT INFORMATION

Number of Free Parameters                       29

Loglikelihood

          H0 Value                      -12835.150
          H0 Scaling Correction Factor      2.1059
            for MLR

Information Criteria

          Akaike (AIC)                   25728.300
          Bayesian (BIC)                 25870.624
          Sample-Size Adjusted BIC       25778.519
            (n* = (n + 2) / 24)

Chi-Square Test of Model Fit for the Binary and Ordered Categorical
(Ordinal) Outcomes

          Pearson Chi-Square

          Value                              0.000
          Degrees of freedom cannot be computed for this model part.

          Likelihood Ratio Chi-Square

          Value                              0.000
          Degrees of freedom cannot be computed for this model part.



FINAL CLASS COUNTS AND PROPORTIONS FOR THE LATENT CLASSES
BASED ON THE ESTIMATED MODEL

    Latent
   Classes

       1        325.12220          0.32512
       2        274.14460          0.27414
       3        400.73320          0.40073


FINAL CLASS COUNTS AND PROPORTIONS FOR THE LATENT CLASSES
BASED ON ESTIMATED POSTERIOR PROBABILITIES

    Latent
   Classes

       1        325.12220          0.32512
       2        274.14460          0.27414
       3        400.73320          0.40073


FINAL CLASS COUNTS AND PROPORTIONS FOR THE LATENT CLASSES
BASED ON THEIR MOST LIKELY LATENT CLASS MEMBERSHIP

Class Counts and Proportions

    Latent
   Classes

       1              330          0.33000
       2              279          0.27900
       3              391          0.39100


CLASSIFICATION QUALITY

     Entropy                         0.869


           Univariate Entropy
              VAR7          VAR1
              ________      ________
              999.000       999.000       999.000         0.094


Classification Probabilities for the Most Likely Latent Class Membership (Column)
by Latent Class (Row)

           1        2        3

    1   0.979    0.021    0.000
    2   0.042    0.905    0.053
    3   0.001    0.060    0.939


Logits for the Classification Probabilities for the Most Likely Latent Class Membership (Column)
by Latent Class (Row)

              1        2        3

    1     13.794    9.969    0.000
    2     -0.226    2.837    0.000
    3     -7.412   -2.751    0.000


MODEL RESULTS

                                                    Two-Tailed
                    Estimate       S.E.  Est./S.E.    P-Value

Latent Class 1

 Means
    VAR7#1           -15.000      0.000    999.000    999.000
    VAR7              -1.457      0.385     -3.784      0.000
    VAR6               5.497      2.582      2.129      0.033
    VAR8#1             0.758      0.364      2.083      0.037
    VAR8              60.450      2.004     30.161      0.000

 Thresholds
    VAR1$1             0.672      0.132      5.073      0.000

 Variances
    VAR6              36.762     43.737      0.841      0.401
    VAR8             292.449     43.426      6.734      0.000

 Dispersion
    VAR7               0.178      0.477      0.373      0.709

Latent Class 2

 Means
    VAR7#1           -15.000      0.000    999.000    999.000
    VAR7               1.185      0.589      2.013      0.044
    VAR6              70.941     16.675      4.254      0.000
    VAR8#1           -15.000      0.000    999.000    999.000
    VAR8              69.971     13.140      5.325      0.000

 Thresholds
    VAR1$1             1.711      0.621      2.754      0.006

 Variances
    VAR6            1592.116    230.701      6.901      0.000
    VAR8            1425.067    299.061      4.765      0.000

 Dispersion
    VAR7               1.046      0.190      5.515      0.000

Latent Class 3

 Means
    VAR7#1           -15.000      0.000    999.000    999.000
    VAR7               3.827      0.110     34.726      0.000
    VAR6             178.766      9.962     17.944      0.000
    VAR8#1            -4.175      0.535     -7.810      0.000
    VAR8             144.175      5.471     26.350      0.000

 Thresholds
    VAR1$1             5.237      0.722      7.251      0.000

 Variances
    VAR6            8356.346   1820.653      4.590      0.000
    VAR8            1998.123    145.473     13.735      0.000

 Dispersion
    VAR7               1.222      0.087     13.984      0.000

Categorical Latent Variables

 Means
    CLASS#1           -0.209      0.297     -0.704      0.481
    CLASS#2           -0.380      0.139     -2.741      0.006


RESULTS IN PROBABILITY SCALE

Latent Class 1

 VAR1
    Category 1         0.662      0.030     22.336      0.000
    Category 2         0.338      0.030     11.409      0.000

Latent Class 2

 VAR1
    Category 1         0.847      0.081     10.519      0.000
    Category 2         0.153      0.081      1.901      0.057

Latent Class 3

 VAR1
    Category 1         0.995      0.004    261.919      0.000
    Category 2         0.005      0.004      1.392      0.164


LATENT CLASS ODDS RATIO RESULTS

                                         (Est. - 1) Two-Tailed
                    Estimate       S.E.     / S.E.    P-Value

Latent Class 1 Compared to Latent Class 2

 VAR1
    Category > 1       2.827      1.933      0.945      0.345

Latent Class 1 Compared to Latent Class 3

 VAR1
    Category > 1      96.116     69.586      1.367      0.172

Latent Class 2 Compared to Latent Class 3

 VAR1
    Category > 1      34.005     35.768      0.923      0.356


QUALITY OF NUMERICAL RESULTS

     Condition Number for the Information Matrix              0.190E-08
       (ratio of smallest to largest eigenvalue)


MODEL COMMAND WITH FINAL ESTIMATES USED AS STARTING VALUES

     %OVERALL%

     [ class#1*-0.20909 ];
     [ class#2*-0.37964 ];

     %CLASS#1%

     [ var7#1*-15 ];
     [ var7*-1.45726 ];
     [ var6*5.49746 ];
     [ var8#1*0.75779 ];
     [ var8*60.45017 ];

     [ var1$1*0.67179 ];

     var7*0.17783;
     var6*36.76243;
     var8*292.44873;

     %CLASS#2%

     [ var7#1*-15 ];
     [ var7*1.18543 ];
     [ var6*70.94086 ];
     [ var8#1*-15 ];
     [ var8*69.97112 ];

     [ var1$1*1.71085 ];

     var7*1.04598;
     var6*1592.11609;
     var8*1425.06726;

     %CLASS#3%

     [ var7#1*-15 ];
     [ var7*3.82693 ];
     [ var6*178.76561 ];
     [ var8#1*-4.17466 ];
     [ var8*144.17497 ];

     [ var1$1*5.23735 ];

     var7*1.22204;
     var6*8356.34570;
     var8*1998.12341;



TECHNICAL 1 OUTPUT


     PARAMETER SPECIFICATION FOR LATENT CLASS 1


     PARAMETER SPECIFICATION FOR LATENT CLASS 2


     PARAMETER SPECIFICATION FOR LATENT CLASS 3


     PARAMETER SPECIFICATION FOR LATENT CLASS INDICATOR MODEL PART


           TAU(U) FOR LATENT CLASS 1
              VAR1$1
              ________
                    1


           TAU(U) FOR LATENT CLASS 2
              VAR1$1
              ________
                    2


           TAU(U) FOR LATENT CLASS 3
              VAR1$1
              ________
                    3


     PARAMETER SPECIFICATION FOR LATENT CLASS REGRESSION MODEL PART


           ALPHA(C)
              CLASS#1       CLASS#2       CLASS#3
              ________      ________      ________
                    4             5             0


     PARAMETER SPECIFICATION FOR THE CENSORED/NOMINAL/COUNT MODEL PART


           NU(P) FOR LATENT CLASS 1
              VAR7#1        VAR7          VAR6#1        VAR6          VAR8#1
              ________      ________      ________      ________      ________
                    6             7             0             8             9


           NU(P) FOR LATENT CLASS 1
              VAR8
              ________
                   10


           THETA(C) FOR CLASS LATENT CLASS 1
              VAR7          VAR6          VAR8
              ________      ________      ________
                   11            12            13


           NU(P) FOR LATENT CLASS 2
              VAR7#1        VAR7          VAR6#1        VAR6          VAR8#1
              ________      ________      ________      ________      ________
                   14            15             0            16            17


           NU(P) FOR LATENT CLASS 2
              VAR8
              ________
                   18


           THETA(C) FOR CLASS LATENT CLASS 2
              VAR7          VAR6          VAR8
              ________      ________      ________
                   19            20            21


           NU(P) FOR LATENT CLASS 3
              VAR7#1        VAR7          VAR6#1        VAR6          VAR8#1
              ________      ________      ________      ________      ________
                   22            23             0            24            25


           NU(P) FOR LATENT CLASS 3
              VAR8
              ________
                   26


           THETA(C) FOR CLASS LATENT CLASS 3
              VAR7          VAR6          VAR8
              ________      ________      ________
                   27            28            29


     STARTING VALUES FOR LATENT CLASS 1


     STARTING VALUES FOR LATENT CLASS 2


     STARTING VALUES FOR LATENT CLASS 3


     STARTING VALUES FOR LATENT CLASS INDICATOR MODEL PART


           TAU(U) FOR LATENT CLASS 1
              VAR1$1
              ________
                0.704


           TAU(U) FOR LATENT CLASS 2
              VAR1$1
              ________
                1.704


           TAU(U) FOR LATENT CLASS 3
              VAR1$1
              ________
                2.704


     STARTING VALUES FOR LATENT CLASS REGRESSION MODEL PART


           ALPHA(C)
              CLASS#1       CLASS#2       CLASS#3
              ________      ________      ________
                0.000         0.000         0.000


     STARTING VALUES FOR THE CENSORED/NOMINAL/COUNT MODEL PART


           NU(P) FOR LATENT CLASS 1
              VAR7#1        VAR7          VAR6#1        VAR6          VAR8#1
              ________      ________      ________      ________      ________
               -0.200         3.672       -20.000        -3.751        -1.046


           NU(P) FOR LATENT CLASS 1
              VAR8
              ________
               17.417


           THETA(C) FOR LATENT CLASS 1
              VAR7          VAR6          VAR8
              ________      ________      ________
                4.519      4675.900      2135.842


           NU(P) FOR LATENT CLASS 2
              VAR7#1        VAR7          VAR6#1        VAR6          VAR8#1
              ________      ________      ________      ________      ________
               -0.200         4.672       -20.000        92.953        -1.046


           NU(P) FOR LATENT CLASS 2
              VAR8
              ________
               82.775


           THETA(C) FOR LATENT CLASS 2
              VAR7          VAR6          VAR8
              ________      ________      ________
                4.519      4675.900      2135.842


           NU(P) FOR LATENT CLASS 3
              VAR7#1        VAR7          VAR6#1        VAR6          VAR8#1
              ________      ________      ________      ________      ________
               -0.200         5.672       -20.000       189.658        -1.046


           NU(P) FOR LATENT CLASS 3
              VAR8
              ________
              148.133


           THETA(C) FOR LATENT CLASS 3
              VAR7          VAR6          VAR8
              ________      ________      ________
                4.519      4675.900      2135.842


TECHNICAL 4 OUTPUT


PLOT INFORMATION

The following plots are available:

  Histograms (sample values)
  Scatterplots (sample values)
  Sample proportions and estimated probabilities

SAVEDATA INFORMATION


  Save file
    test_model2_lca_3.dat SAVE = cprobabilites bchweights

  Order and format of variables

    VAR7           F10.3
    VAR6           F10.3
    VAR8           F10.3
    VAR1           F10.3
    VAR2           F10.3
    VAR3           F10.3
    VAR4           F10.3
    VAR5           F10.3
    CPROB1         F10.3
    CPROB2         F10.3
    CPROB3         F10.3
    CLASS          F10.3
    ID             I5

  Save file format
    12F10.3 I5

  Save file record length    10000


     Beginning Time:  18:16:50
        Ending Time:  18:16:54
       Elapsed Time:  00:00:04



MUTHEN & MUTHEN
3463 Stoner Ave.
Los Angeles, CA  90066

Tel: (310) 391-9971
Fax: (310) 391-8971
Web: www.StatModel.com
Support: Support@StatModel.com

Copyright (c) 1998-2019 Muthen & Muthen
