Mplus VERSION 8.4
MUTHEN & MUTHEN
09/16/2024   6:10 PM

INPUT INSTRUCTIONS


  TITLE: test2 classes
  DATA: FILE IS test_model1_lca.dat;

  VARIABLE:
  NAMES = id var1 var2 var3 var4 var5 var6 var7 var8;
  IDVARIABLE = id;
  USEVARIABLES = var1 var6 var7 var8;
  CATEGORICAL = var1;
  CENSORED = var6 (b) var8 (bi);
  COUNT = var7 (nbi);
  AUXILIARY = var2 var3 var4 var5;
  MISSING = .;
  CLASSES = class (2);

  MODEL:
  %CLASS#1%
  [ var7#1 ];
  [ var8#1 ];
  %CLASS#2%
  [ var7#1 ];
  [ var8#1 ];

  ANALYSIS:
  TYPE = MIXTURE;
  PROCESSORS = 16;
  STITERATIONS = 4;
  STARTS = 20 4;

  OUTPUT:
  SVALUES ENTROPY TECH1 TECH4;
  PLOT: TYPE=PLOT1 PLOT2 PLOT3;
  SAVEDATA:
  FILE IS test_model1_lca_2.dat
  SAVE = cprobabilites bchweights;



INPUT READING TERMINATED NORMALLY



test2 classes

SUMMARY OF ANALYSIS

Number of groups                                                 1
Number of observations                                        1000

Number of dependent variables                                    4
Number of independent variables                                  0
Number of continuous latent variables                            0
Number of categorical latent variables                           1

Observed dependent variables

  Censored
   VAR7        VAR6        VAR8

  Binary and ordered categorical (ordinal)
   VAR1

  Count
   VAR7

Observed auxiliary variables
   VAR2        VAR3        VAR4        VAR5

Categorical latent variables
   CLASS

Variables with special functions

  ID variable           ID

Estimator                                                      MLR
Information matrix                                        OBSERVED
Optimization Specifications for the Quasi-Newton Algorithm for
Continuous Outcomes
  Maximum number of iterations                                 100
  Convergence criterion                                  0.100D-05
Optimization Specifications for the EM Algorithm
  Maximum number of iterations                                 500
  Convergence criteria
    Loglikelihood change                                 0.100D-06
    Relative loglikelihood change                        0.100D-06
    Derivative                                           0.100D-05
Optimization Specifications for the M step of the EM Algorithm for
Categorical Latent variables
  Number of M step iterations                                    1
  M step convergence criterion                           0.100D-05
  Basis for M step termination                           ITERATION
Optimization Specifications for the M step of the EM Algorithm for
Censored, Binary or Ordered Categorical (Ordinal), Unordered
Categorical (Nominal) and Count Outcomes
  Number of M step iterations                                    1
  M step convergence criterion                           0.100D-05
  Basis for M step termination                           ITERATION
  Maximum value for logit thresholds                            15
  Minimum value for logit thresholds                           -15
  Minimum expected cell size for chi-square              0.100D-01
Maximum number of iterations for H1                           2000
Convergence criterion for H1                             0.100D-03
Optimization algorithm                                         EMA
Random Starts Specifications
  Number of initial stage random starts                         20
  Number of final stage optimizations                            4
  Number of initial stage iterations                             4
  Initial stage convergence criterion                    0.100D+01
  Random starts scale                                    0.500D+01
  Random seed for generating random starts                       0
Link                                                         LOGIT

Input data file(s)
  test_model1_lca.dat
Input data format  FREE


SUMMARY OF DATA

     Number of missing data patterns             1
     Number of y missing data patterns           0
     Number of u missing data patterns           1


COVARIANCE COVERAGE OF DATA

Minimum covariance coverage value   0.100


UNIVARIATE PROPORTIONS AND COUNTS FOR CATEGORICAL VARIABLES

    VAR1
      Category 1    0.846          846.000
      Category 2    0.154          154.000


SUMMARY OF CENSORED LIMITS

      VAR7           99999.000
      VAR6               0.000
      VAR8               0.000


COUNT PROPORTION OF ZERO, MINIMUM AND MAXIMUM VALUES

      VAR7        0.319         0       350


RANDOM STARTS RESULTS RANKED FROM THE BEST TO THE WORST LOGLIKELIHOOD VALUES

Final stage loglikelihood values at local maxima, seeds, and initial stage start numbers:

          -13482.181  127215           9
          -13482.181  107446           12
          -13482.181  unperturbed      0
          -13484.439  637345           19



THE BEST LOGLIKELIHOOD VALUE HAS BEEN REPLICATED.  RERUN WITH AT LEAST TWICE THE
RANDOM STARTS TO CHECK THAT THE BEST LOGLIKELIHOOD IS STILL OBTAINED AND REPLICATED.

     IN THE OPTIMIZATION, ONE OR MORE LOGIT SCALE PARAMETERS APPROACHED EXTREME VALUES
     OF -15.000 AND 15.000 AND WERE FIXED TO STABILIZE MODEL ESTIMATION.  THESE
     VALUES IMPLY PROBABILITIES OF 0 AND 1.  IN THE MODEL RESULTS SECTION, THESE
     PARAMETERS HAVE 0 STANDARD ERRORS AND 999 IN THE Z-SCORE AND P-VALUE COLUMNS.


THE MODEL ESTIMATION TERMINATED NORMALLY



MODEL FIT INFORMATION

Number of Free Parameters                       16

Loglikelihood

          H0 Value                      -13482.181
          H0 Scaling Correction Factor      1.7957
            for MLR

Information Criteria

          Akaike (AIC)                   26996.362
          Bayesian (BIC)                 27074.886
          Sample-Size Adjusted BIC       27024.069
            (n* = (n + 2) / 24)

Chi-Square Test of Model Fit for the Binary and Ordered Categorical
(Ordinal) Outcomes

          Pearson Chi-Square

          Value                              0.000
          Degrees of freedom cannot be computed for this model part.

          Likelihood Ratio Chi-Square

          Value                              0.000
          Degrees of freedom cannot be computed for this model part.



FINAL CLASS COUNTS AND PROPORTIONS FOR THE LATENT CLASSES
BASED ON THE ESTIMATED MODEL

    Latent
   Classes

       1        529.85476          0.52985
       2        470.14524          0.47015


FINAL CLASS COUNTS AND PROPORTIONS FOR THE LATENT CLASSES
BASED ON ESTIMATED POSTERIOR PROBABILITIES

    Latent
   Classes

       1        529.85476          0.52985
       2        470.14524          0.47015


FINAL CLASS COUNTS AND PROPORTIONS FOR THE LATENT CLASSES
BASED ON THEIR MOST LIKELY LATENT CLASS MEMBERSHIP

Class Counts and Proportions

    Latent
   Classes

       1              532          0.53200
       2              468          0.46800


CLASSIFICATION QUALITY

     Entropy                         0.892


           Univariate Entropy
              VAR7          VAR1
              ________      ________
              999.000       999.000       999.000         0.141


Classification Probabilities for the Most Likely Latent Class Membership (Column)
by Latent Class (Row)

           1        2

    1   0.972    0.028
    2   0.036    0.964


Logits for the Classification Probabilities for the Most Likely Latent Class Membership (Column)
by Latent Class (Row)

              1        2

    1      3.562    0.000
    2     -3.297    0.000


MODEL RESULTS

                                                    Two-Tailed
                    Estimate       S.E.  Est./S.E.    P-Value

Latent Class 1

 Means
    VAR7#1           -15.000      0.000    999.000    999.000
    VAR7              -0.326      0.114     -2.848      0.004
    VAR6              27.945      2.677     10.439      0.000
    VAR8#1            -0.211      0.102     -2.070      0.038
    VAR8              62.934      1.966     32.007      0.000

 Thresholds
    VAR1$1             0.918      0.101      9.068      0.000

 Variances
    VAR6            5014.890    880.724      5.694      0.000
    VAR8            1576.783    111.885     14.093      0.000

 Dispersion
    VAR7               1.270      0.068     18.545      0.000

Latent Class 2

 Means
    VAR7#1           -15.000      0.000    999.000    999.000
    VAR7               3.699      0.066     55.816      0.000
    VAR6             163.997      4.291     38.220      0.000
    VAR8#1            -5.323      0.887     -6.000      0.000
    VAR8             136.933      2.507     54.619      0.000

 Thresholds
    VAR1$1             5.120      0.651      7.864      0.000

 Variances
    VAR6            5014.890    880.724      5.694      0.000
    VAR8            1576.783    111.885     14.093      0.000

 Dispersion
    VAR7               1.270      0.068     18.545      0.000

Categorical Latent Variables

 Means
    CLASS#1            0.120      0.075      1.588      0.112


RESULTS IN PROBABILITY SCALE

Latent Class 1

 VAR1
    Category 1         0.715      0.021     34.615      0.000
    Category 2         0.285      0.021     13.823      0.000

Latent Class 2

 VAR1
    Category 1         0.994      0.004    258.626      0.000
    Category 2         0.006      0.004      1.545      0.122


LATENT CLASS ODDS RATIO RESULTS

                                         (Est. - 1) Two-Tailed
                    Estimate       S.E.     / S.E.    P-Value

Latent Class 1 Compared to Latent Class 2

 VAR1
    Category > 1      66.849     44.296      1.487      0.137


QUALITY OF NUMERICAL RESULTS

     Condition Number for the Information Matrix              0.469E-07
       (ratio of smallest to largest eigenvalue)


MODEL COMMAND WITH FINAL ESTIMATES USED AS STARTING VALUES

     %OVERALL%

     [ class#1*0.11956 ];

     %CLASS#1%

     [ var7#1*-15 ];
     [ var7*-0.32607 ];
     [ var6*27.94482 ];
     [ var8#1*-0.21129 ];
     [ var8*62.93438 ];

     [ var1$1*0.91795 ];

     var7*1.26956 (9);
     var6*5014.88965 (10);
     var8*1576.78296 (11);

     %CLASS#2%

     [ var7#1*-15 ];
     [ var7*3.69876 ];
     [ var6*163.99748 ];
     [ var8#1*-5.32289 ];
     [ var8*136.93285 ];

     [ var1$1*5.12039 ];

     var7*1.26956 (9);
     var6*5014.88965 (10);
     var8*1576.78296 (11);



TECHNICAL 1 OUTPUT


     PARAMETER SPECIFICATION FOR LATENT CLASS 1


     PARAMETER SPECIFICATION FOR LATENT CLASS 2


     PARAMETER SPECIFICATION FOR LATENT CLASS INDICATOR MODEL PART


           TAU(U) FOR LATENT CLASS 1
              VAR1$1
              ________
                    1


           TAU(U) FOR LATENT CLASS 2
              VAR1$1
              ________
                    2


     PARAMETER SPECIFICATION FOR LATENT CLASS REGRESSION MODEL PART


           ALPHA(C)
              CLASS#1       CLASS#2
              ________      ________
                    3             0


     PARAMETER SPECIFICATION FOR THE CENSORED/NOMINAL/COUNT MODEL PART


           NU(P) FOR LATENT CLASS 1
              VAR7#1        VAR7          VAR6#1        VAR6          VAR8#1
              ________      ________      ________      ________      ________
                    4             5             0             6             7


           NU(P) FOR LATENT CLASS 1
              VAR8
              ________
                    8


           THETA(C) FOR CLASS LATENT CLASS 1
              VAR7          VAR6          VAR8
              ________      ________      ________
                    9            10            11


           NU(P) FOR LATENT CLASS 2
              VAR7#1        VAR7          VAR6#1        VAR6          VAR8#1
              ________      ________      ________      ________      ________
                   12            13             0            14            15


           NU(P) FOR LATENT CLASS 2
              VAR8
              ________
                   16


           THETA(C) FOR CLASS LATENT CLASS 2
              VAR7          VAR6          VAR8
              ________      ________      ________
                    9            10            11


     STARTING VALUES FOR LATENT CLASS 1


     STARTING VALUES FOR LATENT CLASS 2


     STARTING VALUES FOR LATENT CLASS INDICATOR MODEL PART


           TAU(U) FOR LATENT CLASS 1
              VAR1$1
              ________
                0.704


           TAU(U) FOR LATENT CLASS 2
              VAR1$1
              ________
                2.704


     STARTING VALUES FOR LATENT CLASS REGRESSION MODEL PART


           ALPHA(C)
              CLASS#1       CLASS#2
              ________      ________
                0.000         0.000


     STARTING VALUES FOR THE CENSORED/NOMINAL/COUNT MODEL PART


           NU(P) FOR LATENT CLASS 1
              VAR7#1        VAR7          VAR6#1        VAR6          VAR8#1
              ________      ________      ________      ________      ________
               -0.200         4.672       -20.000        -3.751        -1.046


           NU(P) FOR LATENT CLASS 1
              VAR8
              ________
               17.417


           THETA(C) FOR LATENT CLASS 1
              VAR7          VAR6          VAR8
              ________      ________      ________
                4.519      4675.900      2135.842


           NU(P) FOR LATENT CLASS 2
              VAR7#1        VAR7          VAR6#1        VAR6          VAR8#1
              ________      ________      ________      ________      ________
               -0.200         5.672       -20.000       189.658        -1.046


           NU(P) FOR LATENT CLASS 2
              VAR8
              ________
              148.133


           THETA(C) FOR LATENT CLASS 2
              VAR7          VAR6          VAR8
              ________      ________      ________
                4.519      4675.900      2135.842


TECHNICAL 4 OUTPUT


PLOT INFORMATION

The following plots are available:

  Histograms (sample values)
  Scatterplots (sample values)
  Sample proportions and estimated probabilities

SAVEDATA INFORMATION


  Save file
    test_model1_lca_2.dat SAVE = cprobabilites bchweights

  Order and format of variables

    VAR7           F10.3
    VAR6           F10.3
    VAR8           F10.3
    VAR1           F10.3
    VAR2           F10.3
    VAR3           F10.3
    VAR4           F10.3
    VAR5           F10.3
    CPROB1         F10.3
    CPROB2         F10.3
    CLASS          F10.3
    ID             I5

  Save file format
    11F10.3 I5

  Save file record length    10000


     Beginning Time:  18:10:38
        Ending Time:  18:10:40
       Elapsed Time:  00:00:02



MUTHEN & MUTHEN
3463 Stoner Ave.
Los Angeles, CA  90066

Tel: (310) 391-9971
Fax: (310) 391-8971
Web: www.StatModel.com
Support: Support@StatModel.com

Copyright (c) 1998-2019 Muthen & Muthen
