Mplus VERSION 8.4
MUTHEN & MUTHEN
09/11/2024  10:09 AM

INPUT INSTRUCTIONS


  TITLE: test2 classes
  DATA: FILE IS test_model6_lca.dat;

  VARIABLE:
  NAMES = id var1 var2 var3 var4 var5 var6 var7 var8;
  IDVARIABLE = id;
  USEVARIABLES = var1 var2 var3 var4 var5 var6 var7 var8;
  MISSING = .;
  CLASSES = class (2);

  MODEL:
  %CLASS#1%
  var1 WITH var2;
  var1 WITH var3;
  var1 WITH var4;
  var1 WITH var5;
  var1 WITH var6;
  var1 WITH var7;
  var1 WITH var8;
  var2 WITH var3;
  var2 WITH var4;
  var2 WITH var5;
  var2 WITH var6;
  var2 WITH var7;
  var2 WITH var8;
  var3 WITH var4;
  var3 WITH var5;
  var3 WITH var6;
  var3 WITH var7;
  var3 WITH var8;
  var4 WITH var5;
  var4 WITH var6;
  var4 WITH var7;
  var4 WITH var8;
  var5 WITH var6;
  var5 WITH var7;
  var5 WITH var8;
  var6 WITH var7;
  var6 WITH var8;
  var7 WITH var8;
  var1;
  var2;
  var3;
  var4;
  var5;
  var6;
  var7;
  var8;
  %CLASS#2%
  var1 WITH var2;
  var1 WITH var3;
  var1 WITH var4;
  var1 WITH var5;
  var1 WITH var6;
  var1 WITH var7;
  var1 WITH var8;
  var2 WITH var3;
  var2 WITH var4;
  var2 WITH var5;
  var2 WITH var6;
  var2 WITH var7;
  var2 WITH var8;
  var3 WITH var4;
  var3 WITH var5;
  var3 WITH var6;
  var3 WITH var7;
  var3 WITH var8;
  var4 WITH var5;
  var4 WITH var6;
  var4 WITH var7;
  var4 WITH var8;
  var5 WITH var6;
  var5 WITH var7;
  var5 WITH var8;
  var6 WITH var7;
  var6 WITH var8;
  var7 WITH var8;
  var1;
  var2;
  var3;
  var4;
  var5;
  var6;
  var7;
  var8;

  ANALYSIS:
  TYPE = MIXTURE;
  PROCESSORS = 16;
  STITERATIONS = 4;
  STARTS = 20 4;

  OUTPUT:
  SVALUES ENTROPY TECH1 TECH4;
  PLOT: TYPE=PLOT1 PLOT2 PLOT3;
  SAVEDATA:
  FILE IS test_model6_lca_2.dat
  SAVE = cprobabilites bchweights;



*** WARNING in MODEL command
  All variables are uncorrelated with all other variables within class.
  Check that this is what is intended.
   1 WARNING(S) FOUND IN THE INPUT INSTRUCTIONS



test2 classes

SUMMARY OF ANALYSIS

Number of groups                                                 1
Number of observations                                        1000

Number of dependent variables                                    8
Number of independent variables                                  0
Number of continuous latent variables                            0
Number of categorical latent variables                           1

Observed dependent variables

  Continuous
   VAR1        VAR2        VAR3        VAR4        VAR5        VAR6
   VAR7        VAR8

Categorical latent variables
   CLASS

Variables with special functions

  ID variable           ID

Estimator                                                      MLR
Information matrix                                        OBSERVED
Optimization Specifications for the Quasi-Newton Algorithm for
Continuous Outcomes
  Maximum number of iterations                                 100
  Convergence criterion                                  0.100D-05
Optimization Specifications for the EM Algorithm
  Maximum number of iterations                                 500
  Convergence criteria
    Loglikelihood change                                 0.100D-06
    Relative loglikelihood change                        0.100D-06
    Derivative                                           0.100D-05
Optimization Specifications for the M step of the EM Algorithm for
Categorical Latent variables
  Number of M step iterations                                    1
  M step convergence criterion                           0.100D-05
  Basis for M step termination                           ITERATION
Optimization Specifications for the M step of the EM Algorithm for
Censored, Binary or Ordered Categorical (Ordinal), Unordered
Categorical (Nominal) and Count Outcomes
  Number of M step iterations                                    1
  M step convergence criterion                           0.100D-05
  Basis for M step termination                           ITERATION
  Maximum value for logit thresholds                            15
  Minimum value for logit thresholds                           -15
  Minimum expected cell size for chi-square              0.100D-01
Maximum number of iterations for H1                           2000
Convergence criterion for H1                             0.100D-03
Optimization algorithm                                         EMA
Random Starts Specifications
  Number of initial stage random starts                         20
  Number of final stage optimizations                            4
  Number of initial stage iterations                             4
  Initial stage convergence criterion                    0.100D+01
  Random starts scale                                    0.500D+01
  Random seed for generating random starts                       0

Input data file(s)
  test_model6_lca.dat
Input data format  FREE


SUMMARY OF DATA

     Number of missing data patterns             1
     Number of y missing data patterns           1
     Number of u missing data patterns           0


COVARIANCE COVERAGE OF DATA

Minimum covariance coverage value   0.100


     PROPORTION OF DATA PRESENT FOR Y


           Covariance Coverage
              VAR1          VAR2          VAR3          VAR4          VAR5
              ________      ________      ________      ________      ________
 VAR1           1.000
 VAR2           1.000         1.000
 VAR3           1.000         1.000         1.000
 VAR4           1.000         1.000         1.000         1.000
 VAR5           1.000         1.000         1.000         1.000         1.000
 VAR6           1.000         1.000         1.000         1.000         1.000
 VAR7           1.000         1.000         1.000         1.000         1.000
 VAR8           1.000         1.000         1.000         1.000         1.000


           Covariance Coverage
              VAR6          VAR7          VAR8
              ________      ________      ________
 VAR6           1.000
 VAR7           1.000         1.000
 VAR8           1.000         1.000         1.000



UNIVARIATE SAMPLE STATISTICS


     UNIVARIATE HIGHER-ORDER MOMENT DESCRIPTIVE STATISTICS

         Variable/         Mean/     Skewness/   Minimum/ % with                Percentiles
        Sample Size      Variance    Kurtosis    Maximum  Min/Max      20%/60%    40%/80%    Median

     VAR1                  1.154       1.917       1.000   84.60%       1.000      1.000      1.000
            1000.000       0.130       1.676       2.000   15.40%       1.000      1.000
     VAR2                  1.294       0.904       1.000   70.60%       1.000      1.000      1.000
            1000.000       0.208      -1.182       2.000   29.40%       1.000      2.000
     VAR3                -10.783       0.222    -138.764    3.90%     -61.557    -32.396    -17.605
            1000.000    4328.357      -0.367     177.586    0.10%       2.855     48.208
     VAR4                 25.614       4.340       0.000    0.10%      10.000     18.000     20.277
            1000.000     841.104      25.291     300.000    0.10%      20.278     30.000
     VAR5                 97.020       0.180       0.000    8.70%      21.000     60.000     90.000
            1000.000    5266.636      -1.319     267.000    0.10%     123.000    171.000
     VAR6                 92.954       1.823       0.000    2.20%       5.000     40.000     77.000
            1000.000    9351.801       8.190     880.500    0.20%      98.000    157.000
     VAR7                 19.375       3.742       0.000   31.90%       0.000      1.000      2.000
            1000.000    1715.582      17.484     350.000    0.10%       5.000     27.000
     VAR8                 82.775       0.343       0.000   25.60%       0.000     63.000     80.000
            1000.000    4271.684      -0.692     248.000    1.60%      98.000    142.000

RANDOM STARTS RESULTS RANKED FROM THE BEST TO THE WORST LOGLIKELIHOOD VALUES


7 perturbed starting value run(s) did not converge.
Final stage loglikelihood values at local maxima, seeds, and initial stage start numbers:

          -29309.797  68985            17
          -29319.326  107446           12
          -29319.326  93468            3
          -29331.924  462953           7



     WARNING:  THE BEST LOGLIKELIHOOD VALUE WAS NOT REPLICATED.  THE
     SOLUTION MAY NOT BE TRUSTWORTHY DUE TO LOCAL MAXIMA.  INCREASE THE
     NUMBER OF RANDOM STARTS.

     THE STANDARD ERRORS OF THE MODEL PARAMETER ESTIMATES MAY NOT BE
     TRUSTWORTHY FOR SOME PARAMETERS DUE TO A NON-POSITIVE DEFINITE
     FIRST-ORDER DERIVATIVE PRODUCT MATRIX.  THIS MAY BE DUE TO THE STARTING
     VALUES BUT MAY ALSO BE AN INDICATION OF MODEL NONIDENTIFICATION.  THE
     CONDITION NUMBER IS      -0.610D-18.  PROBLEM INVOLVING THE FOLLOWING PARAMETER:
     Parameter 43, %CLASS#1%: VAR8 WITH VAR7


THE MODEL ESTIMATION TERMINATED NORMALLY



MODEL FIT INFORMATION

Number of Free Parameters                       89

Loglikelihood

          H0 Value                      -29309.797
          H0 Scaling Correction Factor      2.8723
            for MLR

Information Criteria

          Akaike (AIC)                   58797.594
          Bayesian (BIC)                 59234.384
          Sample-Size Adjusted BIC       58951.715
            (n* = (n + 2) / 24)



FINAL CLASS COUNTS AND PROPORTIONS FOR THE LATENT CLASSES
BASED ON THE ESTIMATED MODEL

    Latent
   Classes

       1        497.42722          0.49743
       2        502.57278          0.50257


FINAL CLASS COUNTS AND PROPORTIONS FOR THE LATENT CLASSES
BASED ON ESTIMATED POSTERIOR PROBABILITIES

    Latent
   Classes

       1        497.42722          0.49743
       2        502.57278          0.50257


FINAL CLASS COUNTS AND PROPORTIONS FOR THE LATENT CLASSES
BASED ON THEIR MOST LIKELY LATENT CLASS MEMBERSHIP

Class Counts and Proportions

    Latent
   Classes

       1              501          0.50100
       2              499          0.49900


CLASSIFICATION QUALITY

     Entropy                         0.942


           Univariate Entropy
              VAR1          VAR2          VAR3          VAR4          VAR5
              ________      ________      ________      ________      ________
                0.557         0.209         0.305         0.302         0.498


           Univariate Entropy
              VAR6          VAR7          VAR8
              ________      ________      ________
                0.555         0.875         0.545


Classification Probabilities for the Most Likely Latent Class Membership (Column)
by Latent Class (Row)

           1        2

    1   0.988    0.012
    2   0.019    0.981


Logits for the Classification Probabilities for the Most Likely Latent Class Membership (Column)
by Latent Class (Row)

              1        2

    1      4.420    0.000
    2     -3.951    0.000


MODEL RESULTS

                                                    Two-Tailed
                    Estimate       S.E.  Est./S.E.    P-Value

Latent Class 1

 VAR1     WITH
    VAR2              -0.024      0.006     -3.807      0.000
    VAR3              -1.965      1.022     -1.923      0.055
    VAR4               0.025      0.194      0.127      0.899
    VAR5              -2.286      0.969     -2.359      0.018
    VAR6               0.286      0.791      0.361      0.718
    VAR7              -0.004      0.022     -0.182      0.856
    VAR8              -2.158      0.734     -2.939      0.003

 VAR2     WITH
    VAR3              -1.686      0.673     -2.504      0.012
    VAR4               0.044      0.117      0.380      0.704
    VAR5              -2.568      0.663     -3.871      0.000
    VAR6               0.428      0.516      0.830      0.407
    VAR7              -0.034      0.012     -2.788      0.005
    VAR8               0.314      0.604      0.520      0.603

 VAR3     WITH
    VAR4             -10.615     31.967     -0.332      0.740
    VAR5            1181.914    206.789      5.716      0.000
    VAR6             728.087     86.363      8.431      0.000
    VAR7              20.957      3.293      6.365      0.000
    VAR8             697.279     89.399      7.800      0.000

 VAR4     WITH
    VAR5             -29.762     25.346     -1.174      0.240
    VAR6             -33.353     15.131     -2.204      0.028
    VAR7              -0.990      0.443     -2.237      0.025
    VAR8             -10.146     16.033     -0.633      0.527

 VAR5     WITH
    VAR6             386.767     82.034      4.715      0.000
    VAR7              16.494      2.965      5.564      0.000
    VAR8             796.104     95.062      8.375      0.000

 VAR6     WITH
    VAR7              19.822      4.103      4.831      0.000
    VAR8             550.673     77.842      7.074      0.000

 VAR7     WITH
    VAR8              17.239      3.209      5.372      0.000

 Means
    VAR1               1.304      0.021     61.169      0.000
    VAR2               1.138      0.017     66.661      0.000
    VAR3             -49.566      2.745    -18.054      0.000
    VAR4              18.074      0.474     38.129      0.000
    VAR5              47.924      2.595     18.469      0.000
    VAR6              25.982      2.360     11.008      0.000
    VAR7               0.662      0.084      7.883      0.000
    VAR8              34.507      2.073     16.643      0.000

 Variances
    VAR1               0.211      0.008     25.251      0.000
    VAR2               0.119      0.012      9.601      0.000
    VAR3            2690.662    279.520      9.626      0.000
    VAR4              78.193     24.731      3.162      0.002
    VAR5            2461.434    209.862     11.729      0.000
    VAR6            1233.904    179.974      6.856      0.000
    VAR7               1.226      0.354      3.460      0.001
    VAR8            1395.950     75.902     18.392      0.000

Latent Class 2

 VAR1     WITH
    VAR2               0.001      0.002      0.730      0.465
    VAR3               0.158      0.099      1.591      0.112
    VAR4               0.372      0.484      0.768      0.443
    VAR5              -0.344      0.297     -1.157      0.247
    VAR6               2.561      2.055      1.246      0.213
    VAR7              -0.214      0.129     -1.660      0.097
    VAR8              -0.421      0.290     -1.451      0.147

 VAR2     WITH
    VAR3               2.867      1.226      2.339      0.019
    VAR4               0.997      0.876      1.138      0.255
    VAR5               7.896      1.274      6.200      0.000
    VAR6              14.280      2.003      7.131      0.000
    VAR7               6.247      1.198      5.213      0.000
    VAR8              12.347      1.033     11.948      0.000

 VAR3     WITH
    VAR4              58.222     93.405      0.623      0.533
    VAR5            1230.848    147.948      8.319      0.000
    VAR6             694.604    220.646      3.148      0.002
    VAR7            1541.279    178.006      8.659      0.000
    VAR8             749.820    130.938      5.727      0.000

 VAR4     WITH
    VAR5             136.681    114.662      1.192      0.233
    VAR6            -263.596    168.448     -1.565      0.118
    VAR7              37.428     69.584      0.538      0.591
    VAR8              87.524    103.395      0.846      0.397

 VAR5     WITH
    VAR6            1340.379    237.644      5.640      0.000
    VAR7            1344.380    137.071      9.808      0.000
    VAR8            2121.221    143.006     14.833      0.000

 VAR6     WITH
    VAR7             602.680    197.861      3.046      0.002
    VAR8            1592.355    223.845      7.114      0.000

 VAR7     WITH
    VAR8            1076.323    127.097      8.469      0.000

 Means
    VAR1               1.006      0.004    286.424      0.000
    VAR2               1.449      0.024     61.237      0.000
    VAR3              27.603      2.673     10.328      0.000
    VAR4              33.078      1.799     18.388      0.000
    VAR5             145.612      2.973     48.972      0.000
    VAR6             159.239      4.832     32.956      0.000
    VAR7              37.896      2.487     15.241      0.000
    VAR8             130.549      2.497     52.285      0.000

 Variances
    VAR1               0.006      0.003      1.710      0.087
    VAR2               0.247      0.002    101.934      0.000
    VAR3            2987.028    181.120     16.492      0.000
    VAR4            1484.225    258.513      5.741      0.000
    VAR5            3296.165    207.471     15.887      0.000
    VAR6            8553.621   1499.345      5.705      0.000
    VAR7            2722.781    400.478      6.799      0.000
    VAR8            2529.613    170.172     14.865      0.000

Categorical Latent Variables

 Means
    CLASS#1           -0.010      0.076     -0.135      0.893


QUALITY OF NUMERICAL RESULTS

     Condition Number for the Information Matrix             -0.610E-18
       (ratio of smallest to largest eigenvalue)


MODEL COMMAND WITH FINAL ESTIMATES USED AS STARTING VALUES

     %OVERALL%

     [ class#1*-0.01029 ];

     %CLASS#1%

     var1 WITH var2*-0.02370;
     var1 WITH var3*-1.96509;
     var1 WITH var4*0.02468;
     var1 WITH var5*-2.28610;
     var1 WITH var6*0.28578;
     var1 WITH var7*-0.00406;
     var1 WITH var8*-2.15809;
     var2 WITH var3*-1.68631;
     var2 WITH var4*0.04433;
     var2 WITH var5*-2.56801;
     var2 WITH var6*0.42801;
     var2 WITH var7*-0.03429;
     var2 WITH var8*0.31425;
     var3 WITH var4*-10.61493;
     var3 WITH var5*1181.91394;
     var3 WITH var6*728.08691;
     var3 WITH var7*20.95713;
     var3 WITH var8*697.27911;
     var4 WITH var5*-29.76174;
     var4 WITH var6*-33.35268;
     var4 WITH var7*-0.99024;
     var4 WITH var8*-10.14644;
     var5 WITH var6*386.76703;
     var5 WITH var7*16.49438;
     var5 WITH var8*796.10413;
     var6 WITH var7*19.82246;
     var6 WITH var8*550.67322;
     var7 WITH var8*17.23894;

     [ var1*1.30356 ];
     [ var2*1.13769 ];
     [ var3*-49.56646 ];
     [ var4*18.07373 ];
     [ var5*47.92407 ];
     [ var6*25.98241 ];
     [ var7*0.66237 ];
     [ var8*34.50658 ];

     var1*0.21141;
     var2*0.11873;
     var3*2690.66211;
     var4*78.19252;
     var5*2461.43433;
     var6*1233.90369;
     var7*1.22557;
     var8*1395.94958;

     %CLASS#2%

     var1 WITH var2*0.00130;
     var1 WITH var3*0.15783;
     var1 WITH var4*0.37162;
     var1 WITH var5*-0.34390;
     var1 WITH var6*2.56139;
     var1 WITH var7*-0.21427;
     var1 WITH var8*-0.42113;
     var2 WITH var3*2.86704;
     var2 WITH var4*0.99662;
     var2 WITH var5*7.89606;
     var2 WITH var6*14.27984;
     var2 WITH var7*6.24740;
     var2 WITH var8*12.34691;
     var3 WITH var4*58.22155;
     var3 WITH var5*1230.84790;
     var3 WITH var6*694.60443;
     var3 WITH var7*1541.27905;
     var3 WITH var8*749.82019;
     var4 WITH var5*136.68147;
     var4 WITH var6*-263.59613;
     var4 WITH var7*37.42763;
     var4 WITH var8*87.52372;
     var5 WITH var6*1340.37891;
     var5 WITH var7*1344.38013;
     var5 WITH var8*2121.22144;
     var6 WITH var7*602.67969;
     var6 WITH var8*1592.35461;
     var7 WITH var8*1076.32336;

     [ var1*1.00597 ];
     [ var2*1.44871 ];
     [ var3*27.60320 ];
     [ var4*33.07769 ];
     [ var5*145.61240 ];
     [ var6*159.23891 ];
     [ var7*37.89604 ];
     [ var8*130.54922 ];

     var1*0.00593;
     var2*0.24737;
     var3*2987.02808;
     var4*1484.22461;
     var5*3296.16455;
     var6*8553.62109;
     var7*2722.78052;
     var8*2529.61255;



TECHNICAL 1 OUTPUT


     PARAMETER SPECIFICATION FOR LATENT CLASS 1


           NU
              VAR1          VAR2          VAR3          VAR4          VAR5
              ________      ________      ________      ________      ________
                    1             2             3             4             5


           NU
              VAR6          VAR7          VAR8
              ________      ________      ________
                    6             7             8


           THETA
              VAR1          VAR2          VAR3          VAR4          VAR5
              ________      ________      ________      ________      ________
 VAR1               9
 VAR2              10            11
 VAR3              12            13            14
 VAR4              15            16            17            18
 VAR5              19            20            21            22            23
 VAR6              24            25            26            27            28
 VAR7              30            31            32            33            34
 VAR8              37            38            39            40            41


           THETA
              VAR6          VAR7          VAR8
              ________      ________      ________
 VAR6              29
 VAR7              35            36
 VAR8              42            43            44


     PARAMETER SPECIFICATION FOR LATENT CLASS 2


           NU
              VAR1          VAR2          VAR3          VAR4          VAR5
              ________      ________      ________      ________      ________
                   45            46            47            48            49


           NU
              VAR6          VAR7          VAR8
              ________      ________      ________
                   50            51            52


           THETA
              VAR1          VAR2          VAR3          VAR4          VAR5
              ________      ________      ________      ________      ________
 VAR1              53
 VAR2              54            55
 VAR3              56            57            58
 VAR4              59            60            61            62
 VAR5              63            64            65            66            67
 VAR6              68            69            70            71            72
 VAR7              74            75            76            77            78
 VAR8              81            82            83            84            85


           THETA
              VAR6          VAR7          VAR8
              ________      ________      ________
 VAR6              73
 VAR7              79            80
 VAR8              86            87            88


     PARAMETER SPECIFICATION FOR LATENT CLASS REGRESSION MODEL PART


           ALPHA(C)
              CLASS#1       CLASS#2
              ________      ________
                   89             0


     STARTING VALUES FOR LATENT CLASS 1


           NU
              VAR1          VAR2          VAR3          VAR4          VAR5
              ________      ________      ________      ________      ________
                0.793         0.838       -76.573        -3.387        24.448


           NU
              VAR6          VAR7          VAR8
              ________      ________      ________
               -3.751       -22.045        17.417


           THETA
              VAR1          VAR2          VAR3          VAR4          VAR5
              ________      ________      ________      ________      ________
 VAR1           0.065
 VAR2           0.000         0.104
 VAR3           0.000         0.000      2164.179
 VAR4           0.000         0.000         0.000       420.552
 VAR5           0.000         0.000         0.000         0.000      2633.318
 VAR6           0.000         0.000         0.000         0.000         0.000
 VAR7           0.000         0.000         0.000         0.000         0.000
 VAR8           0.000         0.000         0.000         0.000         0.000


           THETA
              VAR6          VAR7          VAR8
              ________      ________      ________
 VAR6        4675.900
 VAR7           0.000       857.791
 VAR8           0.000         0.000      2135.842


     STARTING VALUES FOR LATENT CLASS 2


           NU
              VAR1          VAR2          VAR3          VAR4          VAR5
              ________      ________      ________      ________      ________
                1.515         1.750        55.007        54.616       169.591


           NU
              VAR6          VAR7          VAR8
              ________      ________      ________
              189.658        60.795       148.133


           THETA
              VAR1          VAR2          VAR3          VAR4          VAR5
              ________      ________      ________      ________      ________
 VAR1           0.065
 VAR2           0.000         0.104
 VAR3           0.000         0.000      2164.179
 VAR4           0.000         0.000         0.000       420.552
 VAR5           0.000         0.000         0.000         0.000      2633.318
 VAR6           0.000         0.000         0.000         0.000         0.000
 VAR7           0.000         0.000         0.000         0.000         0.000
 VAR8           0.000         0.000         0.000         0.000         0.000


           THETA
              VAR6          VAR7          VAR8
              ________      ________      ________
 VAR6        4675.900
 VAR7           0.000       857.791
 VAR8           0.000         0.000      2135.842


     STARTING VALUES FOR LATENT CLASS REGRESSION MODEL PART


           ALPHA(C)
              CLASS#1       CLASS#2
              ________      ________
                0.000         0.000


TECHNICAL 4 OUTPUT


PLOT INFORMATION

The following plots are available:

  Histograms (sample values)
  Scatterplots (sample values)
  Estimated overall and class-specific distributions

SAVEDATA INFORMATION


  Save file
    test_model6_lca_2.dat SAVE = cprobabilites bchweights

  Order and format of variables

    VAR1           F10.3
    VAR2           F10.3
    VAR3           F10.3
    VAR4           F10.3
    VAR5           F10.3
    VAR6           F10.3
    VAR7           F10.3
    VAR8           F10.3
    CPROB1         F10.3
    CPROB2         F10.3
    CLASS          F10.3
    ID             I5

  Save file format
    11F10.3 I5

  Save file record length    10000


     Beginning Time:  10:09:06
        Ending Time:  10:09:07
       Elapsed Time:  00:00:01



MUTHEN & MUTHEN
3463 Stoner Ave.
Los Angeles, CA  90066

Tel: (310) 391-9971
Fax: (310) 391-8971
Web: www.StatModel.com
Support: Support@StatModel.com

Copyright (c) 1998-2019 Muthen & Muthen
