Mplus VERSION 8.4
MUTHEN & MUTHEN
09/20/2024  10:38 PM

INPUT INSTRUCTIONS


  TITLE: test2 classes
  DATA: FILE IS test_model2_lca.dat;

  VARIABLE:
  NAMES = id var1 var2 var3 var4 var5 var6 var7 var8;
  IDVARIABLE = id;
  USEVARIABLES = var1 var3 var4 var5 var6 var7 var8;
  CATEGORICAL = var1;
  CENSORED = var6 (a) var3 (b) var4 (bi);
  COUNT = var8 (p) var7 (nbi);
  AUXILIARY = var2;
  MISSING = .;
  CLASSES = class (2);

  MODEL:
  %CLASS#1%
  [ var7#1 ];
  [ var4#1 ];
  var3;
  var4;
  var5;
  var6;
  var7;
  %CLASS#2%
  [ var7#1 ];
  [ var4#1 ];
  var3;
  var4;
  var5;
  var6;
  var7;

  ANALYSIS:
  TYPE = MIXTURE;
  PROCESSORS = 16;
  STITERATIONS = 4;
  STARTS = 20 4;

  OUTPUT:
  SVALUES ENTROPY TECH1 TECH4;
  PLOT: TYPE=PLOT1 PLOT2 PLOT3;
  SAVEDATA:
  FILE IS test_model2_lca_2.dat
  SAVE = cprobabilites bchweights;



*** WARNING in MODEL command
  All variables are uncorrelated with all other variables within class.
  Check that this is what is intended.
   1 WARNING(S) FOUND IN THE INPUT INSTRUCTIONS



test2 classes

SUMMARY OF ANALYSIS

Number of groups                                                 1
Number of observations                                        1000

Number of dependent variables                                    7
Number of independent variables                                  0
Number of continuous latent variables                            0
Number of categorical latent variables                           1

Observed dependent variables

  Continuous
   VAR5

  Censored
   VAR7        VAR6        VAR3        VAR4

  Binary and ordered categorical (ordinal)
   VAR1

  Count
   VAR8        VAR7

Observed auxiliary variables
   VAR2

Categorical latent variables
   CLASS

Variables with special functions

  ID variable           ID

Estimator                                                      MLR
Information matrix                                        OBSERVED
Optimization Specifications for the Quasi-Newton Algorithm for
Continuous Outcomes
  Maximum number of iterations                                 100
  Convergence criterion                                  0.100D-05
Optimization Specifications for the EM Algorithm
  Maximum number of iterations                                 500
  Convergence criteria
    Loglikelihood change                                 0.100D-06
    Relative loglikelihood change                        0.100D-06
    Derivative                                           0.100D-05
Optimization Specifications for the M step of the EM Algorithm for
Categorical Latent variables
  Number of M step iterations                                    1
  M step convergence criterion                           0.100D-05
  Basis for M step termination                           ITERATION
Optimization Specifications for the M step of the EM Algorithm for
Censored, Binary or Ordered Categorical (Ordinal), Unordered
Categorical (Nominal) and Count Outcomes
  Number of M step iterations                                    1
  M step convergence criterion                           0.100D-05
  Basis for M step termination                           ITERATION
  Maximum value for logit thresholds                            15
  Minimum value for logit thresholds                           -15
  Minimum expected cell size for chi-square              0.100D-01
Maximum number of iterations for H1                           2000
Convergence criterion for H1                             0.100D-03
Optimization algorithm                                         EMA
Random Starts Specifications
  Number of initial stage random starts                         20
  Number of final stage optimizations                            4
  Number of initial stage iterations                             4
  Initial stage convergence criterion                    0.100D+01
  Random starts scale                                    0.500D+01
  Random seed for generating random starts                       0
Link                                                         LOGIT

Input data file(s)
  test_model2_lca.dat
Input data format  FREE


SUMMARY OF DATA

     Number of missing data patterns             1
     Number of y missing data patterns           1
     Number of u missing data patterns           1


COVARIANCE COVERAGE OF DATA

Minimum covariance coverage value   0.100


     PROPORTION OF DATA PRESENT FOR Y


           Covariance Coverage
              VAR5
              ________
 VAR5           1.000


UNIVARIATE PROPORTIONS AND COUNTS FOR CATEGORICAL VARIABLES

    VAR1
      Category 1    0.846          846.000
      Category 2    0.154          154.000


SUMMARY OF CENSORED LIMITS

      VAR7           99999.000
      VAR6             880.500
      VAR3            -138.764
      VAR4               0.000


COUNT PROPORTION OF ZERO, MINIMUM AND MAXIMUM VALUES

      VAR8        0.256         0       248
      VAR7        0.319         0       350



UNIVARIATE SAMPLE STATISTICS


     UNIVARIATE HIGHER-ORDER MOMENT DESCRIPTIVE STATISTICS

         Variable/         Mean/     Skewness/   Minimum/ % with                Percentiles
        Sample Size      Variance    Kurtosis    Maximum  Min/Max      20%/60%    40%/80%    Median

     VAR5                 97.020       0.180       0.000    8.70%      21.000     60.000     90.000
            1000.000    5266.636      -1.319     267.000    0.10%     123.000    171.000

     WARNING:  COUNT VARIABLE HAS LARGE VALUES.
     IT MAY BE MORE APPROPRIATE TO TREAT SUCH VARIABLES AS CONTINUOUS.

RANDOM STARTS RESULTS RANKED FROM THE BEST TO THE WORST LOGLIKELIHOOD VALUES


2 perturbed starting value run(s) did not converge.
Final stage loglikelihood values at local maxima, seeds, and initial stage start numbers:

          -34843.743  415931           10
          -34843.743  68985            17
          -34843.743  903420           5
          -34843.743  399671           13



THE BEST LOGLIKELIHOOD VALUE HAS BEEN REPLICATED.  RERUN WITH AT LEAST TWICE THE
RANDOM STARTS TO CHECK THAT THE BEST LOGLIKELIHOOD IS STILL OBTAINED AND REPLICATED.

     IN THE OPTIMIZATION, ONE OR MORE LOGIT SCALE PARAMETERS APPROACHED EXTREME VALUES
     OF -15.000 AND 15.000 AND WERE FIXED TO STABILIZE MODEL ESTIMATION.  THESE
     VALUES IMPLY PROBABILITIES OF 0 AND 1.  IN THE MODEL RESULTS SECTION, THESE
     PARAMETERS HAVE 0 STANDARD ERRORS AND 999 IN THE Z-SCORE AND P-VALUE COLUMNS.


THE MODEL ESTIMATION TERMINATED NORMALLY



MODEL FIT INFORMATION

Number of Free Parameters                       29

Loglikelihood

          H0 Value                      -34843.743
          H0 Scaling Correction Factor      2.3338
            for MLR

Information Criteria

          Akaike (AIC)                   69745.486
          Bayesian (BIC)                 69887.811
          Sample-Size Adjusted BIC       69795.706
            (n* = (n + 2) / 24)

Chi-Square Test of Model Fit for the Binary and Ordered Categorical
(Ordinal) Outcomes

          Pearson Chi-Square

          Value                              0.000
          Degrees of freedom cannot be computed for this model part.

          Likelihood Ratio Chi-Square

          Value                              0.000
          Degrees of freedom cannot be computed for this model part.



FINAL CLASS COUNTS AND PROPORTIONS FOR THE LATENT CLASSES
BASED ON THE ESTIMATED MODEL

    Latent
   Classes

       1        648.74017          0.64874
       2        351.25983          0.35126


FINAL CLASS COUNTS AND PROPORTIONS FOR THE LATENT CLASSES
BASED ON ESTIMATED POSTERIOR PROBABILITIES

    Latent
   Classes

       1        648.74017          0.64874
       2        351.25983          0.35126


FINAL CLASS COUNTS AND PROPORTIONS FOR THE LATENT CLASSES
BASED ON THEIR MOST LIKELY LATENT CLASS MEMBERSHIP

Class Counts and Proportions

    Latent
   Classes

       1              648          0.64800
       2              352          0.35200


CLASSIFICATION QUALITY

     Entropy                         0.974


           Univariate Entropy
              VAR8          VAR7          VAR1          VAR5
              ________      ________      ________      ________
              999.000       999.000       999.000       999.000       999.000


           Univariate Entropy
                0.161         0.698


Classification Probabilities for the Most Likely Latent Class Membership (Column)
by Latent Class (Row)

           1        2

    1   0.994    0.006
    2   0.009    0.991


Logits for the Classification Probabilities for the Most Likely Latent Class Membership (Column)
by Latent Class (Row)

              1        2

    1      5.079    0.000
    2     -4.666    0.000


MODEL RESULTS

                                                    Two-Tailed
                    Estimate       S.E.  Est./S.E.    P-Value

Latent Class 1

 Means
    VAR5              56.368      2.385     23.632      0.000

 Means
    VAR8               4.284      0.022    193.042      0.000
    VAR7#1           -15.000      0.000    999.000    999.000
    VAR7               1.165      0.136      8.552      0.000
    VAR6              48.312      2.845     16.983      0.000
    VAR3             -38.072      2.682    -14.196      0.000
    VAR4#1           -15.000      0.000    999.000    999.000
    VAR4              19.966      0.569     35.114      0.000

 Thresholds
    VAR1$1             1.179      0.097     12.148      0.000

 Variances
    VAR5            2614.075    151.913     17.208      0.000

 Variances
    VAR6            3971.731    410.181      9.683      0.000
    VAR3            3606.396    259.861     13.878      0.000
    VAR4             182.159     34.906      5.219      0.000

 Dispersion
    VAR7               3.978      0.336     11.837      0.000

Latent Class 2

 Means
    VAR5             172.098      2.947     58.398      0.000

 Means
    VAR8               5.048      0.018    277.172      0.000
    VAR7#1           -15.000      0.000    999.000    999.000
    VAR7               3.897      0.069     56.609      0.000
    VAR6             170.663      4.951     34.474      0.000
    VAR3              36.859      2.950     12.495      0.000
    VAR4#1           -15.000      0.000    999.000    999.000
    VAR4              36.029      2.348     15.346      0.000

 Thresholds
    VAR1$1             5.494      0.984      5.580      0.000

 Variances
    VAR5            1476.752    171.830      8.594      0.000

 Variances
    VAR6            6071.287    458.787     13.233      0.000
    VAR3            2845.088    210.047     13.545      0.000
    VAR4            1891.786    347.651      5.442      0.000

 Dispersion
    VAR7               1.172      0.076     15.449      0.000

Categorical Latent Variables

 Means
    CLASS#1            0.614      0.077      7.960      0.000


RESULTS IN PROBABILITY SCALE

Latent Class 1

 VAR1
    Category 1         0.765      0.017     43.802      0.000
    Category 2         0.235      0.017     13.468      0.000

Latent Class 2

 VAR1
    Category 1         0.996      0.004    248.010      0.000
    Category 2         0.004      0.004      1.020      0.308


LATENT CLASS ODDS RATIO RESULTS

                                         (Est. - 1) Two-Tailed
                    Estimate       S.E.     / S.E.    P-Value

Latent Class 1 Compared to Latent Class 2

 VAR1
    Category > 1      74.763     73.662      1.001      0.317


QUALITY OF NUMERICAL RESULTS

     Condition Number for the Information Matrix              0.141E-05
       (ratio of smallest to largest eigenvalue)


MODEL COMMAND WITH FINAL ESTIMATES USED AS STARTING VALUES

     %OVERALL%

     [ class#1*0.61351 ];

     %CLASS#1%

     [ var5*56.36770 ];
     [ var8*4.28428 ];
     [ var7#1*-15 ];
     [ var7*1.16467 ];
     [ var6*48.31198 ];
     [ var3*-38.07192 ];
     [ var4#1*-15 ];
     [ var4*19.96637 ];

     [ var1$1*1.17937 ];

     var5*2614.07471;
     var7*3.97781;
     var6*3971.73071;
     var3*3606.39575;
     var4*182.15892;

     %CLASS#2%

     [ var5*172.09763 ];
     [ var8*5.04834 ];
     [ var7#1*-15 ];
     [ var7*3.89670 ];
     [ var6*170.66341 ];
     [ var3*36.85946 ];
     [ var4#1*-15 ];
     [ var4*36.02850 ];

     [ var1$1*5.49369 ];

     var5*1476.75195;
     var7*1.17183;
     var6*6071.28662;
     var3*2845.08813;
     var4*1891.78650;



TECHNICAL 1 OUTPUT


     PARAMETER SPECIFICATION FOR LATENT CLASS 1


           NU
              VAR5
              ________
                    1


           THETA
              VAR5
              ________
 VAR5               2


     PARAMETER SPECIFICATION FOR LATENT CLASS 2


           NU
              VAR5
              ________
                    3


           THETA
              VAR5
              ________
 VAR5               4


     PARAMETER SPECIFICATION FOR LATENT CLASS INDICATOR MODEL PART


           TAU(U) FOR LATENT CLASS 1
              VAR1$1
              ________
                    5


           TAU(U) FOR LATENT CLASS 2
              VAR1$1
              ________
                    6


     PARAMETER SPECIFICATION FOR LATENT CLASS REGRESSION MODEL PART


           ALPHA(C)
              CLASS#1       CLASS#2
              ________      ________
                    7             0


     PARAMETER SPECIFICATION FOR THE CENSORED/NOMINAL/COUNT MODEL PART


           NU(P) FOR LATENT CLASS 1
              VAR8#1        VAR8          VAR7#1        VAR7          VAR6#1
              ________      ________      ________      ________      ________
                    0             8             9            10             0


           NU(P) FOR LATENT CLASS 1
              VAR6          VAR3#1        VAR3          VAR4#1        VAR4
              ________      ________      ________      ________      ________
                   11             0            12            13            14


           THETA(C) FOR CLASS LATENT CLASS 1
              VAR7          VAR6          VAR3          VAR4
              ________      ________      ________      ________
                   15            16            17            18


           NU(P) FOR LATENT CLASS 2
              VAR8#1        VAR8          VAR7#1        VAR7          VAR6#1
              ________      ________      ________      ________      ________
                    0            19            20            21             0


           NU(P) FOR LATENT CLASS 2
              VAR6          VAR3#1        VAR3          VAR4#1        VAR4
              ________      ________      ________      ________      ________
                   22             0            23            24            25


           THETA(C) FOR CLASS LATENT CLASS 2
              VAR7          VAR6          VAR3          VAR4
              ________      ________      ________      ________
                   26            27            28            29


     STARTING VALUES FOR LATENT CLASS 1


           NU
              VAR5
              ________
               24.448


           THETA
              VAR5
              ________
 VAR5        2633.318


     STARTING VALUES FOR LATENT CLASS 2


           NU
              VAR5
              ________
              169.591


           THETA
              VAR5
              ________
 VAR5        2633.318


     STARTING VALUES FOR LATENT CLASS INDICATOR MODEL PART


           TAU(U) FOR LATENT CLASS 1
              VAR1$1
              ________
                0.704


           TAU(U) FOR LATENT CLASS 2
              VAR1$1
              ________
                2.704


     STARTING VALUES FOR LATENT CLASS REGRESSION MODEL PART


           ALPHA(C)
              CLASS#1       CLASS#2
              ________      ________
                0.000         0.000


     STARTING VALUES FOR THE CENSORED/NOMINAL/COUNT MODEL PART


           NU(P) FOR LATENT CLASS 1
              VAR8#1        VAR8          VAR7#1        VAR7          VAR6#1
              ________      ________      ________      ________      ________
              -20.000         4.893        -0.200         4.672       -20.000


           NU(P) FOR LATENT CLASS 1
              VAR6          VAR3#1        VAR3          VAR4#1        VAR4
              ________      ________      ________      ________      ________
               -3.751       -20.000       -76.573        -5.293        -3.387


           THETA(C) FOR LATENT CLASS 1
              VAR7          VAR6          VAR3          VAR4
              ________      ________      ________      ________
                4.519      4675.900      2164.179       420.552


           NU(P) FOR LATENT CLASS 2
              VAR8#1        VAR8          VAR7#1        VAR7          VAR6#1
              ________      ________      ________      ________      ________
              -20.000         5.893        -0.200         5.672       -20.000


           NU(P) FOR LATENT CLASS 2
              VAR6          VAR3#1        VAR3          VAR4#1        VAR4
              ________      ________      ________      ________      ________
              189.658       -20.000        55.007        -5.293        54.616


           THETA(C) FOR LATENT CLASS 2
              VAR7          VAR6          VAR3          VAR4
              ________      ________      ________      ________
                4.519      4675.900      2164.179       420.552


TECHNICAL 4 OUTPUT


PLOT INFORMATION

The following plots are available:

  Histograms (sample values)
  Scatterplots (sample values)
  Sample proportions and estimated probabilities
  Estimated overall and class-specific distributions

SAVEDATA INFORMATION


  Save file
    test_model2_lca_2.dat SAVE = cprobabilites bchweights

  Order and format of variables

    VAR8           F10.3
    VAR7           F10.3
    VAR6           F10.3
    VAR3           F10.3
    VAR4           F10.3
    VAR1           F10.3
    VAR5           F10.3
    VAR2           F10.3
    CPROB1         F10.3
    CPROB2         F10.3
    CLASS          F10.3
    ID             I5

  Save file format
    11F10.3 I5

  Save file record length    10000


     Beginning Time:  22:38:56
        Ending Time:  22:38:59
       Elapsed Time:  00:00:03



MUTHEN & MUTHEN
3463 Stoner Ave.
Los Angeles, CA  90066

Tel: (310) 391-9971
Fax: (310) 391-8971
Web: www.StatModel.com
Support: Support@StatModel.com

Copyright (c) 1998-2019 Muthen & Muthen
