Mplus VERSION 8.4
MUTHEN & MUTHEN
09/11/2024  10:08 AM

INPUT INSTRUCTIONS


  TITLE: test2 classes
  DATA: FILE IS test_model4_lca.dat;

  VARIABLE:
  NAMES = id var1 var2 var3 var4 var5 var6 var7 var8;
  IDVARIABLE = id;
  USEVARIABLES = var1 var2 var3 var4 var5 var6 var7 var8;
  MISSING = .;
  CLASSES = class (2);

  MODEL:
  %OVERALL%
  var1 WITH var2;
  var1 WITH var3;
  var1 WITH var4;
  var1 WITH var5;
  var1 WITH var6;
  var1 WITH var7;
  var1 WITH var8;
  var2 WITH var3;
  var2 WITH var4;
  var2 WITH var5;
  var2 WITH var6;
  var2 WITH var7;
  var2 WITH var8;
  var3 WITH var4;
  var3 WITH var5;
  var3 WITH var6;
  var3 WITH var7;
  var3 WITH var8;
  var4 WITH var5;
  var4 WITH var6;
  var4 WITH var7;
  var4 WITH var8;
  var5 WITH var6;
  var5 WITH var7;
  var5 WITH var8;
  var6 WITH var7;
  var6 WITH var8;
  var7 WITH var8;
  %CLASS#1%
  var1;
  var2;
  var3;
  var4;
  var5;
  var6;
  var7;
  var8;
  %CLASS#2%
  var1;
  var2;
  var3;
  var4;
  var5;
  var6;
  var7;
  var8;

  ANALYSIS:
  TYPE = MIXTURE;
  PROCESSORS = 16;
  STITERATIONS = 4;
  STARTS = 20 4;

  OUTPUT:
  SVALUES ENTROPY TECH1 TECH4;
  PLOT: TYPE=PLOT1 PLOT2 PLOT3;
  SAVEDATA:
  FILE IS test_model4_lca_2.dat
  SAVE = cprobabilites bchweights;



INPUT READING TERMINATED NORMALLY



test2 classes

SUMMARY OF ANALYSIS

Number of groups                                                 1
Number of observations                                        1000

Number of dependent variables                                    8
Number of independent variables                                  0
Number of continuous latent variables                            0
Number of categorical latent variables                           1

Observed dependent variables

  Continuous
   VAR1        VAR2        VAR3        VAR4        VAR5        VAR6
   VAR7        VAR8

Categorical latent variables
   CLASS

Variables with special functions

  ID variable           ID

Estimator                                                      MLR
Information matrix                                        OBSERVED
Optimization Specifications for the Quasi-Newton Algorithm for
Continuous Outcomes
  Maximum number of iterations                                 100
  Convergence criterion                                  0.100D-05
Optimization Specifications for the EM Algorithm
  Maximum number of iterations                                 500
  Convergence criteria
    Loglikelihood change                                 0.100D-06
    Relative loglikelihood change                        0.100D-06
    Derivative                                           0.100D-05
Optimization Specifications for the M step of the EM Algorithm for
Categorical Latent variables
  Number of M step iterations                                    1
  M step convergence criterion                           0.100D-05
  Basis for M step termination                           ITERATION
Optimization Specifications for the M step of the EM Algorithm for
Censored, Binary or Ordered Categorical (Ordinal), Unordered
Categorical (Nominal) and Count Outcomes
  Number of M step iterations                                    1
  M step convergence criterion                           0.100D-05
  Basis for M step termination                           ITERATION
  Maximum value for logit thresholds                            15
  Minimum value for logit thresholds                           -15
  Minimum expected cell size for chi-square              0.100D-01
Maximum number of iterations for H1                           2000
Convergence criterion for H1                             0.100D-03
Optimization algorithm                                         EMA
Random Starts Specifications
  Number of initial stage random starts                         20
  Number of final stage optimizations                            4
  Number of initial stage iterations                             4
  Initial stage convergence criterion                    0.100D+01
  Random starts scale                                    0.500D+01
  Random seed for generating random starts                       0

Input data file(s)
  test_model4_lca.dat
Input data format  FREE


SUMMARY OF DATA

     Number of missing data patterns             1
     Number of y missing data patterns           1
     Number of u missing data patterns           0


COVARIANCE COVERAGE OF DATA

Minimum covariance coverage value   0.100


     PROPORTION OF DATA PRESENT FOR Y


           Covariance Coverage
              VAR1          VAR2          VAR3          VAR4          VAR5
              ________      ________      ________      ________      ________
 VAR1           1.000
 VAR2           1.000         1.000
 VAR3           1.000         1.000         1.000
 VAR4           1.000         1.000         1.000         1.000
 VAR5           1.000         1.000         1.000         1.000         1.000
 VAR6           1.000         1.000         1.000         1.000         1.000
 VAR7           1.000         1.000         1.000         1.000         1.000
 VAR8           1.000         1.000         1.000         1.000         1.000


           Covariance Coverage
              VAR6          VAR7          VAR8
              ________      ________      ________
 VAR6           1.000
 VAR7           1.000         1.000
 VAR8           1.000         1.000         1.000



UNIVARIATE SAMPLE STATISTICS


     UNIVARIATE HIGHER-ORDER MOMENT DESCRIPTIVE STATISTICS

         Variable/         Mean/     Skewness/   Minimum/ % with                Percentiles
        Sample Size      Variance    Kurtosis    Maximum  Min/Max      20%/60%    40%/80%    Median

     VAR1                  1.154       1.917       1.000   84.60%       1.000      1.000      1.000
            1000.000       0.130       1.676       2.000   15.40%       1.000      1.000
     VAR2                  1.294       0.904       1.000   70.60%       1.000      1.000      1.000
            1000.000       0.208      -1.182       2.000   29.40%       1.000      2.000
     VAR3                -10.783       0.222    -138.764    3.90%     -61.557    -32.396    -17.605
            1000.000    4328.357      -0.367     177.586    0.10%       2.855     48.208
     VAR4                 25.614       4.340       0.000    0.10%      10.000     18.000     20.277
            1000.000     841.104      25.291     300.000    0.10%      20.278     30.000
     VAR5                 97.020       0.180       0.000    8.70%      21.000     60.000     90.000
            1000.000    5266.636      -1.319     267.000    0.10%     123.000    171.000
     VAR6                 92.954       1.823       0.000    2.20%       5.000     40.000     77.000
            1000.000    9351.801       8.190     880.500    0.20%      98.000    157.000
     VAR7                 19.375       3.742       0.000   31.90%       0.000      1.000      2.000
            1000.000    1715.582      17.484     350.000    0.10%       5.000     27.000
     VAR8                 82.775       0.343       0.000   25.60%       0.000     63.000     80.000
            1000.000    4271.684      -0.692     248.000    1.60%      98.000    142.000

RANDOM STARTS RESULTS RANKED FROM THE BEST TO THE WORST LOGLIKELIHOOD VALUES


6 perturbed starting value run(s) did not converge.
Final stage loglikelihood values at local maxima, seeds, and initial stage start numbers:

          -29525.310  68985            17
          -29539.878  107446           12
          -29553.444  462953           7

1 perturbed starting value run(s) did not converge.



     WARNING:  THE BEST LOGLIKELIHOOD VALUE WAS NOT REPLICATED.  THE
     SOLUTION MAY NOT BE TRUSTWORTHY DUE TO LOCAL MAXIMA.  INCREASE THE
     NUMBER OF RANDOM STARTS.


THE MODEL ESTIMATION TERMINATED NORMALLY



MODEL FIT INFORMATION

Number of Free Parameters                       61

Loglikelihood

          H0 Value                      -29525.310
          H0 Scaling Correction Factor      3.5448
            for MLR

Information Criteria

          Akaike (AIC)                   59172.620
          Bayesian (BIC)                 59471.993
          Sample-Size Adjusted BIC       59278.254
            (n* = (n + 2) / 24)



FINAL CLASS COUNTS AND PROPORTIONS FOR THE LATENT CLASSES
BASED ON THE ESTIMATED MODEL

    Latent
   Classes

       1        505.48996          0.50549
       2        494.51004          0.49451


FINAL CLASS COUNTS AND PROPORTIONS FOR THE LATENT CLASSES
BASED ON ESTIMATED POSTERIOR PROBABILITIES

    Latent
   Classes

       1        505.48996          0.50549
       2        494.51004          0.49451


FINAL CLASS COUNTS AND PROPORTIONS FOR THE LATENT CLASSES
BASED ON THEIR MOST LIKELY LATENT CLASS MEMBERSHIP

Class Counts and Proportions

    Latent
   Classes

       1              513          0.51300
       2              487          0.48700


CLASSIFICATION QUALITY

     Entropy                         0.941


           Univariate Entropy
              VAR1          VAR2          VAR3          VAR4          VAR5
              ________      ________      ________      ________      ________
                0.551         0.145         0.322         0.308         0.498


           Univariate Entropy
              VAR6          VAR7          VAR8
              ________      ________      ________
                0.521         0.873         0.525


Classification Probabilities for the Most Likely Latent Class Membership (Column)
by Latent Class (Row)

           1        2

    1   0.992    0.008
    2   0.023    0.977


Logits for the Classification Probabilities for the Most Likely Latent Class Membership (Column)
by Latent Class (Row)

              1        2

    1      4.822    0.000
    2     -3.734    0.000


MODEL RESULTS

                                                    Two-Tailed
                    Estimate       S.E.  Est./S.E.    P-Value

Latent Class 1

 VAR1     WITH
    VAR2              -0.001      0.001     -0.713      0.476
    VAR3               0.144      0.108      1.331      0.183
    VAR4               0.350      0.320      1.093      0.275
    VAR5              -0.367      0.259     -1.419      0.156
    VAR6               2.449      1.558      1.572      0.116
    VAR7               0.028      0.027      1.025      0.305
    VAR8              -0.462      0.240     -1.924      0.054

 VAR2     WITH
    VAR3               0.210      0.667      0.315      0.753
    VAR4               0.048      0.141      0.344      0.731
    VAR5               2.213      0.808      2.740      0.006
    VAR6               4.333      0.914      4.743      0.000
    VAR7               0.057      0.022      2.573      0.010
    VAR8               5.921      0.819      7.228      0.000

 VAR3     WITH
    VAR4               4.235     34.348      0.123      0.902
    VAR5            1189.623    151.807      7.836      0.000
    VAR6             774.847     83.643      9.264      0.000
    VAR7              21.615      3.206      6.742      0.000
    VAR8             728.382     84.158      8.655      0.000

 VAR4     WITH
    VAR5             -15.350     34.278     -0.448      0.654
    VAR6             -29.868     17.988     -1.660      0.097
    VAR7              -0.865      0.521     -1.659      0.097
    VAR8              -6.674     24.520     -0.272      0.785

 VAR5     WITH
    VAR6             808.034    103.465      7.810      0.000
    VAR7              27.167      4.481      6.063      0.000
    VAR8            1512.725     93.911     16.108      0.000

 VAR6     WITH
    VAR7              27.738      5.445      5.094      0.000
    VAR8            1003.792    101.257      9.913      0.000

 VAR7     WITH
    VAR8              28.620      4.875      5.871      0.000

 Means
    VAR1               1.299      0.021     61.787      0.000
    VAR2               1.143      0.017     66.894      0.000
    VAR3             -49.891      3.018    -16.533      0.000
    VAR4              18.108      0.486     37.263      0.000
    VAR5              48.418      2.790     17.351      0.000
    VAR6              27.286      2.407     11.336      0.000
    VAR7               0.700      0.087      8.077      0.000
    VAR8              35.678      2.067     17.261      0.000

 Variances
    VAR1               0.218      0.014     15.975      0.000
    VAR2               0.147      0.015      9.490      0.000
    VAR3            2445.669    305.113      8.016      0.000
    VAR4              79.437     24.549      3.236      0.001
    VAR5            3079.096    216.140     14.246      0.000
    VAR6            1587.763    220.295      7.207      0.000
    VAR7               1.452      0.402      3.611      0.000
    VAR8            2124.839    104.345     20.364      0.000

Latent Class 2

 VAR1     WITH
    VAR2              -0.001      0.001     -0.713      0.476
    VAR3               0.144      0.108      1.331      0.183
    VAR4               0.350      0.320      1.093      0.275
    VAR5              -0.367      0.259     -1.419      0.156
    VAR6               2.449      1.558      1.572      0.116
    VAR7               0.028      0.027      1.025      0.305
    VAR8              -0.462      0.240     -1.924      0.054

 VAR2     WITH
    VAR3               0.210      0.667      0.315      0.753
    VAR4               0.048      0.141      0.344      0.731
    VAR5               2.213      0.808      2.740      0.006
    VAR6               4.333      0.914      4.743      0.000
    VAR7               0.057      0.022      2.573      0.010
    VAR8               5.921      0.819      7.228      0.000

 VAR3     WITH
    VAR4               4.235     34.348      0.123      0.902
    VAR5            1189.623    151.807      7.836      0.000
    VAR6             774.847     83.643      9.264      0.000
    VAR7              21.615      3.206      6.742      0.000
    VAR8             728.382     84.158      8.655      0.000

 VAR4     WITH
    VAR5             -15.350     34.278     -0.448      0.654
    VAR6             -29.868     17.988     -1.660      0.097
    VAR7              -0.865      0.521     -1.659      0.097
    VAR8              -6.674     24.520     -0.272      0.785

 VAR5     WITH
    VAR6             808.034    103.465      7.810      0.000
    VAR7              27.167      4.481      6.063      0.000
    VAR8            1512.725     93.911     16.108      0.000

 VAR6     WITH
    VAR7              27.738      5.445      5.094      0.000
    VAR8            1003.792    101.257      9.913      0.000

 VAR7     WITH
    VAR8              28.620      4.875      5.871      0.000

 Means
    VAR1               1.006      0.004    283.290      0.000
    VAR2               1.448      0.024     60.554      0.000
    VAR3              29.193      2.752     10.610      0.000
    VAR4              33.287      1.846     18.031      0.000
    VAR5             146.700      2.921     50.230      0.000
    VAR6             160.079      4.740     33.775      0.000
    VAR7              38.465      2.528     15.217      0.000
    VAR8             130.918      2.491     52.554      0.000

 Variances
    VAR1               0.006      0.003      1.865      0.062
    VAR2               0.212      0.005     39.691      0.000
    VAR3            3154.765    190.979     16.519      0.000
    VAR4            1480.729    245.463      6.032      0.000
    VAR5            2708.881    160.612     16.866      0.000
    VAR6            7944.936   1188.109      6.687      0.000
    VAR7            2709.212    401.183      6.753      0.000
    VAR8            1933.272    120.455     16.050      0.000

Categorical Latent Variables

 Means
    CLASS#1            0.022      0.075      0.294      0.769


QUALITY OF NUMERICAL RESULTS

     Condition Number for the Information Matrix              0.128E-08
       (ratio of smallest to largest eigenvalue)


MODEL COMMAND WITH FINAL ESTIMATES USED AS STARTING VALUES

     %OVERALL%

     [ class#1*0.02196 ];

     %CLASS#1%

     var1 WITH var2*-0.00060 (10);
     var1 WITH var3*0.14355 (12);
     var1 WITH var4*0.34987 (15);
     var1 WITH var5*-0.36750 (19);
     var1 WITH var6*2.44911 (24);
     var1 WITH var7*0.02758 (30);
     var1 WITH var8*-0.46156 (37);
     var2 WITH var3*0.20992 (13);
     var2 WITH var4*0.04845 (16);
     var2 WITH var5*2.21272 (20);
     var2 WITH var6*4.33346 (25);
     var2 WITH var7*0.05728 (31);
     var2 WITH var8*5.92094 (38);
     var3 WITH var4*4.23550 (17);
     var3 WITH var5*1189.62268 (21);
     var3 WITH var6*774.84735 (26);
     var3 WITH var7*21.61475 (32);
     var3 WITH var8*728.38190 (39);
     var4 WITH var5*-15.35029 (22);
     var4 WITH var6*-29.86790 (27);
     var4 WITH var7*-0.86484 (33);
     var4 WITH var8*-6.67408 (40);
     var5 WITH var6*808.03448 (28);
     var5 WITH var7*27.16694 (34);
     var5 WITH var8*1512.72546 (41);
     var6 WITH var7*27.73781 (35);
     var6 WITH var8*1003.79224 (42);
     var7 WITH var8*28.62003 (43);

     [ var1*1.29872 ];
     [ var2*1.14289 ];
     [ var3*-49.89072 ];
     [ var4*18.10846 ];
     [ var5*48.41826 ];
     [ var6*27.28642 ];
     [ var7*0.69962 ];
     [ var8*35.67785 ];

     var1*0.21833;
     var2*0.14681;
     var3*2445.66895;
     var4*79.43706;
     var5*3079.09595;
     var6*1587.76294;
     var7*1.45221;
     var8*2124.83862;

     %CLASS#2%

     var1 WITH var2*-0.00060 (10);
     var1 WITH var3*0.14355 (12);
     var1 WITH var4*0.34987 (15);
     var1 WITH var5*-0.36750 (19);
     var1 WITH var6*2.44911 (24);
     var1 WITH var7*0.02758 (30);
     var1 WITH var8*-0.46156 (37);
     var2 WITH var3*0.20992 (13);
     var2 WITH var4*0.04845 (16);
     var2 WITH var5*2.21272 (20);
     var2 WITH var6*4.33346 (25);
     var2 WITH var7*0.05728 (31);
     var2 WITH var8*5.92094 (38);
     var3 WITH var4*4.23550 (17);
     var3 WITH var5*1189.62268 (21);
     var3 WITH var6*774.84735 (26);
     var3 WITH var7*21.61475 (32);
     var3 WITH var8*728.38190 (39);
     var4 WITH var5*-15.35029 (22);
     var4 WITH var6*-29.86790 (27);
     var4 WITH var7*-0.86484 (33);
     var4 WITH var8*-6.67408 (40);
     var5 WITH var6*808.03448 (28);
     var5 WITH var7*27.16694 (34);
     var5 WITH var8*1512.72546 (41);
     var6 WITH var7*27.73781 (35);
     var6 WITH var8*1003.79224 (42);
     var7 WITH var8*28.62003 (43);

     [ var1*1.00607 ];
     [ var2*1.44846 ];
     [ var3*29.19287 ];
     [ var4*33.28682 ];
     [ var5*146.70000 ];
     [ var6*160.07863 ];
     [ var7*38.46505 ];
     [ var8*130.91788 ];

     var1*0.00588;
     var2*0.21240;
     var3*3154.76489;
     var4*1480.72888;
     var5*2708.88135;
     var6*7944.93604;
     var7*2709.21240;
     var8*1933.27234;



TECHNICAL 1 OUTPUT


     PARAMETER SPECIFICATION FOR LATENT CLASS 1


           NU
              VAR1          VAR2          VAR3          VAR4          VAR5
              ________      ________      ________      ________      ________
                    1             2             3             4             5


           NU
              VAR6          VAR7          VAR8
              ________      ________      ________
                    6             7             8


           THETA
              VAR1          VAR2          VAR3          VAR4          VAR5
              ________      ________      ________      ________      ________
 VAR1               9
 VAR2              10            11
 VAR3              12            13            14
 VAR4              15            16            17            18
 VAR5              19            20            21            22            23
 VAR6              24            25            26            27            28
 VAR7              30            31            32            33            34
 VAR8              37            38            39            40            41


           THETA
              VAR6          VAR7          VAR8
              ________      ________      ________
 VAR6              29
 VAR7              35            36
 VAR8              42            43            44


     PARAMETER SPECIFICATION FOR LATENT CLASS 2


           NU
              VAR1          VAR2          VAR3          VAR4          VAR5
              ________      ________      ________      ________      ________
                   45            46            47            48            49


           NU
              VAR6          VAR7          VAR8
              ________      ________      ________
                   50            51            52


           THETA
              VAR1          VAR2          VAR3          VAR4          VAR5
              ________      ________      ________      ________      ________
 VAR1              53
 VAR2              10            54
 VAR3              12            13            55
 VAR4              15            16            17            56
 VAR5              19            20            21            22            57
 VAR6              24            25            26            27            28
 VAR7              30            31            32            33            34
 VAR8              37            38            39            40            41


           THETA
              VAR6          VAR7          VAR8
              ________      ________      ________
 VAR6              58
 VAR7              35            59
 VAR8              42            43            60


     PARAMETER SPECIFICATION FOR LATENT CLASS REGRESSION MODEL PART


           ALPHA(C)
              CLASS#1       CLASS#2
              ________      ________
                   61             0


     STARTING VALUES FOR LATENT CLASS 1


           NU
              VAR1          VAR2          VAR3          VAR4          VAR5
              ________      ________      ________      ________      ________
                0.793         0.838       -76.573        -3.387        24.448


           NU
              VAR6          VAR7          VAR8
              ________      ________      ________
               -3.751       -22.045        17.417


           THETA
              VAR1          VAR2          VAR3          VAR4          VAR5
              ________      ________      ________      ________      ________
 VAR1           0.065
 VAR2           0.000         0.104
 VAR3           0.000         0.000      2164.179
 VAR4           0.000         0.000         0.000       420.552
 VAR5           0.000         0.000         0.000         0.000      2633.318
 VAR6           0.000         0.000         0.000         0.000         0.000
 VAR7           0.000         0.000         0.000         0.000         0.000
 VAR8           0.000         0.000         0.000         0.000         0.000


           THETA
              VAR6          VAR7          VAR8
              ________      ________      ________
 VAR6        4675.900
 VAR7           0.000       857.791
 VAR8           0.000         0.000      2135.842


     STARTING VALUES FOR LATENT CLASS 2


           NU
              VAR1          VAR2          VAR3          VAR4          VAR5
              ________      ________      ________      ________      ________
                1.515         1.750        55.007        54.616       169.591


           NU
              VAR6          VAR7          VAR8
              ________      ________      ________
              189.658        60.795       148.133


           THETA
              VAR1          VAR2          VAR3          VAR4          VAR5
              ________      ________      ________      ________      ________
 VAR1           0.065
 VAR2           0.000         0.104
 VAR3           0.000         0.000      2164.179
 VAR4           0.000         0.000         0.000       420.552
 VAR5           0.000         0.000         0.000         0.000      2633.318
 VAR6           0.000         0.000         0.000         0.000         0.000
 VAR7           0.000         0.000         0.000         0.000         0.000
 VAR8           0.000         0.000         0.000         0.000         0.000


           THETA
              VAR6          VAR7          VAR8
              ________      ________      ________
 VAR6        4675.900
 VAR7           0.000       857.791
 VAR8           0.000         0.000      2135.842


     STARTING VALUES FOR LATENT CLASS REGRESSION MODEL PART


           ALPHA(C)
              CLASS#1       CLASS#2
              ________      ________
                0.000         0.000


TECHNICAL 4 OUTPUT


PLOT INFORMATION

The following plots are available:

  Histograms (sample values)
  Scatterplots (sample values)
  Estimated overall and class-specific distributions

SAVEDATA INFORMATION


  Save file
    test_model4_lca_2.dat SAVE = cprobabilites bchweights

  Order and format of variables

    VAR1           F10.3
    VAR2           F10.3
    VAR3           F10.3
    VAR4           F10.3
    VAR5           F10.3
    VAR6           F10.3
    VAR7           F10.3
    VAR8           F10.3
    CPROB1         F10.3
    CPROB2         F10.3
    CLASS          F10.3
    ID             I5

  Save file format
    11F10.3 I5

  Save file record length    10000


     Beginning Time:  10:08:42
        Ending Time:  10:08:44
       Elapsed Time:  00:00:02



MUTHEN & MUTHEN
3463 Stoner Ave.
Los Angeles, CA  90066

Tel: (310) 391-9971
Fax: (310) 391-8971
Web: www.StatModel.com
Support: Support@StatModel.com

Copyright (c) 1998-2019 Muthen & Muthen
