Mplus VERSION 8.4
MUTHEN & MUTHEN
09/12/2024  10:26 PM

INPUT INSTRUCTIONS


  TITLE: test2 classes
  DATA: FILE IS test_model1_lca.dat;

  VARIABLE:
  NAMES = id var1 var2 var3 var4 var5 var6 var7 var8;
  IDVARIABLE = id;
  USEVARIABLES = var1 var2 var3 var4 var5 var6 var7 var8;
  CATEGORICAL = var1 var2;
  CENSORED = var6 (b) var8 (bi);
  COUNT = var7 (pi);
  MISSING = .;
  CLASSES = class (2);

  MODEL:
  %CLASS#1%
  [ var7#1 ];
  [ var8#1 ];
  %CLASS#2%
  [ var7#1 ];
  [ var8#1 ];

  ANALYSIS:
  TYPE = MIXTURE;
  PROCESSORS = 16;
  STITERATIONS = 4;
  STARTS = 20 4;

  OUTPUT:
  SVALUES ENTROPY TECH1 TECH4;
  PLOT: TYPE=PLOT1 PLOT2 PLOT3;
  SAVEDATA:
  FILE IS test_model1_lca_2.dat
  SAVE = cprobabilites bchweights;



*** WARNING in MODEL command
  All variables are uncorrelated with all other variables within class.
  Check that this is what is intended.
   1 WARNING(S) FOUND IN THE INPUT INSTRUCTIONS



test2 classes

SUMMARY OF ANALYSIS

Number of groups                                                 1
Number of observations                                        1000

Number of dependent variables                                    8
Number of independent variables                                  0
Number of continuous latent variables                            0
Number of categorical latent variables                           1

Observed dependent variables

  Continuous
   VAR3        VAR4        VAR5

  Censored
   VAR6        VAR8

  Binary and ordered categorical (ordinal)
   VAR1        VAR2

  Count
   VAR7

Categorical latent variables
   CLASS

Variables with special functions

  ID variable           ID

Estimator                                                      MLR
Information matrix                                        OBSERVED
Optimization Specifications for the Quasi-Newton Algorithm for
Continuous Outcomes
  Maximum number of iterations                                 100
  Convergence criterion                                  0.100D-05
Optimization Specifications for the EM Algorithm
  Maximum number of iterations                                 500
  Convergence criteria
    Loglikelihood change                                 0.100D-06
    Relative loglikelihood change                        0.100D-06
    Derivative                                           0.100D-05
Optimization Specifications for the M step of the EM Algorithm for
Categorical Latent variables
  Number of M step iterations                                    1
  M step convergence criterion                           0.100D-05
  Basis for M step termination                           ITERATION
Optimization Specifications for the M step of the EM Algorithm for
Censored, Binary or Ordered Categorical (Ordinal), Unordered
Categorical (Nominal) and Count Outcomes
  Number of M step iterations                                    1
  M step convergence criterion                           0.100D-05
  Basis for M step termination                           ITERATION
  Maximum value for logit thresholds                            15
  Minimum value for logit thresholds                           -15
  Minimum expected cell size for chi-square              0.100D-01
Maximum number of iterations for H1                           2000
Convergence criterion for H1                             0.100D-03
Optimization algorithm                                         EMA
Random Starts Specifications
  Number of initial stage random starts                         20
  Number of final stage optimizations                            4
  Number of initial stage iterations                             4
  Initial stage convergence criterion                    0.100D+01
  Random starts scale                                    0.500D+01
  Random seed for generating random starts                       0
Link                                                         LOGIT

Input data file(s)
  test_model1_lca.dat
Input data format  FREE


SUMMARY OF DATA

     Number of missing data patterns             1
     Number of y missing data patterns           1
     Number of u missing data patterns           1


COVARIANCE COVERAGE OF DATA

Minimum covariance coverage value   0.100


     PROPORTION OF DATA PRESENT FOR Y


           Covariance Coverage
              VAR3          VAR4          VAR5
              ________      ________      ________
 VAR3           1.000
 VAR4           1.000         1.000
 VAR5           1.000         1.000         1.000


UNIVARIATE PROPORTIONS AND COUNTS FOR CATEGORICAL VARIABLES

    VAR1
      Category 1    0.846          846.000
      Category 2    0.154          154.000
    VAR2
      Category 1    0.706          706.000
      Category 2    0.294          294.000


SUMMARY OF CENSORED LIMITS

      VAR6               0.000
      VAR8               0.000


COUNT PROPORTION OF ZERO, MINIMUM AND MAXIMUM VALUES

      VAR7        0.319         0       350



UNIVARIATE SAMPLE STATISTICS


     UNIVARIATE HIGHER-ORDER MOMENT DESCRIPTIVE STATISTICS

         Variable/         Mean/     Skewness/   Minimum/ % with                Percentiles
        Sample Size      Variance    Kurtosis    Maximum  Min/Max      20%/60%    40%/80%    Median

     VAR3                -10.783       0.222    -138.764    3.90%     -61.557    -32.396    -17.605
            1000.000    4328.357      -0.367     177.586    0.10%       2.855     48.208
     VAR4                 25.614       4.340       0.000    0.10%      10.000     18.000     20.277
            1000.000     841.104      25.291     300.000    0.10%      20.278     30.000
     VAR5                 97.020       0.180       0.000    8.70%      21.000     60.000     90.000
            1000.000    5266.636      -1.319     267.000    0.10%     123.000    171.000

     WARNING:  COUNT VARIABLE HAS LARGE VALUES.
     IT MAY BE MORE APPROPRIATE TO TREAT SUCH VARIABLES AS CONTINUOUS.

RANDOM STARTS RESULTS RANKED FROM THE BEST TO THE WORST LOGLIKELIHOOD VALUES

Final stage loglikelihood values at local maxima, seeds, and initial stage start numbers:

          -34403.853  903420           5
          -34403.853  415931           10
          -34939.334  68985            17
          -34939.334  27071            15



THE BEST LOGLIKELIHOOD VALUE HAS BEEN REPLICATED.  RERUN WITH AT LEAST TWICE THE
RANDOM STARTS TO CHECK THAT THE BEST LOGLIKELIHOOD IS STILL OBTAINED AND REPLICATED.

     IN THE OPTIMIZATION, ONE OR MORE LOGIT THRESHOLDS APPROACHED EXTREME VALUES
     OF -15.000 AND 15.000 AND WERE FIXED TO STABILIZE MODEL ESTIMATION.  THESE
     VALUES IMPLY PROBABILITIES OF 0 AND 1.  IN THE MODEL RESULTS SECTION, THESE
     PARAMETERS HAVE 0 STANDARD ERRORS AND 999 IN THE Z-SCORE AND P-VALUE COLUMNS.

     IN THE OPTIMIZATION, ONE OR MORE LOGIT SCALE PARAMETERS APPROACHED EXTREME VALUES
     OF -15.000 AND 15.000 AND WERE FIXED TO STABILIZE MODEL ESTIMATION.  THESE
     VALUES IMPLY PROBABILITIES OF 0 AND 1.  IN THE MODEL RESULTS SECTION, THESE
     PARAMETERS HAVE 0 STANDARD ERRORS AND 999 IN THE Z-SCORE AND P-VALUE COLUMNS.




THE MODEL ESTIMATION TERMINATED NORMALLY



MODEL FIT INFORMATION

Number of Free Parameters                       26

Loglikelihood

          H0 Value                      -34403.853
          H0 Scaling Correction Factor      4.1409
            for MLR

Information Criteria

          Akaike (AIC)                   68859.706
          Bayesian (BIC)                 68987.308
          Sample-Size Adjusted BIC       68904.731
            (n* = (n + 2) / 24)

Chi-Square Test of Model Fit for the Binary and Ordered Categorical
(Ordinal) Outcomes

          Pearson Chi-Square

          Value                             24.976
          Degrees of freedom cannot be computed for this model part.

          Likelihood Ratio Chi-Square

          Value                             30.830
          Degrees of freedom cannot be computed for this model part.



FINAL CLASS COUNTS AND PROPORTIONS FOR THE LATENT CLASSES
BASED ON THE ESTIMATED MODEL

    Latent
   Classes

       1        825.21989          0.82522
       2        174.78011          0.17478


FINAL CLASS COUNTS AND PROPORTIONS FOR THE LATENT CLASSES
BASED ON ESTIMATED POSTERIOR PROBABILITIES

    Latent
   Classes

       1        825.21989          0.82522
       2        174.78011          0.17478


FINAL CLASS COUNTS AND PROPORTIONS FOR THE LATENT CLASSES
BASED ON THEIR MOST LIKELY LATENT CLASS MEMBERSHIP

Class Counts and Proportions

    Latent
   Classes

       1              825          0.82500
       2              175          0.17500


CLASSIFICATION QUALITY

     Entropy                         0.996


           Univariate Entropy
              VAR7          VAR1          VAR2          VAR3          VAR4
              ________      ________      ________      ________      ________
              999.000       999.000       999.000         0.378         0.395


           Univariate Entropy
              VAR5
              ________
                0.579         0.360         0.539


Classification Probabilities for the Most Likely Latent Class Membership (Column)
by Latent Class (Row)

           1        2

    1   0.999    0.001
    2   0.002    0.998


Logits for the Classification Probabilities for the Most Likely Latent Class Membership (Column)
by Latent Class (Row)

              1        2

    1      7.210    0.000
    2     -6.104    0.000


MODEL RESULTS

                                                    Two-Tailed
                    Estimate       S.E.  Est./S.E.    P-Value

Latent Class 1

 Means
    VAR3             -27.703      2.026    -13.676      0.000
    VAR4              23.545      0.908     25.926      0.000
    VAR5              78.822      2.378     33.152      0.000

 Means
    VAR7#1            -0.463      0.072     -6.410      0.000
    VAR7               2.062      0.062     33.490      0.000
    VAR6              74.401      3.310     22.476      0.000
    VAR8#1            -0.857      0.080    -10.697      0.000
    VAR8              94.497      1.992     47.450      0.000

 Thresholds
    VAR1$1             1.472      0.090     16.365      0.000
    VAR2$1             1.213      0.083     14.560      0.000

 Variances
    VAR3            2976.353    143.584     20.729      0.000
    VAR4             820.877    136.194      6.027      0.000
    VAR5            3702.695    134.862     27.456      0.000

 Variances
    VAR6            8222.344   1015.354      8.098      0.000
    VAR8            2003.566    137.173     14.606      0.000

Latent Class 2

 Means
    VAR3              69.124      3.646     18.961      0.000
    VAR4              35.388      2.967     11.926      0.000
    VAR5             182.963      2.732     66.962      0.000

 Means
    VAR7#1           -15.000      0.000    999.000    999.000
    VAR7               4.478      0.066     67.362      0.000
    VAR6             174.123      5.440     32.008      0.000
    VAR8#1           -15.000      0.000    999.000    999.000
    VAR8             159.465      3.152     50.595      0.000

 Thresholds
    VAR1$1            15.000      0.000    999.000    999.000
    VAR2$1            -0.406      0.161     -2.519      0.012

 Variances
    VAR3            2976.353    143.584     20.729      0.000
    VAR4             820.877    136.194      6.027      0.000
    VAR5            3702.695    134.862     27.456      0.000

 Variances
    VAR6            8222.344   1015.354      8.098      0.000
    VAR8            2003.566    137.173     14.606      0.000

Categorical Latent Variables

 Means
    CLASS#1            1.552      0.088     17.610      0.000


RESULTS IN PROBABILITY SCALE

Latent Class 1

 VAR1
    Category 1         0.813      0.014     59.568      0.000
    Category 2         0.187      0.014     13.667      0.000
 VAR2
    Category 1         0.771      0.015     52.376      0.000
    Category 2         0.229      0.015     15.571      0.000

Latent Class 2

 VAR1
    Category 1         1.000      0.000      0.000      1.000
    Category 2         0.000      0.000      0.000      1.000
 VAR2
    Category 1         0.400      0.039     10.339      0.000
    Category 2         0.600      0.039     15.516      0.000


LATENT CLASS ODDS RATIO RESULTS

                                         (Est. - 1) Two-Tailed
                    Estimate       S.E.     / S.E.    P-Value

Latent Class 1 Compared to Latent Class 2

 VAR1
    Category > 1   *********      0.000    999.000    999.000
 VAR2
    Category > 1       0.198      0.036    -22.482      0.000


QUALITY OF NUMERICAL RESULTS

     Condition Number for the Information Matrix              0.569E-05
       (ratio of smallest to largest eigenvalue)


MODEL COMMAND WITH FINAL ESTIMATES USED AS STARTING VALUES

     %OVERALL%

     [ class#1*1.55212 ];

     %CLASS#1%

     [ var3*-27.70270 ];
     [ var4*23.54477 ];
     [ var5*78.82194 ];
     [ var7#1*-0.46278 ];
     [ var7*2.06157 ];
     [ var6*74.40144 ];
     [ var8#1*-0.85674 ];
     [ var8*94.49727 ];

     [ var1$1*1.47214 ];
     [ var2$1*1.21304 ];

     var3*2976.35303 (4);
     var4*820.87653 (5);
     var5*3702.69531 (6);
     var6*8222.34375 (20);
     var8*2003.56604 (21);

     %CLASS#2%

     [ var3*69.12439 ];
     [ var4*35.38839 ];
     [ var5*182.96329 ];
     [ var7#1*-15 ];
     [ var7*4.47830 ];
     [ var6*174.12253 ];
     [ var8#1*-15 ];
     [ var8*159.46461 ];

     [ var1$1*15 ];
     [ var2$1*-0.40598 ];

     var3*2976.35303 (4);
     var4*820.87653 (5);
     var5*3702.69531 (6);
     var6*8222.34375 (20);
     var8*2003.56604 (21);



TECHNICAL 1 OUTPUT


     PARAMETER SPECIFICATION FOR LATENT CLASS 1


           NU
              VAR3          VAR4          VAR5
              ________      ________      ________
                    1             2             3


           THETA
              VAR3          VAR4          VAR5
              ________      ________      ________
 VAR3               4
 VAR4               0             5
 VAR5               0             0             6


     PARAMETER SPECIFICATION FOR LATENT CLASS 2


           NU
              VAR3          VAR4          VAR5
              ________      ________      ________
                    7             8             9


           THETA
              VAR3          VAR4          VAR5
              ________      ________      ________
 VAR3               4
 VAR4               0             5
 VAR5               0             0             6


     PARAMETER SPECIFICATION FOR LATENT CLASS INDICATOR MODEL PART


           TAU(U) FOR LATENT CLASS 1
              VAR1$1        VAR2$1
              ________      ________
                   10            11


           TAU(U) FOR LATENT CLASS 2
              VAR1$1        VAR2$1
              ________      ________
                   12            13


     PARAMETER SPECIFICATION FOR LATENT CLASS REGRESSION MODEL PART


           ALPHA(C)
              CLASS#1       CLASS#2
              ________      ________
                   14             0


     PARAMETER SPECIFICATION FOR THE CENSORED/NOMINAL/COUNT MODEL PART


           NU(P) FOR LATENT CLASS 1
              VAR7#1        VAR7          VAR6#1        VAR6          VAR8#1
              ________      ________      ________      ________      ________
                   15            16             0            17            18


           NU(P) FOR LATENT CLASS 1
              VAR8
              ________
                   19


           THETA(C) FOR CLASS LATENT CLASS 1
              VAR6          VAR8
              ________      ________
                   20            21


           NU(P) FOR LATENT CLASS 2
              VAR7#1        VAR7          VAR6#1        VAR6          VAR8#1
              ________      ________      ________      ________      ________
                   22            23             0            24            25


           NU(P) FOR LATENT CLASS 2
              VAR8
              ________
                   26


           THETA(C) FOR CLASS LATENT CLASS 2
              VAR6          VAR8
              ________      ________
                   20            21


     STARTING VALUES FOR LATENT CLASS 1


           NU
              VAR3          VAR4          VAR5
              ________      ________      ________
              -76.573        -3.387        24.448


           THETA
              VAR3          VAR4          VAR5
              ________      ________      ________
 VAR3        2164.179
 VAR4           0.000       420.552
 VAR5           0.000         0.000      2633.318


     STARTING VALUES FOR LATENT CLASS 2


           NU
              VAR3          VAR4          VAR5
              ________      ________      ________
               55.007        54.616       169.591


           THETA
              VAR3          VAR4          VAR5
              ________      ________      ________
 VAR3        2164.179
 VAR4           0.000       420.552
 VAR5           0.000         0.000      2633.318


     STARTING VALUES FOR LATENT CLASS INDICATOR MODEL PART


           TAU(U) FOR LATENT CLASS 1
              VAR1$1        VAR2$1
              ________      ________
                0.704        -0.124


           TAU(U) FOR LATENT CLASS 2
              VAR1$1        VAR2$1
              ________      ________
                2.704         1.876


     STARTING VALUES FOR LATENT CLASS REGRESSION MODEL PART


           ALPHA(C)
              CLASS#1       CLASS#2
              ________      ________
                0.000         0.000


     STARTING VALUES FOR THE CENSORED/NOMINAL/COUNT MODEL PART


           NU(P) FOR LATENT CLASS 1
              VAR7#1        VAR7          VAR6#1        VAR6          VAR8#1
              ________      ________      ________      ________      ________
               -0.200         4.672       -20.000        -3.751        -1.046


           NU(P) FOR LATENT CLASS 1
              VAR8
              ________
               17.417


           THETA(C) FOR LATENT CLASS 1
              VAR6          VAR8
              ________      ________
             4675.900      2135.842


           NU(P) FOR LATENT CLASS 2
              VAR7#1        VAR7          VAR6#1        VAR6          VAR8#1
              ________      ________      ________      ________      ________
               -0.200         5.672       -20.000       189.658        -1.046


           NU(P) FOR LATENT CLASS 2
              VAR8
              ________
              148.133


           THETA(C) FOR LATENT CLASS 2
              VAR6          VAR8
              ________      ________
             4675.900      2135.842


TECHNICAL 4 OUTPUT


PLOT INFORMATION

The following plots are available:

  Histograms (sample values)
  Scatterplots (sample values)
  Sample proportions and estimated probabilities
  Estimated overall and class-specific distributions

SAVEDATA INFORMATION


  Save file
    test_model1_lca_2.dat SAVE = cprobabilites bchweights

  Order and format of variables

    VAR7           F10.3
    VAR6           F10.3
    VAR8           F10.3
    VAR1           F10.3
    VAR2           F10.3
    VAR3           F10.3
    VAR4           F10.3
    VAR5           F10.3
    CPROB1         F10.3
    CPROB2         F10.3
    CLASS          F10.3
    ID             I5

  Save file format
    11F10.3 I5

  Save file record length    10000


     Beginning Time:  22:26:20
        Ending Time:  22:26:21
       Elapsed Time:  00:00:01



MUTHEN & MUTHEN
3463 Stoner Ave.
Los Angeles, CA  90066

Tel: (310) 391-9971
Fax: (310) 391-8971
Web: www.StatModel.com
Support: Support@StatModel.com

Copyright (c) 1998-2019 Muthen & Muthen
