   -14198.125479007579997       76974          16
   -14363.088107829169530       68985          17
   -14198.125479007501781      851945          18
   -14198.125479007505419      637345          19
   -14198.125479007507238      573096          20
   -14198.125479007509057       76974          16
        1.703566757192594
      -15.000000000000000
        2.963983857062132
       91.787931727994007
       -1.156580734244792
      108.373664136094831
        4.147638521126233
     9672.949118733804426
     2893.487837546254468
           5
           0
