   -14198.125479007499962      195873           6
   -14198.125479007503600      462953           7
   -14198.125479007503600      939021           8
   -14198.125490906646519      127215           9
   -14198.125479007499962      415931          10
   -14198.125479007503600      195873           6
        1.703566757192594
      -15.000000000000000
        2.963983857062053
       91.787931727994618
       -1.156580734244855
      108.373664136093566
        4.147638521128258
     9672.949118734002695
     2893.487837546848368
           5
           0
