   -14198.125479007496324      533738          11
   -14319.666477031931208      107446          12
   -14198.125479007494505      399671          13
   -14198.125479007507238      650371          14
   -14198.125479007499962       27071          15
   -14198.125479007503600      533738          11
        1.703566757192594
      -15.000000000000000
        2.963983857062053
       91.787931727994632
       -1.156580734244854
      108.373664136093566
        4.147638521128258
     9672.949118734000876
     2893.487837546848368
           5
           0
