Mplus VERSION 8.4
MUTHEN & MUTHEN
09/16/2024   6:21 PM

INPUT INSTRUCTIONS


  TITLE: test1 classes
  DATA: FILE IS test_model2_lca.dat;

  VARIABLE:
  NAMES = id var1 var2 var3 var4 var5 var6 var7 var8;
  IDVARIABLE = id;
  USEVARIABLES = var1 var6 var7 var8;
  CATEGORICAL = var1;
  CENSORED = var6 (b) var8 (bi);
  COUNT = var7 (nbi);
  AUXILIARY = var2 var3 var4 var5;
  MISSING = .;
  CLASSES = class (1);

  MODEL:
  %CLASS#1%
  [ var7#1 ];
  [ var8#1 ];
  var6;
  var7;
  var8;

  ANALYSIS:
  TYPE = MIXTURE;
  PROCESSORS = 16;
  STITERATIONS = 4;
  STARTS = 20 4;

  OUTPUT:
  SVALUES ENTROPY TECH1 TECH4;
  PLOT: TYPE=PLOT1 PLOT2 PLOT3;
  SAVEDATA:
  FILE IS test_model2_lca_1.dat
  SAVE = cprobabilites bchweights;



INPUT READING TERMINATED NORMALLY



test1 classes

SUMMARY OF ANALYSIS

Number of groups                                                 1
Number of observations                                        1000

Number of dependent variables                                    4
Number of independent variables                                  0
Number of continuous latent variables                            0
Number of categorical latent variables                           1

Observed dependent variables

  Censored
   VAR7        VAR6        VAR8

  Binary and ordered categorical (ordinal)
   VAR1

  Count
   VAR7

Observed auxiliary variables
   VAR2        VAR3        VAR4        VAR5

Categorical latent variables
   CLASS

Variables with special functions

  ID variable           ID

Estimator                                                      MLR
Information matrix                                        OBSERVED
Optimization Specifications for the Quasi-Newton Algorithm for
Continuous Outcomes
  Maximum number of iterations                                 100
  Convergence criterion                                  0.100D-05
Optimization Specifications for the EM Algorithm
  Maximum number of iterations                                 500
  Convergence criteria
    Loglikelihood change                                 0.100D-06
    Relative loglikelihood change                        0.100D-06
    Derivative                                           0.100D-05
Optimization Specifications for the M step of the EM Algorithm for
Categorical Latent variables
  Number of M step iterations                                    1
  M step convergence criterion                           0.100D-05
  Basis for M step termination                           ITERATION
Optimization Specifications for the M step of the EM Algorithm for
Censored, Binary or Ordered Categorical (Ordinal), Unordered
Categorical (Nominal) and Count Outcomes
  Number of M step iterations                                    1
  M step convergence criterion                           0.100D-05
  Basis for M step termination                           ITERATION
  Maximum value for logit thresholds                            15
  Minimum value for logit thresholds                           -15
  Minimum expected cell size for chi-square              0.100D-01
Maximum number of iterations for H1                           2000
Convergence criterion for H1                             0.100D-03
Optimization algorithm                                         EMA
Random Starts Specifications
  Number of initial stage random starts                         20
  Number of final stage optimizations                            4
  Number of initial stage iterations                             4
  Initial stage convergence criterion                    0.100D+01
  Random starts scale                                    0.500D+01
  Random seed for generating random starts                       0
Link                                                         LOGIT

Input data file(s)
  test_model2_lca.dat
Input data format  FREE


SUMMARY OF DATA

     Number of missing data patterns             1
     Number of y missing data patterns           0
     Number of u missing data patterns           1


COVARIANCE COVERAGE OF DATA

Minimum covariance coverage value   0.100


UNIVARIATE PROPORTIONS AND COUNTS FOR CATEGORICAL VARIABLES

    VAR1
      Category 1    0.846          846.000
      Category 2    0.154          154.000


SUMMARY OF CENSORED LIMITS

      VAR7           99999.000
      VAR6               0.000
      VAR8               0.000


COUNT PROPORTION OF ZERO, MINIMUM AND MAXIMUM VALUES

      VAR7        0.319         0       350


RANDOM STARTS RESULTS RANKED FROM THE BEST TO THE WORST LOGLIKELIHOOD VALUES

Final stage loglikelihood values at local maxima, seeds, and initial stage start numbers:

          -14198.125  533738           11
          -14198.125  195873           6
          -14198.125  76974            16
          -14198.125  unperturbed      0


     IN THE OPTIMIZATION, ONE OR MORE LOGIT SCALE PARAMETERS APPROACHED EXTREME VALUES
     OF -15.000 AND 15.000 AND WERE FIXED TO STABILIZE MODEL ESTIMATION.  THESE
     VALUES IMPLY PROBABILITIES OF 0 AND 1.  IN THE MODEL RESULTS SECTION, THESE
     PARAMETERS HAVE 0 STANDARD ERRORS AND 999 IN THE Z-SCORE AND P-VALUE COLUMNS.


THE MODEL ESTIMATION TERMINATED NORMALLY



MODEL FIT INFORMATION

Number of Free Parameters                        9

Loglikelihood

          H0 Value                      -14198.125
          H0 Scaling Correction Factor      1.4213
            for MLR

Information Criteria

          Akaike (AIC)                   28414.251
          Bayesian (BIC)                 28458.421
          Sample-Size Adjusted BIC       28429.836
            (n* = (n + 2) / 24)

Chi-Square Test of Model Fit for the Binary and Ordered Categorical
(Ordinal) Outcomes

          Pearson Chi-Square

          Value                              0.000
          Degrees of Freedom                     0
          P-Value                           1.0000

          Likelihood Ratio Chi-Square

          Value                              0.000
          Degrees of Freedom                     0
          P-Value                           1.0000



FINAL CLASS COUNTS AND PROPORTIONS FOR THE LATENT CLASSES
BASED ON THE ESTIMATED MODEL

    Latent
   Classes

       1       1000.00000          1.00000


FINAL CLASS COUNTS AND PROPORTIONS FOR THE LATENT CLASSES
BASED ON ESTIMATED POSTERIOR PROBABILITIES

    Latent
   Classes

       1       1000.00000          1.00000


FINAL CLASS COUNTS AND PROPORTIONS FOR THE LATENT CLASSES
BASED ON THEIR MOST LIKELY LATENT CLASS MEMBERSHIP

Class Counts and Proportions

    Latent
   Classes

       1             1000          1.00000


Classification Probabilities for the Most Likely Latent Class Membership (Column)
by Latent Class (Row)

           1

    1   1.000


Logits for the Classification Probabilities for the Most Likely Latent Class Membership (Column)
by Latent Class (Row)

              1

    1      0.000


MODEL RESULTS

                                                    Two-Tailed
                    Estimate       S.E.  Est./S.E.    P-Value

Latent Class 1

 Means
    VAR7#1           -15.000      0.000    999.000    999.000
    VAR7               2.964      0.068     43.844      0.000
    VAR6              91.788      3.074     29.859      0.000
    VAR8#1            -1.157      0.079    -14.649      0.000
    VAR8             108.374      1.985     54.597      0.000

 Thresholds
    VAR1$1             1.704      0.088     19.445      0.000

 Variances
    VAR6            9672.949    976.444      9.906      0.000
    VAR8            2893.488    170.867     16.934      0.000

 Dispersion
    VAR7               4.148      0.178     23.244      0.000


RESULTS IN PROBABILITY SCALE

Latent Class 1

 VAR1
    Category 1         0.846      0.011     74.118      0.000
    Category 2         0.154      0.011     13.492      0.000


QUALITY OF NUMERICAL RESULTS

     Condition Number for the Information Matrix              0.218E-07
       (ratio of smallest to largest eigenvalue)


MODEL COMMAND WITH FINAL ESTIMATES USED AS STARTING VALUES

     %OVERALL%

     %CLASS#1%

     [ var7#1*-15 ];
     [ var7*2.96398 ];
     [ var6*91.78793 ];
     [ var8#1*-1.15658 ];
     [ var8*108.37366 ];

     [ var1$1*1.70357 ];

     var7*4.14764;
     var6*9672.94922;
     var8*2893.48779;



TECHNICAL 1 OUTPUT


     PARAMETER SPECIFICATION FOR LATENT CLASS 1


     PARAMETER SPECIFICATION FOR LATENT CLASS INDICATOR MODEL PART


           TAU(U) FOR LATENT CLASS 1
              VAR1$1
              ________
                    1


     PARAMETER SPECIFICATION FOR LATENT CLASS REGRESSION MODEL PART


           ALPHA(C)
              CLASS#1
              ________
                    0


     PARAMETER SPECIFICATION FOR THE CENSORED/NOMINAL/COUNT MODEL PART


           NU(P) FOR LATENT CLASS 1
              VAR7#1        VAR7          VAR6#1        VAR6          VAR8#1
              ________      ________      ________      ________      ________
                    2             3             0             4             5


           NU(P) FOR LATENT CLASS 1
              VAR8
              ________
                    6


           THETA(C) FOR CLASS LATENT CLASS 1
              VAR7          VAR6          VAR8
              ________      ________      ________
                    7             8             9


     STARTING VALUES FOR LATENT CLASS 1


     STARTING VALUES FOR LATENT CLASS INDICATOR MODEL PART


           TAU(U) FOR LATENT CLASS 1
              VAR1$1
              ________
                1.704


     STARTING VALUES FOR LATENT CLASS REGRESSION MODEL PART


           ALPHA(C)
              CLASS#1
              ________
                0.000


     STARTING VALUES FOR THE CENSORED/NOMINAL/COUNT MODEL PART


           NU(P) FOR LATENT CLASS 1
              VAR7#1        VAR7          VAR6#1        VAR6          VAR8#1
              ________      ________      ________      ________      ________
               -0.200         4.672       -20.000        92.953        -1.046


           NU(P) FOR LATENT CLASS 1
              VAR8
              ________
               82.775


           THETA(C) FOR LATENT CLASS 1
              VAR7          VAR6          VAR8
              ________      ________      ________
                4.519      4675.900      2135.842


TECHNICAL 4 OUTPUT


PLOT INFORMATION

The following plots are available:

  Histograms (sample values)
  Scatterplots (sample values)
  Sample proportions and estimated probabilities

SAVEDATA INFORMATION


  Save file
    test_model2_lca_1.dat SAVE = cprobabilites bchweights

  Order and format of variables

    VAR7           F10.3
    VAR6           F10.3
    VAR8           F10.3
    VAR1           F10.3
    VAR2           F10.3
    VAR3           F10.3
    VAR4           F10.3
    VAR5           F10.3
    CPROB1         F10.3
    CLASS          F10.3
    ID             I5

  Save file format
    10F10.3 I5

  Save file record length    10000


     Beginning Time:  18:21:12
        Ending Time:  18:21:14
       Elapsed Time:  00:00:02



MUTHEN & MUTHEN
3463 Stoner Ave.
Los Angeles, CA  90066

Tel: (310) 391-9971
Fax: (310) 391-8971
Web: www.StatModel.com
Support: Support@StatModel.com

Copyright (c) 1998-2019 Muthen & Muthen
