Mplus VERSION 8.4
MUTHEN & MUTHEN
09/11/2024  10:08 AM

INPUT INSTRUCTIONS


  TITLE: test2 classes
  DATA: FILE IS test_model5_lca.dat;

  VARIABLE:
  NAMES = id var1 var2 var3 var4 var5 var6 var7 var8;
  IDVARIABLE = id;
  USEVARIABLES = var1 var2 var3 var4 var5 var6 var7 var8;
  MISSING = .;
  CLASSES = class (2);

  MODEL:
  %CLASS#1%
  var1 WITH var2;
  var1 WITH var3;
  var1 WITH var4;
  var1 WITH var5;
  var1 WITH var6;
  var1 WITH var7;
  var1 WITH var8;
  var2 WITH var3;
  var2 WITH var4;
  var2 WITH var5;
  var2 WITH var6;
  var2 WITH var7;
  var2 WITH var8;
  var3 WITH var4;
  var3 WITH var5;
  var3 WITH var6;
  var3 WITH var7;
  var3 WITH var8;
  var4 WITH var5;
  var4 WITH var6;
  var4 WITH var7;
  var4 WITH var8;
  var5 WITH var6;
  var5 WITH var7;
  var5 WITH var8;
  var6 WITH var7;
  var6 WITH var8;
  var7 WITH var8;
  %CLASS#2%
  var1 WITH var2;
  var1 WITH var3;
  var1 WITH var4;
  var1 WITH var5;
  var1 WITH var6;
  var1 WITH var7;
  var1 WITH var8;
  var2 WITH var3;
  var2 WITH var4;
  var2 WITH var5;
  var2 WITH var6;
  var2 WITH var7;
  var2 WITH var8;
  var3 WITH var4;
  var3 WITH var5;
  var3 WITH var6;
  var3 WITH var7;
  var3 WITH var8;
  var4 WITH var5;
  var4 WITH var6;
  var4 WITH var7;
  var4 WITH var8;
  var5 WITH var6;
  var5 WITH var7;
  var5 WITH var8;
  var6 WITH var7;
  var6 WITH var8;
  var7 WITH var8;

  ANALYSIS:
  TYPE = MIXTURE;
  PROCESSORS = 16;
  STITERATIONS = 4;
  STARTS = 20 4;

  OUTPUT:
  SVALUES ENTROPY TECH1 TECH4;
  PLOT: TYPE=PLOT1 PLOT2 PLOT3;
  SAVEDATA:
  FILE IS test_model5_lca_2.dat
  SAVE = cprobabilites bchweights;



*** WARNING in MODEL command
  All variables are uncorrelated with all other variables within class.
  Check that this is what is intended.
   1 WARNING(S) FOUND IN THE INPUT INSTRUCTIONS



test2 classes

SUMMARY OF ANALYSIS

Number of groups                                                 1
Number of observations                                        1000

Number of dependent variables                                    8
Number of independent variables                                  0
Number of continuous latent variables                            0
Number of categorical latent variables                           1

Observed dependent variables

  Continuous
   VAR1        VAR2        VAR3        VAR4        VAR5        VAR6
   VAR7        VAR8

Categorical latent variables
   CLASS

Variables with special functions

  ID variable           ID

Estimator                                                      MLR
Information matrix                                        OBSERVED
Optimization Specifications for the Quasi-Newton Algorithm for
Continuous Outcomes
  Maximum number of iterations                                 100
  Convergence criterion                                  0.100D-05
Optimization Specifications for the EM Algorithm
  Maximum number of iterations                                 500
  Convergence criteria
    Loglikelihood change                                 0.100D-06
    Relative loglikelihood change                        0.100D-06
    Derivative                                           0.100D-05
Optimization Specifications for the M step of the EM Algorithm for
Categorical Latent variables
  Number of M step iterations                                    1
  M step convergence criterion                           0.100D-05
  Basis for M step termination                           ITERATION
Optimization Specifications for the M step of the EM Algorithm for
Censored, Binary or Ordered Categorical (Ordinal), Unordered
Categorical (Nominal) and Count Outcomes
  Number of M step iterations                                    1
  M step convergence criterion                           0.100D-05
  Basis for M step termination                           ITERATION
  Maximum value for logit thresholds                            15
  Minimum value for logit thresholds                           -15
  Minimum expected cell size for chi-square              0.100D-01
Maximum number of iterations for H1                           2000
Convergence criterion for H1                             0.100D-03
Optimization algorithm                                         EMA
Random Starts Specifications
  Number of initial stage random starts                         20
  Number of final stage optimizations                            4
  Number of initial stage iterations                             4
  Initial stage convergence criterion                    0.100D+01
  Random starts scale                                    0.500D+01
  Random seed for generating random starts                       0

Input data file(s)
  test_model5_lca.dat
Input data format  FREE


SUMMARY OF DATA

     Number of missing data patterns             1
     Number of y missing data patterns           1
     Number of u missing data patterns           0


COVARIANCE COVERAGE OF DATA

Minimum covariance coverage value   0.100


     PROPORTION OF DATA PRESENT FOR Y


           Covariance Coverage
              VAR1          VAR2          VAR3          VAR4          VAR5
              ________      ________      ________      ________      ________
 VAR1           1.000
 VAR2           1.000         1.000
 VAR3           1.000         1.000         1.000
 VAR4           1.000         1.000         1.000         1.000
 VAR5           1.000         1.000         1.000         1.000         1.000
 VAR6           1.000         1.000         1.000         1.000         1.000
 VAR7           1.000         1.000         1.000         1.000         1.000
 VAR8           1.000         1.000         1.000         1.000         1.000


           Covariance Coverage
              VAR6          VAR7          VAR8
              ________      ________      ________
 VAR6           1.000
 VAR7           1.000         1.000
 VAR8           1.000         1.000         1.000



UNIVARIATE SAMPLE STATISTICS


     UNIVARIATE HIGHER-ORDER MOMENT DESCRIPTIVE STATISTICS

         Variable/         Mean/     Skewness/   Minimum/ % with                Percentiles
        Sample Size      Variance    Kurtosis    Maximum  Min/Max      20%/60%    40%/80%    Median

     VAR1                  1.154       1.917       1.000   84.60%       1.000      1.000      1.000
            1000.000       0.130       1.676       2.000   15.40%       1.000      1.000
     VAR2                  1.294       0.904       1.000   70.60%       1.000      1.000      1.000
            1000.000       0.208      -1.182       2.000   29.40%       1.000      2.000
     VAR3                -10.783       0.222    -138.764    3.90%     -61.557    -32.396    -17.605
            1000.000    4328.357      -0.367     177.586    0.10%       2.855     48.208
     VAR4                 25.614       4.340       0.000    0.10%      10.000     18.000     20.277
            1000.000     841.104      25.291     300.000    0.10%      20.278     30.000
     VAR5                 97.020       0.180       0.000    8.70%      21.000     60.000     90.000
            1000.000    5266.636      -1.319     267.000    0.10%     123.000    171.000
     VAR6                 92.954       1.823       0.000    2.20%       5.000     40.000     77.000
            1000.000    9351.801       8.190     880.500    0.20%      98.000    157.000
     VAR7                 19.375       3.742       0.000   31.90%       0.000      1.000      2.000
            1000.000    1715.582      17.484     350.000    0.10%       5.000     27.000
     VAR8                 82.775       0.343       0.000   25.60%       0.000     63.000     80.000
            1000.000    4271.684      -0.692     248.000    1.60%      98.000    142.000

RANDOM STARTS RESULTS RANKED FROM THE BEST TO THE WORST LOGLIKELIHOOD VALUES


2 perturbed starting value run(s) did not converge.
Final stage loglikelihood values at local maxima, seeds, and initial stage start numbers:

          -30222.969  650371           14
          -30222.969  93468            3
          -30222.969  462953           7
          -31184.735  573096           20



THE BEST LOGLIKELIHOOD VALUE HAS BEEN REPLICATED.  RERUN WITH AT LEAST TWICE THE
RANDOM STARTS TO CHECK THAT THE BEST LOGLIKELIHOOD IS STILL OBTAINED AND REPLICATED.

     THE STANDARD ERRORS OF THE MODEL PARAMETER ESTIMATES MAY NOT BE
     TRUSTWORTHY FOR SOME PARAMETERS DUE TO A NON-POSITIVE DEFINITE
     FIRST-ORDER DERIVATIVE PRODUCT MATRIX.  THIS MAY BE DUE TO THE STARTING
     VALUES BUT MAY ALSO BE AN INDICATION OF MODEL NONIDENTIFICATION.  THE
     CONDITION NUMBER IS       0.672D-12.  PROBLEM INVOLVING THE FOLLOWING PARAMETER:
     Parameter 1, %CLASS#1%: [ VAR1 ]

     THE MODEL ESTIMATION DID NOT TERMINATE NORMALLY DUE TO AN ILL-CONDITIONED
     FISHER INFORMATION MATRIX.  CHANGE YOUR MODEL AND/OR STARTING VALUES.

     THE MODEL ESTIMATION DID NOT TERMINATE NORMALLY DUE TO A NON-POSITIVE
     DEFINITE FISHER INFORMATION MATRIX.  THIS MAY BE DUE TO THE STARTING VALUES
     BUT MAY ALSO BE AN INDICATION OF MODEL NONIDENTIFICATION.  THE CONDITION
     NUMBER IS       0.132D-11.

     THE STANDARD ERRORS OF THE MODEL PARAMETER ESTIMATES COULD NOT BE
     COMPUTED.  THIS IS OFTEN DUE TO THE STARTING VALUES BUT MAY ALSO BE
     AN INDICATION OF MODEL NONIDENTIFICATION.  CHANGE YOUR MODEL AND/OR
     STARTING VALUES.  PROBLEM INVOLVING THE FOLLOWING PARAMETER:
     Parameter 1, %CLASS#1%: [ VAR1 ]






FINAL CLASS COUNTS AND PROPORTIONS FOR THE LATENT CLASSES
BASED ON THE ESTIMATED MODEL

    Latent
   Classes

       1        405.93729          0.40594
       2        594.06271          0.59406


FINAL CLASS COUNTS AND PROPORTIONS FOR THE LATENT CLASSES
BASED ON ESTIMATED POSTERIOR PROBABILITIES

    Latent
   Classes

       1        405.93729          0.40594
       2        594.06271          0.59406


FINAL CLASS COUNTS AND PROPORTIONS FOR THE LATENT CLASSES
BASED ON THEIR MOST LIKELY LATENT CLASS MEMBERSHIP

Class Counts and Proportions

    Latent
   Classes

       1              406          0.40600
       2              594          0.59400


CLASSIFICATION QUALITY

     Entropy                         0.965


           Univariate Entropy
              VAR1          VAR2          VAR3          VAR4          VAR5
              ________      ________      ________      ________      ________
                0.144         0.231         0.181         0.037         0.202


           Univariate Entropy
              VAR6          VAR7          VAR8
              ________      ________      ________
                0.178         0.052         0.248


Classification Probabilities for the Most Likely Latent Class Membership (Column)
by Latent Class (Row)

           1        2

    1   0.989    0.011
    2   0.007    0.993


Logits for the Classification Probabilities for the Most Likely Latent Class Membership (Column)
by Latent Class (Row)

              1        2

    1      4.543    0.000
    2     -4.912    0.000


MODEL RESULTS

                    Estimate

Latent Class 1

 VAR1     WITH
    VAR2               0.000
    VAR3              -1.558
    VAR4              -0.076
    VAR5              -1.852
    VAR6              -0.644
    VAR7              -0.025
    VAR8              -1.148

 VAR2     WITH
    VAR3             -11.554
    VAR4              13.644
    VAR5             -18.822
    VAR6              35.220
    VAR7              19.357
    VAR8             -18.955

 VAR3     WITH
    VAR4           -1099.668
    VAR5            2797.814
    VAR6           -2075.333
    VAR7           -1486.648
    VAR8            2226.613

 VAR4     WITH
    VAR5           -1766.147
    VAR6            3206.234
    VAR7            1777.321
    VAR8           -1749.734

 VAR5     WITH
    VAR6           -4091.535
    VAR7           -2438.187
    VAR8            3233.007

 VAR6     WITH
    VAR7            4601.439
    VAR8           -3929.217

 VAR7     WITH
    VAR8           -2454.112

 Means
    VAR1               1.314
    VAR2               1.000
    VAR3             -49.112
    VAR4              17.707
    VAR5              50.033
    VAR6              20.670
    VAR7               0.563
    VAR8              33.511

 Variances
    VAR1               0.113
    VAR2               0.149
    VAR3            3780.430
    VAR4            1307.092
    VAR5            4971.533
    VAR6            9141.786
    VAR7            2523.331
    VAR8            3837.356

Latent Class 2

 VAR1     WITH
    VAR2              -0.003
    VAR3              -5.587
    VAR4               0.025
    VAR5              -8.903
    VAR6              -0.294
    VAR7              -3.487
    VAR8              -9.438

 VAR2     WITH
    VAR3              -1.035
    VAR4               0.101
    VAR5               0.948
    VAR6               3.233
    VAR7               2.278
    VAR8               4.039

 VAR3     WITH
    VAR4             204.287
    VAR5            2482.604
    VAR6            1902.979
    VAR7            1806.026
    VAR8            1950.586

 VAR4     WITH
    VAR5             303.182
    VAR6             -49.091
    VAR7              93.803
    VAR8             226.140

 VAR5     WITH
    VAR6            2769.307
    VAR7            1815.672
    VAR8            3611.750

 VAR6     WITH
    VAR7            1013.996
    VAR8            2663.032

 VAR7     WITH
    VAR8            1491.446

 Means
    VAR1               1.045
    VAR2               1.495
    VAR3              15.408
    VAR4              31.018
    VAR5             129.127
    VAR6             142.346
    VAR7              32.230
    VAR8             116.438

 Variances
    VAR1               0.113
    VAR2               0.149
    VAR3            3780.430
    VAR4            1307.092
    VAR5            4971.533
    VAR6            9141.786
    VAR7            2523.331
    VAR8            3837.356

Categorical Latent Variables

 Means
    CLASS#1           -0.381


MODEL COMMAND WITH FINAL ESTIMATES USED AS STARTING VALUES

     %OVERALL%

     [ class#1*-0.38079 ];

     %CLASS#1%

     var1 WITH var2*0.00000;
     var1 WITH var3*-1.55818;
     var1 WITH var4*-0.07592;
     var1 WITH var5*-1.85171;
     var1 WITH var6*-0.64408;
     var1 WITH var7*-0.02508;
     var1 WITH var8*-1.14753;
     var2 WITH var3*-11.55371;
     var2 WITH var4*13.64421;
     var2 WITH var5*-18.82160;
     var2 WITH var6*35.21951;
     var2 WITH var7*19.35737;
     var2 WITH var8*-18.95468;
     var3 WITH var4*-1099.66833;
     var3 WITH var5*2797.81396;
     var3 WITH var6*-2075.33276;
     var3 WITH var7*-1486.64807;
     var3 WITH var8*2226.61255;
     var4 WITH var5*-1766.14661;
     var4 WITH var6*3206.23438;
     var4 WITH var7*1777.32129;
     var4 WITH var8*-1749.73352;
     var5 WITH var6*-4091.53540;
     var5 WITH var7*-2438.18726;
     var5 WITH var8*3233.00659;
     var6 WITH var7*4601.43945;
     var6 WITH var8*-3929.21655;
     var7 WITH var8*-2454.11230;

     [ var1*1.31371 ];
     [ var2*1 ];
     [ var3*-49.11222 ];
     [ var4*17.70671 ];
     [ var5*50.03270 ];
     [ var6*20.67046 ];
     [ var7*0.56316 ];
     [ var8*33.51118 ];

     var1*0.11282 (9);
     var2*0.14854 (11);
     var3*3780.43042 (14);
     var4*1307.09204 (18);
     var5*4971.53271 (23);
     var6*9141.78613 (29);
     var7*2523.33057 (36);
     var8*3837.35571 (44);

     %CLASS#2%

     var1 WITH var2*-0.00347;
     var1 WITH var3*-5.58710;
     var1 WITH var4*0.02465;
     var1 WITH var5*-8.90329;
     var1 WITH var6*-0.29391;
     var1 WITH var7*-3.48660;
     var1 WITH var8*-9.43751;
     var2 WITH var3*-1.03459;
     var2 WITH var4*0.10064;
     var2 WITH var5*0.94796;
     var2 WITH var6*3.23254;
     var2 WITH var7*2.27805;
     var2 WITH var8*4.03921;
     var3 WITH var4*204.28679;
     var3 WITH var5*2482.60400;
     var3 WITH var6*1902.97925;
     var3 WITH var7*1806.02563;
     var3 WITH var8*1950.58643;
     var4 WITH var5*303.18201;
     var4 WITH var6*-49.09145;
     var4 WITH var7*93.80273;
     var4 WITH var8*226.13982;
     var5 WITH var6*2769.30713;
     var5 WITH var7*1815.67249;
     var5 WITH var8*3611.75000;
     var6 WITH var7*1013.99585;
     var6 WITH var8*2663.03247;
     var7 WITH var8*1491.44617;

     [ var1*1.04487 ];
     [ var2*1.49490 ];
     [ var3*15.40812 ];
     [ var4*31.01776 ];
     [ var5*129.12682 ];
     [ var6*142.34624 ];
     [ var7*32.22958 ];
     [ var8*116.43815 ];

     var1*0.11282 (9);
     var2*0.14854 (11);
     var3*3780.43042 (14);
     var4*1307.09204 (18);
     var5*4971.53271 (23);
     var6*9141.78613 (29);
     var7*2523.33057 (36);
     var8*3837.35571 (44);



TECHNICAL 1 OUTPUT


     PARAMETER SPECIFICATION FOR LATENT CLASS 1


           NU
              VAR1          VAR2          VAR3          VAR4          VAR5
              ________      ________      ________      ________      ________
                    1             2             3             4             5


           NU
              VAR6          VAR7          VAR8
              ________      ________      ________
                    6             7             8


           THETA
              VAR1          VAR2          VAR3          VAR4          VAR5
              ________      ________      ________      ________      ________
 VAR1               9
 VAR2              10            11
 VAR3              12            13            14
 VAR4              15            16            17            18
 VAR5              19            20            21            22            23
 VAR6              24            25            26            27            28
 VAR7              30            31            32            33            34
 VAR8              37            38            39            40            41


           THETA
              VAR6          VAR7          VAR8
              ________      ________      ________
 VAR6              29
 VAR7              35            36
 VAR8              42            43            44


     PARAMETER SPECIFICATION FOR LATENT CLASS 2


           NU
              VAR1          VAR2          VAR3          VAR4          VAR5
              ________      ________      ________      ________      ________
                   45            46            47            48            49


           NU
              VAR6          VAR7          VAR8
              ________      ________      ________
                   50            51            52


           THETA
              VAR1          VAR2          VAR3          VAR4          VAR5
              ________      ________      ________      ________      ________
 VAR1               9
 VAR2              53            11
 VAR3              54            55            14
 VAR4              56            57            58            18
 VAR5              59            60            61            62            23
 VAR6              63            64            65            66            67
 VAR7              68            69            70            71            72
 VAR8              74            75            76            77            78


           THETA
              VAR6          VAR7          VAR8
              ________      ________      ________
 VAR6              29
 VAR7              73            36
 VAR8              79            80            44


     PARAMETER SPECIFICATION FOR LATENT CLASS REGRESSION MODEL PART


           ALPHA(C)
              CLASS#1       CLASS#2
              ________      ________
                   81             0


     STARTING VALUES FOR LATENT CLASS 1


           NU
              VAR1          VAR2          VAR3          VAR4          VAR5
              ________      ________      ________      ________      ________
                0.793         0.838       -76.573        -3.387        24.448


           NU
              VAR6          VAR7          VAR8
              ________      ________      ________
               -3.751       -22.045        17.417


           THETA
              VAR1          VAR2          VAR3          VAR4          VAR5
              ________      ________      ________      ________      ________
 VAR1           0.065
 VAR2           0.000         0.104
 VAR3           0.000         0.000      2164.179
 VAR4           0.000         0.000         0.000       420.552
 VAR5           0.000         0.000         0.000         0.000      2633.318
 VAR6           0.000         0.000         0.000         0.000         0.000
 VAR7           0.000         0.000         0.000         0.000         0.000
 VAR8           0.000         0.000         0.000         0.000         0.000


           THETA
              VAR6          VAR7          VAR8
              ________      ________      ________
 VAR6        4675.900
 VAR7           0.000       857.791
 VAR8           0.000         0.000      2135.842


     STARTING VALUES FOR LATENT CLASS 2


           NU
              VAR1          VAR2          VAR3          VAR4          VAR5
              ________      ________      ________      ________      ________
                1.515         1.750        55.007        54.616       169.591


           NU
              VAR6          VAR7          VAR8
              ________      ________      ________
              189.658        60.795       148.133


           THETA
              VAR1          VAR2          VAR3          VAR4          VAR5
              ________      ________      ________      ________      ________
 VAR1           0.065
 VAR2           0.000         0.104
 VAR3           0.000         0.000      2164.179
 VAR4           0.000         0.000         0.000       420.552
 VAR5           0.000         0.000         0.000         0.000      2633.318
 VAR6           0.000         0.000         0.000         0.000         0.000
 VAR7           0.000         0.000         0.000         0.000         0.000
 VAR8           0.000         0.000         0.000         0.000         0.000


           THETA
              VAR6          VAR7          VAR8
              ________      ________      ________
 VAR6        4675.900
 VAR7           0.000       857.791
 VAR8           0.000         0.000      2135.842


     STARTING VALUES FOR LATENT CLASS REGRESSION MODEL PART


           ALPHA(C)
              CLASS#1       CLASS#2
              ________      ________
                0.000         0.000


SAVEDATA INFORMATION


  Save file
    test_model5_lca_2.dat SAVE = cprobabilites bchweights

  Order and format of variables

    VAR1           F10.3
    VAR2           F10.3
    VAR3           F10.3
    VAR4           F10.3
    VAR5           F10.3
    VAR6           F10.3
    VAR7           F10.3
    VAR8           F10.3
    ID             I5

  Save file format
    8F10.3 I5

  Save file record length    10000


     Beginning Time:  10:08:53
        Ending Time:  10:08:56
       Elapsed Time:  00:00:03



MUTHEN & MUTHEN
3463 Stoner Ave.
Los Angeles, CA  90066

Tel: (310) 391-9971
Fax: (310) 391-8971
Web: www.StatModel.com
Support: Support@StatModel.com

Copyright (c) 1998-2019 Muthen & Muthen
