Mplus VERSION 8.4
MUTHEN & MUTHEN
09/12/2024  10:27 PM

INPUT INSTRUCTIONS


  TITLE: test2 classes
  DATA: FILE IS test_model5_lca.dat;

  VARIABLE:
  NAMES = id var1 var2 var3 var4 var5 var6 var7 var8;
  IDVARIABLE = id;
  USEVARIABLES = var1 var2 var3 var4 var5 var6 var7 var8;
  CATEGORICAL = var1 var2;
  CENSORED = var6 (b) var8 (bi);
  COUNT = var7 (pi);
  MISSING = .;
  CLASSES = class (2);

  MODEL:
  %CLASS#1%
  [ var7#1 ];
  [ var8#1 ];
  var3 WITH var4;
  var3 WITH var5;
  var4 WITH var5;
  %CLASS#2%
  [ var7#1 ];
  [ var8#1 ];
  var3 WITH var4;
  var3 WITH var5;
  var4 WITH var5;

  ANALYSIS:
  TYPE = MIXTURE;
  PROCESSORS = 16;
  STITERATIONS = 4;
  STARTS = 20 4;

  OUTPUT:
  SVALUES ENTROPY TECH1 TECH4;
  PLOT: TYPE=PLOT1 PLOT2 PLOT3;
  SAVEDATA:
  FILE IS test_model5_lca_2.dat
  SAVE = cprobabilites bchweights;



*** WARNING in MODEL command
  All variables are uncorrelated with all other variables within class.
  Check that this is what is intended.
   1 WARNING(S) FOUND IN THE INPUT INSTRUCTIONS



test2 classes

SUMMARY OF ANALYSIS

Number of groups                                                 1
Number of observations                                        1000

Number of dependent variables                                    8
Number of independent variables                                  0
Number of continuous latent variables                            0
Number of categorical latent variables                           1

Observed dependent variables

  Continuous
   VAR3        VAR4        VAR5

  Censored
   VAR6        VAR8

  Binary and ordered categorical (ordinal)
   VAR1        VAR2

  Count
   VAR7

Categorical latent variables
   CLASS

Variables with special functions

  ID variable           ID

Estimator                                                      MLR
Information matrix                                        OBSERVED
Optimization Specifications for the Quasi-Newton Algorithm for
Continuous Outcomes
  Maximum number of iterations                                 100
  Convergence criterion                                  0.100D-05
Optimization Specifications for the EM Algorithm
  Maximum number of iterations                                 500
  Convergence criteria
    Loglikelihood change                                 0.100D-06
    Relative loglikelihood change                        0.100D-06
    Derivative                                           0.100D-05
Optimization Specifications for the M step of the EM Algorithm for
Categorical Latent variables
  Number of M step iterations                                    1
  M step convergence criterion                           0.100D-05
  Basis for M step termination                           ITERATION
Optimization Specifications for the M step of the EM Algorithm for
Censored, Binary or Ordered Categorical (Ordinal), Unordered
Categorical (Nominal) and Count Outcomes
  Number of M step iterations                                    1
  M step convergence criterion                           0.100D-05
  Basis for M step termination                           ITERATION
  Maximum value for logit thresholds                            15
  Minimum value for logit thresholds                           -15
  Minimum expected cell size for chi-square              0.100D-01
Maximum number of iterations for H1                           2000
Convergence criterion for H1                             0.100D-03
Optimization algorithm                                         EMA
Random Starts Specifications
  Number of initial stage random starts                         20
  Number of final stage optimizations                            4
  Number of initial stage iterations                             4
  Initial stage convergence criterion                    0.100D+01
  Random starts scale                                    0.500D+01
  Random seed for generating random starts                       0
Link                                                         LOGIT

Input data file(s)
  test_model5_lca.dat
Input data format  FREE


SUMMARY OF DATA

     Number of missing data patterns             1
     Number of y missing data patterns           1
     Number of u missing data patterns           1


COVARIANCE COVERAGE OF DATA

Minimum covariance coverage value   0.100


     PROPORTION OF DATA PRESENT FOR Y


           Covariance Coverage
              VAR3          VAR4          VAR5
              ________      ________      ________
 VAR3           1.000
 VAR4           1.000         1.000
 VAR5           1.000         1.000         1.000


UNIVARIATE PROPORTIONS AND COUNTS FOR CATEGORICAL VARIABLES

    VAR1
      Category 1    0.846          846.000
      Category 2    0.154          154.000
    VAR2
      Category 1    0.706          706.000
      Category 2    0.294          294.000


SUMMARY OF CENSORED LIMITS

      VAR6               0.000
      VAR8               0.000


COUNT PROPORTION OF ZERO, MINIMUM AND MAXIMUM VALUES

      VAR7        0.319         0       350



UNIVARIATE SAMPLE STATISTICS


     UNIVARIATE HIGHER-ORDER MOMENT DESCRIPTIVE STATISTICS

         Variable/         Mean/     Skewness/   Minimum/ % with                Percentiles
        Sample Size      Variance    Kurtosis    Maximum  Min/Max      20%/60%    40%/80%    Median

     VAR3                -10.783       0.222    -138.764    3.90%     -61.557    -32.396    -17.605
            1000.000    4328.357      -0.367     177.586    0.10%       2.855     48.208
     VAR4                 25.614       4.340       0.000    0.10%      10.000     18.000     20.277
            1000.000     841.104      25.291     300.000    0.10%      20.278     30.000
     VAR5                 97.020       0.180       0.000    8.70%      21.000     60.000     90.000
            1000.000    5266.636      -1.319     267.000    0.10%     123.000    171.000

     WARNING:  COUNT VARIABLE HAS LARGE VALUES.
     IT MAY BE MORE APPROPRIATE TO TREAT SUCH VARIABLES AS CONTINUOUS.

RANDOM STARTS RESULTS RANKED FROM THE BEST TO THE WORST LOGLIKELIHOOD VALUES


1 perturbed starting value run(s) did not converge.
Final stage loglikelihood values at local maxima, seeds, and initial stage start numbers:

          -34250.317  573096           20
          -34250.317  27071            15
          -34250.317  127215           9
          -34250.317  903420           5



THE BEST LOGLIKELIHOOD VALUE HAS BEEN REPLICATED.  RERUN WITH AT LEAST TWICE THE
RANDOM STARTS TO CHECK THAT THE BEST LOGLIKELIHOOD IS STILL OBTAINED AND REPLICATED.

     IN THE OPTIMIZATION, ONE OR MORE LOGIT THRESHOLDS APPROACHED EXTREME VALUES
     OF -15.000 AND 15.000 AND WERE FIXED TO STABILIZE MODEL ESTIMATION.  THESE
     VALUES IMPLY PROBABILITIES OF 0 AND 1.  IN THE MODEL RESULTS SECTION, THESE
     PARAMETERS HAVE 0 STANDARD ERRORS AND 999 IN THE Z-SCORE AND P-VALUE COLUMNS.

     IN THE OPTIMIZATION, ONE OR MORE LOGIT SCALE PARAMETERS APPROACHED EXTREME VALUES
     OF -15.000 AND 15.000 AND WERE FIXED TO STABILIZE MODEL ESTIMATION.  THESE
     VALUES IMPLY PROBABILITIES OF 0 AND 1.  IN THE MODEL RESULTS SECTION, THESE
     PARAMETERS HAVE 0 STANDARD ERRORS AND 999 IN THE Z-SCORE AND P-VALUE COLUMNS.




THE MODEL ESTIMATION TERMINATED NORMALLY



MODEL FIT INFORMATION

Number of Free Parameters                       32

Loglikelihood

          H0 Value                      -34250.317
          H0 Scaling Correction Factor      3.8712
            for MLR

Information Criteria

          Akaike (AIC)                   68564.635
          Bayesian (BIC)                 68721.683
          Sample-Size Adjusted BIC       68620.049
            (n* = (n + 2) / 24)

Chi-Square Test of Model Fit for the Binary and Ordered Categorical
(Ordinal) Outcomes

          Pearson Chi-Square

          Value                             25.021
          Degrees of freedom cannot be computed for this model part.

          Likelihood Ratio Chi-Square

          Value                             30.886
          Degrees of freedom cannot be computed for this model part.



FINAL CLASS COUNTS AND PROPORTIONS FOR THE LATENT CLASSES
BASED ON THE ESTIMATED MODEL

    Latent
   Classes

       1        825.93166          0.82593
       2        174.06834          0.17407


FINAL CLASS COUNTS AND PROPORTIONS FOR THE LATENT CLASSES
BASED ON ESTIMATED POSTERIOR PROBABILITIES

    Latent
   Classes

       1        825.93166          0.82593
       2        174.06834          0.17407


FINAL CLASS COUNTS AND PROPORTIONS FOR THE LATENT CLASSES
BASED ON THEIR MOST LIKELY LATENT CLASS MEMBERSHIP

Class Counts and Proportions

    Latent
   Classes

       1              825          0.82500
       2              175          0.17500


CLASSIFICATION QUALITY

     Entropy                         0.994


           Univariate Entropy
              VAR7          VAR1          VAR2          VAR3          VAR4
              ________      ________      ________      ________      ________
              999.000       999.000       999.000         0.380         0.396


           Univariate Entropy
              VAR5
              ________
                0.581         0.361         0.539


Classification Probabilities for the Most Likely Latent Class Membership (Column)
by Latent Class (Row)

           1        2

    1   0.998    0.002
    2   0.002    0.998


Logits for the Classification Probabilities for the Most Likely Latent Class Membership (Column)
by Latent Class (Row)

              1        2

    1      6.485    0.000
    2     -6.275    0.000


MODEL RESULTS

                                                    Two-Tailed
                    Estimate       S.E.  Est./S.E.    P-Value

Latent Class 1

 VAR3     WITH
    VAR4             199.111     68.299      2.915      0.004
    VAR5            1655.933    118.443     13.981      0.000

 VAR4     WITH
    VAR5             310.335     80.832      3.839      0.000

 Means
    VAR3             -27.641      2.093    -13.203      0.000
    VAR4              23.555      0.907     25.977      0.000
    VAR5              78.906      2.502     31.535      0.000

 Means
    VAR7#1            -0.464      0.073     -6.347      0.000
    VAR7               2.066      0.076     27.204      0.000
    VAR6              74.466      3.372     22.083      0.000
    VAR8#1            -0.858      0.081    -10.576      0.000
    VAR8              94.573      2.119     44.637      0.000

 Thresholds
    VAR1$1             1.473      0.091     16.254      0.000
    VAR2$1             1.212      0.084     14.427      0.000

 Variances
    VAR3            2970.955    149.119     19.923      0.000
    VAR4             817.544    135.392      6.038      0.000
    VAR5            3718.443    147.014     25.293      0.000

 Variances
    VAR6            8225.939   1015.775      8.098      0.000
    VAR8            2008.360    141.374     14.206      0.000

Latent Class 2

 VAR3     WITH
    VAR4             -44.155     75.601     -0.584      0.559
    VAR5            1484.721    402.885      3.685      0.000

 VAR4     WITH
    VAR5             -32.462     72.129     -0.450      0.653

 Means
    VAR3              69.208      3.971     17.430      0.000
    VAR4              35.388      2.970     11.917      0.000
    VAR5             182.970      2.859     63.988      0.000

 Means
    VAR7#1           -15.000      0.000    999.000    999.000
    VAR7               4.481      0.077     58.449      0.000
    VAR6             174.223      5.625     30.972      0.000
    VAR8#1           -15.000      0.000    999.000    999.000
    VAR8             159.456      3.194     49.927      0.000

 Thresholds
    VAR1$1            15.000      0.000    999.000    999.000
    VAR2$1            -0.409      0.165     -2.471      0.013

 Variances
    VAR3            2970.955    149.119     19.923      0.000
    VAR4             817.544    135.392      6.038      0.000
    VAR5            3718.443    147.014     25.293      0.000

 Variances
    VAR6            8225.939   1015.775      8.098      0.000
    VAR8            2008.360    141.374     14.206      0.000

Categorical Latent Variables

 Means
    CLASS#1            1.557      0.097     16.044      0.000


RESULTS IN PROBABILITY SCALE

Latent Class 1

 VAR1
    Category 1         0.814      0.014     59.174      0.000
    Category 2         0.186      0.014     13.562      0.000
 VAR2
    Category 1         0.771      0.015     51.900      0.000
    Category 2         0.229      0.015     15.445      0.000

Latent Class 2

 VAR1
    Category 1         1.000      0.000      0.000      1.000
    Category 2         0.000      0.000      0.000      1.000
 VAR2
    Category 1         0.399      0.040     10.063      0.000
    Category 2         0.601      0.040     15.144      0.000


LATENT CLASS ODDS RATIO RESULTS

                                         (Est. - 1) Two-Tailed
                    Estimate       S.E.     / S.E.    P-Value

Latent Class 1 Compared to Latent Class 2

 VAR1
    Category > 1   *********      0.000    999.000    999.000
 VAR2
    Category > 1       0.198      0.036    -22.260      0.000


QUALITY OF NUMERICAL RESULTS

     Condition Number for the Information Matrix              0.132E-08
       (ratio of smallest to largest eigenvalue)


MODEL COMMAND WITH FINAL ESTIMATES USED AS STARTING VALUES

     %OVERALL%

     [ class#1*1.55706 ];

     %CLASS#1%

     var3 WITH var4*199.11090;
     var3 WITH var5*1655.93335;
     var4 WITH var5*310.33496;

     [ var3*-27.64079 ];
     [ var4*23.55457 ];
     [ var5*78.90598 ];
     [ var7#1*-0.46415 ];
     [ var7*2.06600 ];
     [ var6*74.46622 ];
     [ var8#1*-0.85817 ];
     [ var8*94.57282 ];

     [ var1$1*1.47320 ];
     [ var2$1*1.21204 ];

     var3*2970.95483 (4);
     var4*817.54358 (6);
     var5*3718.44336 (9);
     var6*8225.93945 (26);
     var8*2008.36011 (27);

     %CLASS#2%

     var3 WITH var4*-44.15492;
     var3 WITH var5*1484.72144;
     var4 WITH var5*-32.46185;

     [ var3*69.20784 ];
     [ var4*35.38793 ];
     [ var5*182.96979 ];
     [ var7#1*-15 ];
     [ var7*4.48087 ];
     [ var6*174.22287 ];
     [ var8#1*-15 ];
     [ var8*159.45566 ];

     [ var1$1*15 ];
     [ var2$1*-0.40880 ];

     var3*2970.95483 (4);
     var4*817.54358 (6);
     var5*3718.44336 (9);
     var6*8225.93945 (26);
     var8*2008.36011 (27);



TECHNICAL 1 OUTPUT


     PARAMETER SPECIFICATION FOR LATENT CLASS 1


           NU
              VAR3          VAR4          VAR5
              ________      ________      ________
                    1             2             3


           THETA
              VAR3          VAR4          VAR5
              ________      ________      ________
 VAR3               4
 VAR4               5             6
 VAR5               7             8             9


     PARAMETER SPECIFICATION FOR LATENT CLASS 2


           NU
              VAR3          VAR4          VAR5
              ________      ________      ________
                   10            11            12


           THETA
              VAR3          VAR4          VAR5
              ________      ________      ________
 VAR3               4
 VAR4              13             6
 VAR5              14            15             9


     PARAMETER SPECIFICATION FOR LATENT CLASS INDICATOR MODEL PART


           TAU(U) FOR LATENT CLASS 1
              VAR1$1        VAR2$1
              ________      ________
                   16            17


           TAU(U) FOR LATENT CLASS 2
              VAR1$1        VAR2$1
              ________      ________
                   18            19


     PARAMETER SPECIFICATION FOR LATENT CLASS REGRESSION MODEL PART


           ALPHA(C)
              CLASS#1       CLASS#2
              ________      ________
                   20             0


     PARAMETER SPECIFICATION FOR THE CENSORED/NOMINAL/COUNT MODEL PART


           NU(P) FOR LATENT CLASS 1
              VAR7#1        VAR7          VAR6#1        VAR6          VAR8#1
              ________      ________      ________      ________      ________
                   21            22             0            23            24


           NU(P) FOR LATENT CLASS 1
              VAR8
              ________
                   25


           THETA(C) FOR CLASS LATENT CLASS 1
              VAR6          VAR8
              ________      ________
                   26            27


           NU(P) FOR LATENT CLASS 2
              VAR7#1        VAR7          VAR6#1        VAR6          VAR8#1
              ________      ________      ________      ________      ________
                   28            29             0            30            31


           NU(P) FOR LATENT CLASS 2
              VAR8
              ________
                   32


           THETA(C) FOR CLASS LATENT CLASS 2
              VAR6          VAR8
              ________      ________
                   26            27


     STARTING VALUES FOR LATENT CLASS 1


           NU
              VAR3          VAR4          VAR5
              ________      ________      ________
              -76.573        -3.387        24.448


           THETA
              VAR3          VAR4          VAR5
              ________      ________      ________
 VAR3        2164.179
 VAR4           0.000       420.552
 VAR5           0.000         0.000      2633.318


     STARTING VALUES FOR LATENT CLASS 2


           NU
              VAR3          VAR4          VAR5
              ________      ________      ________
               55.007        54.616       169.591


           THETA
              VAR3          VAR4          VAR5
              ________      ________      ________
 VAR3        2164.179
 VAR4           0.000       420.552
 VAR5           0.000         0.000      2633.318


     STARTING VALUES FOR LATENT CLASS INDICATOR MODEL PART


           TAU(U) FOR LATENT CLASS 1
              VAR1$1        VAR2$1
              ________      ________
                0.704        -0.124


           TAU(U) FOR LATENT CLASS 2
              VAR1$1        VAR2$1
              ________      ________
                2.704         1.876


     STARTING VALUES FOR LATENT CLASS REGRESSION MODEL PART


           ALPHA(C)
              CLASS#1       CLASS#2
              ________      ________
                0.000         0.000


     STARTING VALUES FOR THE CENSORED/NOMINAL/COUNT MODEL PART


           NU(P) FOR LATENT CLASS 1
              VAR7#1        VAR7          VAR6#1        VAR6          VAR8#1
              ________      ________      ________      ________      ________
               -0.200         4.672       -20.000        -3.751        -1.046


           NU(P) FOR LATENT CLASS 1
              VAR8
              ________
               17.417


           THETA(C) FOR LATENT CLASS 1
              VAR6          VAR8
              ________      ________
             4675.900      2135.842


           NU(P) FOR LATENT CLASS 2
              VAR7#1        VAR7          VAR6#1        VAR6          VAR8#1
              ________      ________      ________      ________      ________
               -0.200         5.672       -20.000       189.658        -1.046


           NU(P) FOR LATENT CLASS 2
              VAR8
              ________
              148.133


           THETA(C) FOR LATENT CLASS 2
              VAR6          VAR8
              ________      ________
             4675.900      2135.842


TECHNICAL 4 OUTPUT


PLOT INFORMATION

The following plots are available:

  Histograms (sample values)
  Scatterplots (sample values)
  Sample proportions and estimated probabilities
  Estimated overall and class-specific distributions

SAVEDATA INFORMATION


  Save file
    test_model5_lca_2.dat SAVE = cprobabilites bchweights

  Order and format of variables

    VAR7           F10.3
    VAR6           F10.3
    VAR8           F10.3
    VAR1           F10.3
    VAR2           F10.3
    VAR3           F10.3
    VAR4           F10.3
    VAR5           F10.3
    CPROB1         F10.3
    CPROB2         F10.3
    CLASS          F10.3
    ID             I5

  Save file format
    11F10.3 I5

  Save file record length    10000


     Beginning Time:  22:27:13
        Ending Time:  22:27:15
       Elapsed Time:  00:00:02



MUTHEN & MUTHEN
3463 Stoner Ave.
Los Angeles, CA  90066

Tel: (310) 391-9971
Fax: (310) 391-8971
Web: www.StatModel.com
Support: Support@StatModel.com

Copyright (c) 1998-2019 Muthen & Muthen
