Mplus VERSION 8.4
MUTHEN & MUTHEN
09/20/2024  10:38 PM

INPUT INSTRUCTIONS


  TITLE: test2 classes
  DATA: FILE IS test_model1_lca.dat;

  VARIABLE:
  NAMES = id var1 var2 var3 var4 var5 var6 var7 var8;
  IDVARIABLE = id;
  USEVARIABLES = var1 var3 var4 var5 var6 var7 var8;
  CATEGORICAL = var1;
  CENSORED = var6 (a) var3 (b) var4 (bi);
  COUNT = var8 (p) var7 (nbi);
  AUXILIARY = var2;
  MISSING = .;
  CLASSES = class (2);

  MODEL:
  %CLASS#1%
  [ var7#1 ];
  [ var4#1 ];
  %CLASS#2%
  [ var7#1 ];
  [ var4#1 ];

  ANALYSIS:
  TYPE = MIXTURE;
  PROCESSORS = 16;
  STITERATIONS = 4;
  STARTS = 20 4;

  OUTPUT:
  SVALUES ENTROPY TECH1 TECH4;
  PLOT: TYPE=PLOT1 PLOT2 PLOT3;
  SAVEDATA:
  FILE IS test_model1_lca_2.dat
  SAVE = cprobabilites bchweights;



*** WARNING in MODEL command
  All variables are uncorrelated with all other variables within class.
  Check that this is what is intended.
   1 WARNING(S) FOUND IN THE INPUT INSTRUCTIONS



test2 classes

SUMMARY OF ANALYSIS

Number of groups                                                 1
Number of observations                                        1000

Number of dependent variables                                    7
Number of independent variables                                  0
Number of continuous latent variables                            0
Number of categorical latent variables                           1

Observed dependent variables

  Continuous
   VAR5

  Censored
   VAR7        VAR6        VAR3        VAR4

  Binary and ordered categorical (ordinal)
   VAR1

  Count
   VAR8        VAR7

Observed auxiliary variables
   VAR2

Categorical latent variables
   CLASS

Variables with special functions

  ID variable           ID

Estimator                                                      MLR
Information matrix                                        OBSERVED
Optimization Specifications for the Quasi-Newton Algorithm for
Continuous Outcomes
  Maximum number of iterations                                 100
  Convergence criterion                                  0.100D-05
Optimization Specifications for the EM Algorithm
  Maximum number of iterations                                 500
  Convergence criteria
    Loglikelihood change                                 0.100D-06
    Relative loglikelihood change                        0.100D-06
    Derivative                                           0.100D-05
Optimization Specifications for the M step of the EM Algorithm for
Categorical Latent variables
  Number of M step iterations                                    1
  M step convergence criterion                           0.100D-05
  Basis for M step termination                           ITERATION
Optimization Specifications for the M step of the EM Algorithm for
Censored, Binary or Ordered Categorical (Ordinal), Unordered
Categorical (Nominal) and Count Outcomes
  Number of M step iterations                                    1
  M step convergence criterion                           0.100D-05
  Basis for M step termination                           ITERATION
  Maximum value for logit thresholds                            15
  Minimum value for logit thresholds                           -15
  Minimum expected cell size for chi-square              0.100D-01
Maximum number of iterations for H1                           2000
Convergence criterion for H1                             0.100D-03
Optimization algorithm                                         EMA
Random Starts Specifications
  Number of initial stage random starts                         20
  Number of final stage optimizations                            4
  Number of initial stage iterations                             4
  Initial stage convergence criterion                    0.100D+01
  Random starts scale                                    0.500D+01
  Random seed for generating random starts                       0
Link                                                         LOGIT

Input data file(s)
  test_model1_lca.dat
Input data format  FREE


SUMMARY OF DATA

     Number of missing data patterns             1
     Number of y missing data patterns           1
     Number of u missing data patterns           1


COVARIANCE COVERAGE OF DATA

Minimum covariance coverage value   0.100


     PROPORTION OF DATA PRESENT FOR Y


           Covariance Coverage
              VAR5
              ________
 VAR5           1.000


UNIVARIATE PROPORTIONS AND COUNTS FOR CATEGORICAL VARIABLES

    VAR1
      Category 1    0.846          846.000
      Category 2    0.154          154.000


SUMMARY OF CENSORED LIMITS

      VAR7           99999.000
      VAR6             880.500
      VAR3            -138.764
      VAR4               0.000


COUNT PROPORTION OF ZERO, MINIMUM AND MAXIMUM VALUES

      VAR8        0.256         0       248
      VAR7        0.319         0       350



UNIVARIATE SAMPLE STATISTICS


     UNIVARIATE HIGHER-ORDER MOMENT DESCRIPTIVE STATISTICS

         Variable/         Mean/     Skewness/   Minimum/ % with                Percentiles
        Sample Size      Variance    Kurtosis    Maximum  Min/Max      20%/60%    40%/80%    Median

     VAR5                 97.020       0.180       0.000    8.70%      21.000     60.000     90.000
            1000.000    5266.636      -1.319     267.000    0.10%     123.000    171.000

     WARNING:  COUNT VARIABLE HAS LARGE VALUES.
     IT MAY BE MORE APPROPRIATE TO TREAT SUCH VARIABLES AS CONTINUOUS.

RANDOM STARTS RESULTS RANKED FROM THE BEST TO THE WORST LOGLIKELIHOOD VALUES


1 perturbed starting value run(s) did not converge.
Final stage loglikelihood values at local maxima, seeds, and initial stage start numbers:

          -35198.270  608496           4
          -35198.270  415931           10
          -35198.270  107446           12
          -35225.745  851945           18



THE BEST LOGLIKELIHOOD VALUE HAS BEEN REPLICATED.  RERUN WITH AT LEAST TWICE THE
RANDOM STARTS TO CHECK THAT THE BEST LOGLIKELIHOOD IS STILL OBTAINED AND REPLICATED.

     IN THE OPTIMIZATION, ONE OR MORE LOGIT SCALE PARAMETERS APPROACHED EXTREME VALUES
     OF -15.000 AND 15.000 AND WERE FIXED TO STABILIZE MODEL ESTIMATION.  THESE
     VALUES IMPLY PROBABILITIES OF 0 AND 1.  IN THE MODEL RESULTS SECTION, THESE
     PARAMETERS HAVE 0 STANDARD ERRORS AND 999 IN THE Z-SCORE AND P-VALUE COLUMNS.


THE MODEL ESTIMATION TERMINATED NORMALLY



MODEL FIT INFORMATION

Number of Free Parameters                       24

Loglikelihood

          H0 Value                      -35198.270
          H0 Scaling Correction Factor      2.4649
            for MLR

Information Criteria

          Akaike (AIC)                   70444.540
          Bayesian (BIC)                 70562.326
          Sample-Size Adjusted BIC       70486.101
            (n* = (n + 2) / 24)

Chi-Square Test of Model Fit for the Binary and Ordered Categorical
(Ordinal) Outcomes

          Pearson Chi-Square

          Value                              0.000
          Degrees of freedom cannot be computed for this model part.

          Likelihood Ratio Chi-Square

          Value                              0.000
          Degrees of freedom cannot be computed for this model part.



FINAL CLASS COUNTS AND PROPORTIONS FOR THE LATENT CLASSES
BASED ON THE ESTIMATED MODEL

    Latent
   Classes

       1        644.72349          0.64472
       2        355.27651          0.35528


FINAL CLASS COUNTS AND PROPORTIONS FOR THE LATENT CLASSES
BASED ON ESTIMATED POSTERIOR PROBABILITIES

    Latent
   Classes

       1        644.72349          0.64472
       2        355.27651          0.35528


FINAL CLASS COUNTS AND PROPORTIONS FOR THE LATENT CLASSES
BASED ON THEIR MOST LIKELY LATENT CLASS MEMBERSHIP

Class Counts and Proportions

    Latent
   Classes

       1              648          0.64800
       2              352          0.35200


CLASSIFICATION QUALITY

     Entropy                         0.971


           Univariate Entropy
              VAR8          VAR7          VAR1          VAR5
              ________      ________      ________      ________
              999.000       999.000       999.000       999.000       999.000


           Univariate Entropy
                0.162         0.681


Classification Probabilities for the Most Likely Latent Class Membership (Column)
by Latent Class (Row)

           1        2

    1   0.996    0.004
    2   0.016    0.984


Logits for the Classification Probabilities for the Most Likely Latent Class Membership (Column)
by Latent Class (Row)

              1        2

    1      5.522    0.000
    2     -4.091    0.000


MODEL RESULTS

                                                    Two-Tailed
                    Estimate       S.E.  Est./S.E.    P-Value

Latent Class 1

 Means
    VAR5              55.843      2.359     23.669      0.000

 Means
    VAR8               4.277      0.022    191.663      0.000
    VAR7#1            -0.855      0.169     -5.061      0.000
    VAR7               1.489      0.130     11.419      0.000
    VAR6              47.785      2.748     17.386      0.000
    VAR3             -38.557      2.629    -14.666      0.000
    VAR4#1           -15.000      0.000    999.000    999.000
    VAR4              20.746      0.703     29.490      0.000

 Thresholds
    VAR1$1             1.167      0.097     11.998      0.000

 Variances
    VAR5            2190.014     99.717     21.962      0.000

 Variances
    VAR6            4687.600    301.967     15.524      0.000
    VAR3            3286.121    176.113     18.659      0.000
    VAR4             799.687    130.834      6.112      0.000

 Dispersion
    VAR7               1.632      0.101     16.182      0.000

Latent Class 2

 Means
    VAR5             171.738      2.869     59.855      0.000

 Means
    VAR8               5.045      0.018    276.581      0.000
    VAR7#1           -15.000      0.000    999.000    999.000
    VAR7               3.890      0.070     55.628      0.000
    VAR6             170.234      4.986     34.144      0.000
    VAR3              37.076      2.912     12.730      0.000
    VAR4#1           -15.000      0.000    999.000    999.000
    VAR4              34.402      2.200     15.635      0.000

 Thresholds
    VAR1$1             5.929      1.115      5.316      0.000

 Variances
    VAR5            2190.014     99.717     21.962      0.000

 Variances
    VAR6            4687.600    301.967     15.524      0.000
    VAR3            3286.121    176.113     18.659      0.000
    VAR4             799.687    130.834      6.112      0.000

 Dispersion
    VAR7               1.632      0.101     16.182      0.000

Categorical Latent Variables

 Means
    CLASS#1            0.596      0.077      7.757      0.000


RESULTS IN PROBABILITY SCALE

Latent Class 1

 VAR1
    Category 1         0.763      0.018     43.308      0.000
    Category 2         0.237      0.018     13.482      0.000

Latent Class 2

 VAR1
    Category 1         0.997      0.003    337.859      0.000
    Category 2         0.003      0.003      0.899      0.369


LATENT CLASS ODDS RATIO RESULTS

                                         (Est. - 1) Two-Tailed
                    Estimate       S.E.     / S.E.    P-Value

Latent Class 1 Compared to Latent Class 2

 VAR1
    Category > 1     116.988    130.698      0.887      0.375


QUALITY OF NUMERICAL RESULTS

     Condition Number for the Information Matrix              0.210E-05
       (ratio of smallest to largest eigenvalue)


MODEL COMMAND WITH FINAL ESTIMATES USED AS STARTING VALUES

     %OVERALL%

     [ class#1*0.59593 ];

     %CLASS#1%

     [ var5*55.84333 ];
     [ var8*4.27743 ];
     [ var7#1*-0.85514 ];
     [ var7*1.48850 ];
     [ var6*47.78464 ];
     [ var3*-38.55674 ];
     [ var4#1*-15 ];
     [ var4*20.74602 ];

     [ var1$1*1.16699 ];

     var5*2190.01392 (2);
     var7*1.63249 (14);
     var6*4687.59961 (15);
     var3*3286.12061 (16);
     var4*799.68732 (17);

     %CLASS#2%

     [ var5*171.73796 ];
     [ var8*5.04525 ];
     [ var7#1*-15 ];
     [ var7*3.88965 ];
     [ var6*170.23413 ];
     [ var3*37.07573 ];
     [ var4#1*-15 ];
     [ var4*34.40247 ];

     [ var1$1*5.92906 ];

     var5*2190.01392 (2);
     var7*1.63249 (14);
     var6*4687.59961 (15);
     var3*3286.12061 (16);
     var4*799.68732 (17);



TECHNICAL 1 OUTPUT


     PARAMETER SPECIFICATION FOR LATENT CLASS 1


           NU
              VAR5
              ________
                    1


           THETA
              VAR5
              ________
 VAR5               2


     PARAMETER SPECIFICATION FOR LATENT CLASS 2


           NU
              VAR5
              ________
                    3


           THETA
              VAR5
              ________
 VAR5               2


     PARAMETER SPECIFICATION FOR LATENT CLASS INDICATOR MODEL PART


           TAU(U) FOR LATENT CLASS 1
              VAR1$1
              ________
                    4


           TAU(U) FOR LATENT CLASS 2
              VAR1$1
              ________
                    5


     PARAMETER SPECIFICATION FOR LATENT CLASS REGRESSION MODEL PART


           ALPHA(C)
              CLASS#1       CLASS#2
              ________      ________
                    6             0


     PARAMETER SPECIFICATION FOR THE CENSORED/NOMINAL/COUNT MODEL PART


           NU(P) FOR LATENT CLASS 1
              VAR8#1        VAR8          VAR7#1        VAR7          VAR6#1
              ________      ________      ________      ________      ________
                    0             7             8             9             0


           NU(P) FOR LATENT CLASS 1
              VAR6          VAR3#1        VAR3          VAR4#1        VAR4
              ________      ________      ________      ________      ________
                   10             0            11            12            13


           THETA(C) FOR CLASS LATENT CLASS 1
              VAR7          VAR6          VAR3          VAR4
              ________      ________      ________      ________
                   14            15            16            17


           NU(P) FOR LATENT CLASS 2
              VAR8#1        VAR8          VAR7#1        VAR7          VAR6#1
              ________      ________      ________      ________      ________
                    0            18            19            20             0


           NU(P) FOR LATENT CLASS 2
              VAR6          VAR3#1        VAR3          VAR4#1        VAR4
              ________      ________      ________      ________      ________
                   21             0            22            23            24


           THETA(C) FOR CLASS LATENT CLASS 2
              VAR7          VAR6          VAR3          VAR4
              ________      ________      ________      ________
                   14            15            16            17


     STARTING VALUES FOR LATENT CLASS 1


           NU
              VAR5
              ________
               24.448


           THETA
              VAR5
              ________
 VAR5        2633.318


     STARTING VALUES FOR LATENT CLASS 2


           NU
              VAR5
              ________
              169.591


           THETA
              VAR5
              ________
 VAR5        2633.318


     STARTING VALUES FOR LATENT CLASS INDICATOR MODEL PART


           TAU(U) FOR LATENT CLASS 1
              VAR1$1
              ________
                0.704


           TAU(U) FOR LATENT CLASS 2
              VAR1$1
              ________
                2.704


     STARTING VALUES FOR LATENT CLASS REGRESSION MODEL PART


           ALPHA(C)
              CLASS#1       CLASS#2
              ________      ________
                0.000         0.000


     STARTING VALUES FOR THE CENSORED/NOMINAL/COUNT MODEL PART


           NU(P) FOR LATENT CLASS 1
              VAR8#1        VAR8          VAR7#1        VAR7          VAR6#1
              ________      ________      ________      ________      ________
              -20.000         4.893        -0.200         4.672       -20.000


           NU(P) FOR LATENT CLASS 1
              VAR6          VAR3#1        VAR3          VAR4#1        VAR4
              ________      ________      ________      ________      ________
               -3.751       -20.000       -76.573        -5.293        -3.387


           THETA(C) FOR LATENT CLASS 1
              VAR7          VAR6          VAR3          VAR4
              ________      ________      ________      ________
                4.519      4675.900      2164.179       420.552


           NU(P) FOR LATENT CLASS 2
              VAR8#1        VAR8          VAR7#1        VAR7          VAR6#1
              ________      ________      ________      ________      ________
              -20.000         5.893        -0.200         5.672       -20.000


           NU(P) FOR LATENT CLASS 2
              VAR6          VAR3#1        VAR3          VAR4#1        VAR4
              ________      ________      ________      ________      ________
              189.658       -20.000        55.007        -5.293        54.616


           THETA(C) FOR LATENT CLASS 2
              VAR7          VAR6          VAR3          VAR4
              ________      ________      ________      ________
                4.519      4675.900      2164.179       420.552


TECHNICAL 4 OUTPUT


PLOT INFORMATION

The following plots are available:

  Histograms (sample values)
  Scatterplots (sample values)
  Sample proportions and estimated probabilities
  Estimated overall and class-specific distributions

SAVEDATA INFORMATION


  Save file
    test_model1_lca_2.dat SAVE = cprobabilites bchweights

  Order and format of variables

    VAR8           F10.3
    VAR7           F10.3
    VAR6           F10.3
    VAR3           F10.3
    VAR4           F10.3
    VAR1           F10.3
    VAR5           F10.3
    VAR2           F10.3
    CPROB1         F10.3
    CPROB2         F10.3
    CLASS          F10.3
    ID             I5

  Save file format
    11F10.3 I5

  Save file record length    10000


     Beginning Time:  22:38:37
        Ending Time:  22:38:40
       Elapsed Time:  00:00:03



MUTHEN & MUTHEN
3463 Stoner Ave.
Los Angeles, CA  90066

Tel: (310) 391-9971
Fax: (310) 391-8971
Web: www.StatModel.com
Support: Support@StatModel.com

Copyright (c) 1998-2019 Muthen & Muthen
