Mplus VERSION 8.4
MUTHEN & MUTHEN
09/12/2024  10:26 PM

INPUT INSTRUCTIONS


  TITLE: test2 classes
  DATA: FILE IS test_model2_lca.dat;

  VARIABLE:
  NAMES = id var1 var2 var3 var4 var5 var6 var7 var8;
  IDVARIABLE = id;
  USEVARIABLES = var1 var2 var3 var4 var5 var6 var7 var8;
  CATEGORICAL = var1 var2;
  CENSORED = var6 (b) var8 (bi);
  COUNT = var7 (pi);
  MISSING = .;
  CLASSES = class (2);

  MODEL:
  %CLASS#1%
  [ var7#1 ];
  [ var8#1 ];
  var3;
  var4;
  var5;
  var6;
  var8;
  %CLASS#2%
  [ var7#1 ];
  [ var8#1 ];
  var3;
  var4;
  var5;
  var6;
  var8;

  ANALYSIS:
  TYPE = MIXTURE;
  PROCESSORS = 16;
  STITERATIONS = 4;
  STARTS = 20 4;

  OUTPUT:
  SVALUES ENTROPY TECH1 TECH4;
  PLOT: TYPE=PLOT1 PLOT2 PLOT3;
  SAVEDATA:
  FILE IS test_model2_lca_2.dat
  SAVE = cprobabilites bchweights;



*** WARNING in MODEL command
  All variables are uncorrelated with all other variables within class.
  Check that this is what is intended.
   1 WARNING(S) FOUND IN THE INPUT INSTRUCTIONS



test2 classes

SUMMARY OF ANALYSIS

Number of groups                                                 1
Number of observations                                        1000

Number of dependent variables                                    8
Number of independent variables                                  0
Number of continuous latent variables                            0
Number of categorical latent variables                           1

Observed dependent variables

  Continuous
   VAR3        VAR4        VAR5

  Censored
   VAR6        VAR8

  Binary and ordered categorical (ordinal)
   VAR1        VAR2

  Count
   VAR7

Categorical latent variables
   CLASS

Variables with special functions

  ID variable           ID

Estimator                                                      MLR
Information matrix                                        OBSERVED
Optimization Specifications for the Quasi-Newton Algorithm for
Continuous Outcomes
  Maximum number of iterations                                 100
  Convergence criterion                                  0.100D-05
Optimization Specifications for the EM Algorithm
  Maximum number of iterations                                 500
  Convergence criteria
    Loglikelihood change                                 0.100D-06
    Relative loglikelihood change                        0.100D-06
    Derivative                                           0.100D-05
Optimization Specifications for the M step of the EM Algorithm for
Categorical Latent variables
  Number of M step iterations                                    1
  M step convergence criterion                           0.100D-05
  Basis for M step termination                           ITERATION
Optimization Specifications for the M step of the EM Algorithm for
Censored, Binary or Ordered Categorical (Ordinal), Unordered
Categorical (Nominal) and Count Outcomes
  Number of M step iterations                                    1
  M step convergence criterion                           0.100D-05
  Basis for M step termination                           ITERATION
  Maximum value for logit thresholds                            15
  Minimum value for logit thresholds                           -15
  Minimum expected cell size for chi-square              0.100D-01
Maximum number of iterations for H1                           2000
Convergence criterion for H1                             0.100D-03
Optimization algorithm                                         EMA
Random Starts Specifications
  Number of initial stage random starts                         20
  Number of final stage optimizations                            4
  Number of initial stage iterations                             4
  Initial stage convergence criterion                    0.100D+01
  Random starts scale                                    0.500D+01
  Random seed for generating random starts                       0
Link                                                         LOGIT

Input data file(s)
  test_model2_lca.dat
Input data format  FREE


SUMMARY OF DATA

     Number of missing data patterns             1
     Number of y missing data patterns           1
     Number of u missing data patterns           1


COVARIANCE COVERAGE OF DATA

Minimum covariance coverage value   0.100


     PROPORTION OF DATA PRESENT FOR Y


           Covariance Coverage
              VAR3          VAR4          VAR5
              ________      ________      ________
 VAR3           1.000
 VAR4           1.000         1.000
 VAR5           1.000         1.000         1.000


UNIVARIATE PROPORTIONS AND COUNTS FOR CATEGORICAL VARIABLES

    VAR1
      Category 1    0.846          846.000
      Category 2    0.154          154.000
    VAR2
      Category 1    0.706          706.000
      Category 2    0.294          294.000


SUMMARY OF CENSORED LIMITS

      VAR6               0.000
      VAR8               0.000


COUNT PROPORTION OF ZERO, MINIMUM AND MAXIMUM VALUES

      VAR7        0.319         0       350



UNIVARIATE SAMPLE STATISTICS


     UNIVARIATE HIGHER-ORDER MOMENT DESCRIPTIVE STATISTICS

         Variable/         Mean/     Skewness/   Minimum/ % with                Percentiles
        Sample Size      Variance    Kurtosis    Maximum  Min/Max      20%/60%    40%/80%    Median

     VAR3                -10.783       0.222    -138.764    3.90%     -61.557    -32.396    -17.605
            1000.000    4328.357      -0.367     177.586    0.10%       2.855     48.208
     VAR4                 25.614       4.340       0.000    0.10%      10.000     18.000     20.277
            1000.000     841.104      25.291     300.000    0.10%      20.278     30.000
     VAR5                 97.020       0.180       0.000    8.70%      21.000     60.000     90.000
            1000.000    5266.636      -1.319     267.000    0.10%     123.000    171.000

     WARNING:  COUNT VARIABLE HAS LARGE VALUES.
     IT MAY BE MORE APPROPRIATE TO TREAT SUCH VARIABLES AS CONTINUOUS.

RANDOM STARTS RESULTS RANKED FROM THE BEST TO THE WORST LOGLIKELIHOOD VALUES

Final stage loglikelihood values at local maxima, seeds, and initial stage start numbers:

          -34254.039  637345           19
          -34257.373  127215           9
          -34257.373  253358           2

1 perturbed starting value run(s) did not converge.



     WARNING:  THE BEST LOGLIKELIHOOD VALUE WAS NOT REPLICATED.  THE
     SOLUTION MAY NOT BE TRUSTWORTHY DUE TO LOCAL MAXIMA.  INCREASE THE
     NUMBER OF RANDOM STARTS.

     THE STANDARD ERRORS OF THE MODEL PARAMETER ESTIMATES MAY NOT BE
     TRUSTWORTHY FOR SOME PARAMETERS DUE TO A NON-POSITIVE DEFINITE
     FIRST-ORDER DERIVATIVE PRODUCT MATRIX.  THIS MAY BE DUE TO THE STARTING
     VALUES BUT MAY ALSO BE AN INDICATION OF MODEL NONIDENTIFICATION.  THE
     CONDITION NUMBER IS       0.361D-14.  PROBLEM INVOLVING THE FOLLOWING PARAMETER:
     Parameter 28, %CLASS#2%: [ VAR8#1 ]


THE MODEL ESTIMATION TERMINATED NORMALLY



MODEL FIT INFORMATION

Number of Free Parameters                       31

Loglikelihood

          H0 Value                      -34254.039
          H0 Scaling Correction Factor      3.8025
            for MLR

Information Criteria

          Akaike (AIC)                   68570.078
          Bayesian (BIC)                 68722.219
          Sample-Size Adjusted BIC       68623.761
            (n* = (n + 2) / 24)

Chi-Square Test of Model Fit for the Binary and Ordered Categorical
(Ordinal) Outcomes

          Pearson Chi-Square

          Value                             25.394
          Degrees of freedom cannot be computed for this model part.

          Likelihood Ratio Chi-Square

          Value                             31.357
          Degrees of freedom cannot be computed for this model part.



FINAL CLASS COUNTS AND PROPORTIONS FOR THE LATENT CLASSES
BASED ON THE ESTIMATED MODEL

    Latent
   Classes

       1        821.80491          0.82180
       2        178.19509          0.17820


FINAL CLASS COUNTS AND PROPORTIONS FOR THE LATENT CLASSES
BASED ON ESTIMATED POSTERIOR PROBABILITIES

    Latent
   Classes

       1        821.80491          0.82180
       2        178.19509          0.17820


FINAL CLASS COUNTS AND PROPORTIONS FOR THE LATENT CLASSES
BASED ON THEIR MOST LIKELY LATENT CLASS MEMBERSHIP

Class Counts and Proportions

    Latent
   Classes

       1              822          0.82200
       2              178          0.17800


CLASSIFICATION QUALITY

     Entropy                         0.995


           Univariate Entropy
              VAR7          VAR1          VAR2          VAR3          VAR4
              ________      ________      ________      ________      ________
              999.000       999.000       999.000         0.365         0.387


           Univariate Entropy
              VAR5
              ________
                0.619         0.560         0.602


Classification Probabilities for the Most Likely Latent Class Membership (Column)
by Latent Class (Row)

           1        2

    1   0.999    0.001
    2   0.004    0.996


Logits for the Classification Probabilities for the Most Likely Latent Class Membership (Column)
by Latent Class (Row)

              1        2

    1      7.554    0.000
    2     -5.649    0.000


MODEL RESULTS

                                                    Two-Tailed
                    Estimate       S.E.  Est./S.E.    P-Value

Latent Class 1

 Means
    VAR3             -28.142      2.031    -13.857      0.000
    VAR4              22.694      0.806     28.173      0.000
    VAR5              78.630      2.417     32.528      0.000

 Means
    VAR7#1            -0.461      0.073     -6.357      0.000
    VAR7               2.050      0.063     32.735      0.000
    VAR6              74.138      3.323     22.311      0.000
    VAR8#1            -0.869      0.082    -10.630      0.000
    VAR8              93.825      1.959     47.885      0.000

 Thresholds
    VAR1$1             1.475      0.090     16.324      0.000
    VAR2$1             1.217      0.085     14.301      0.000

 Variances
    VAR3            3188.951    161.822     19.707      0.000
    VAR4             477.172     74.267      6.425      0.000
    VAR5            4222.769    155.488     27.158      0.000

 Variances
    VAR6            8935.259   1236.938      7.224      0.000
    VAR8            2129.410    188.207     11.314      0.000

Latent Class 2

 Means
    VAR3              69.275      3.639     19.036      0.000
    VAR4              39.080      3.630     10.765      0.000
    VAR5             181.833      2.803     64.868      0.000

 Means
    VAR7#1            -5.165      1.003     -5.150      0.000
    VAR7               4.469      0.068     65.366      0.000
    VAR6             173.065      5.448     31.769      0.000
    VAR8#1            -5.186      1.012     -5.123      0.000
    VAR8             159.395      3.174     50.218      0.000

 Thresholds
    VAR1$1             5.177      1.003      5.160      0.000
    VAR2$1            -0.390      0.153     -2.557      0.011

 Variances
    VAR3            1784.353    225.245      7.922      0.000
    VAR4            2298.904    616.631      3.728      0.000
    VAR5            1328.009    216.156      6.144      0.000

 Variances
    VAR6            5070.104    533.524      9.503      0.000
    VAR8            1681.719    153.794     10.935      0.000

Categorical Latent Variables

 Means
    CLASS#1            1.529      0.088     17.298      0.000


RESULTS IN PROBABILITY SCALE

Latent Class 1

 VAR1
    Category 1         0.814      0.014     59.442      0.000
    Category 2         0.186      0.014     13.598      0.000
 VAR2
    Category 1         0.772      0.015     51.433      0.000
    Category 2         0.228      0.015     15.227      0.000

Latent Class 2

 VAR1
    Category 1         0.994      0.006    177.601      0.000
    Category 2         0.006      0.006      1.002      0.316
 VAR2
    Category 1         0.404      0.037     10.983      0.000
    Category 2         0.596      0.037     16.228      0.000


LATENT CLASS ODDS RATIO RESULTS

                                         (Est. - 1) Two-Tailed
                    Estimate       S.E.     / S.E.    P-Value

Latent Class 1 Compared to Latent Class 2

 VAR1
    Category > 1      40.534     40.845      0.968      0.333
 VAR2
    Category > 1       0.200      0.035    -22.995      0.000


QUALITY OF NUMERICAL RESULTS

     Condition Number for the Information Matrix              0.361E-14
       (ratio of smallest to largest eigenvalue)


MODEL COMMAND WITH FINAL ESTIMATES USED AS STARTING VALUES

     %OVERALL%

     [ class#1*1.52862 ];

     %CLASS#1%

     [ var3*-28.14160 ];
     [ var4*22.69426 ];
     [ var5*78.63001 ];
     [ var7#1*-0.46130 ];
     [ var7*2.04961 ];
     [ var6*74.13785 ];
     [ var8#1*-0.86888 ];
     [ var8*93.82505 ];

     [ var1$1*1.47505 ];
     [ var2$1*1.21719 ];

     var3*3188.95068;
     var4*477.17203;
     var5*4222.76855;
     var6*8935.25879;
     var8*2129.40991;

     %CLASS#2%

     [ var3*69.27505 ];
     [ var4*39.08039 ];
     [ var5*181.83304 ];
     [ var7#1*-5.16544 ];
     [ var7*4.46891 ];
     [ var6*173.06505 ];
     [ var8#1*-5.18632 ];
     [ var8*159.39516 ];

     [ var1$1*5.17719 ];
     [ var2$1*-0.39043 ];

     var3*1784.35303;
     var4*2298.90356;
     var5*1328.00867;
     var6*5070.10400;
     var8*1681.71936;



TECHNICAL 1 OUTPUT


     PARAMETER SPECIFICATION FOR LATENT CLASS 1


           NU
              VAR3          VAR4          VAR5
              ________      ________      ________
                    1             2             3


           THETA
              VAR3          VAR4          VAR5
              ________      ________      ________
 VAR3               4
 VAR4               0             5
 VAR5               0             0             6


     PARAMETER SPECIFICATION FOR LATENT CLASS 2


           NU
              VAR3          VAR4          VAR5
              ________      ________      ________
                    7             8             9


           THETA
              VAR3          VAR4          VAR5
              ________      ________      ________
 VAR3              10
 VAR4               0            11
 VAR5               0             0            12


     PARAMETER SPECIFICATION FOR LATENT CLASS INDICATOR MODEL PART


           TAU(U) FOR LATENT CLASS 1
              VAR1$1        VAR2$1
              ________      ________
                   13            14


           TAU(U) FOR LATENT CLASS 2
              VAR1$1        VAR2$1
              ________      ________
                   15            16


     PARAMETER SPECIFICATION FOR LATENT CLASS REGRESSION MODEL PART


           ALPHA(C)
              CLASS#1       CLASS#2
              ________      ________
                   17             0


     PARAMETER SPECIFICATION FOR THE CENSORED/NOMINAL/COUNT MODEL PART


           NU(P) FOR LATENT CLASS 1
              VAR7#1        VAR7          VAR6#1        VAR6          VAR8#1
              ________      ________      ________      ________      ________
                   18            19             0            20            21


           NU(P) FOR LATENT CLASS 1
              VAR8
              ________
                   22


           THETA(C) FOR CLASS LATENT CLASS 1
              VAR6          VAR8
              ________      ________
                   23            24


           NU(P) FOR LATENT CLASS 2
              VAR7#1        VAR7          VAR6#1        VAR6          VAR8#1
              ________      ________      ________      ________      ________
                   25            26             0            27            28


           NU(P) FOR LATENT CLASS 2
              VAR8
              ________
                   29


           THETA(C) FOR CLASS LATENT CLASS 2
              VAR6          VAR8
              ________      ________
                   30            31


     STARTING VALUES FOR LATENT CLASS 1


           NU
              VAR3          VAR4          VAR5
              ________      ________      ________
              -76.573        -3.387        24.448


           THETA
              VAR3          VAR4          VAR5
              ________      ________      ________
 VAR3        2164.179
 VAR4           0.000       420.552
 VAR5           0.000         0.000      2633.318


     STARTING VALUES FOR LATENT CLASS 2


           NU
              VAR3          VAR4          VAR5
              ________      ________      ________
               55.007        54.616       169.591


           THETA
              VAR3          VAR4          VAR5
              ________      ________      ________
 VAR3        2164.179
 VAR4           0.000       420.552
 VAR5           0.000         0.000      2633.318


     STARTING VALUES FOR LATENT CLASS INDICATOR MODEL PART


           TAU(U) FOR LATENT CLASS 1
              VAR1$1        VAR2$1
              ________      ________
                0.704        -0.124


           TAU(U) FOR LATENT CLASS 2
              VAR1$1        VAR2$1
              ________      ________
                2.704         1.876


     STARTING VALUES FOR LATENT CLASS REGRESSION MODEL PART


           ALPHA(C)
              CLASS#1       CLASS#2
              ________      ________
                0.000         0.000


     STARTING VALUES FOR THE CENSORED/NOMINAL/COUNT MODEL PART


           NU(P) FOR LATENT CLASS 1
              VAR7#1        VAR7          VAR6#1        VAR6          VAR8#1
              ________      ________      ________      ________      ________
               -0.200         4.672       -20.000        -3.751        -1.046


           NU(P) FOR LATENT CLASS 1
              VAR8
              ________
               17.417


           THETA(C) FOR LATENT CLASS 1
              VAR6          VAR8
              ________      ________
             4675.900      2135.842


           NU(P) FOR LATENT CLASS 2
              VAR7#1        VAR7          VAR6#1        VAR6          VAR8#1
              ________      ________      ________      ________      ________
               -0.200         5.672       -20.000       189.658        -1.046


           NU(P) FOR LATENT CLASS 2
              VAR8
              ________
              148.133


           THETA(C) FOR LATENT CLASS 2
              VAR6          VAR8
              ________      ________
             4675.900      2135.842


TECHNICAL 4 OUTPUT


PLOT INFORMATION

The following plots are available:

  Histograms (sample values)
  Scatterplots (sample values)
  Sample proportions and estimated probabilities
  Estimated overall and class-specific distributions

SAVEDATA INFORMATION


  Save file
    test_model2_lca_2.dat SAVE = cprobabilites bchweights

  Order and format of variables

    VAR7           F10.3
    VAR6           F10.3
    VAR8           F10.3
    VAR1           F10.3
    VAR2           F10.3
    VAR3           F10.3
    VAR4           F10.3
    VAR5           F10.3
    CPROB1         F10.3
    CPROB2         F10.3
    CLASS          F10.3
    ID             I5

  Save file format
    11F10.3 I5

  Save file record length    10000


     Beginning Time:  22:26:33
        Ending Time:  22:26:36
       Elapsed Time:  00:00:03



MUTHEN & MUTHEN
3463 Stoner Ave.
Los Angeles, CA  90066

Tel: (310) 391-9971
Fax: (310) 391-8971
Web: www.StatModel.com
Support: Support@StatModel.com

Copyright (c) 1998-2019 Muthen & Muthen
