Mplus VERSION 8.4
MUTHEN & MUTHEN
09/16/2024   6:15 PM

INPUT INSTRUCTIONS


  TITLE: test4 classes
  DATA: FILE IS test_model1_lca.dat;

  VARIABLE:
  NAMES = id var1 var2 var3 var4 var5 var6 var7 var8;
  IDVARIABLE = id;
  USEVARIABLES = var1 var6 var7 var8;
  CATEGORICAL = var1;
  CENSORED = var6 (b) var8 (bi);
  COUNT = var7 (nbi);
  AUXILIARY = var2 var3 var4 var5;
  MISSING = .;
  CLASSES = class (4);

  MODEL:
  %CLASS#1%
  [ var7#1 ];
  [ var8#1 ];
  %CLASS#2%
  [ var7#1 ];
  [ var8#1 ];
  %CLASS#3%
  [ var7#1 ];
  [ var8#1 ];
  %CLASS#4%
  [ var7#1 ];
  [ var8#1 ];

  ANALYSIS:
  TYPE = MIXTURE;
  PROCESSORS = 16;
  STITERATIONS = 4;
  STARTS = 20 4;

  OUTPUT:
  SVALUES ENTROPY TECH1 TECH4;
  PLOT: TYPE=PLOT1 PLOT2 PLOT3;
  SAVEDATA:
  FILE IS test_model1_lca_4.dat
  SAVE = cprobabilites bchweights;



INPUT READING TERMINATED NORMALLY



test4 classes

SUMMARY OF ANALYSIS

Number of groups                                                 1
Number of observations                                        1000

Number of dependent variables                                    4
Number of independent variables                                  0
Number of continuous latent variables                            0
Number of categorical latent variables                           1

Observed dependent variables

  Censored
   VAR7        VAR6        VAR8

  Binary and ordered categorical (ordinal)
   VAR1

  Count
   VAR7

Observed auxiliary variables
   VAR2        VAR3        VAR4        VAR5

Categorical latent variables
   CLASS

Variables with special functions

  ID variable           ID

Estimator                                                      MLR
Information matrix                                        OBSERVED
Optimization Specifications for the Quasi-Newton Algorithm for
Continuous Outcomes
  Maximum number of iterations                                 100
  Convergence criterion                                  0.100D-05
Optimization Specifications for the EM Algorithm
  Maximum number of iterations                                 500
  Convergence criteria
    Loglikelihood change                                 0.100D-06
    Relative loglikelihood change                        0.100D-06
    Derivative                                           0.100D-05
Optimization Specifications for the M step of the EM Algorithm for
Categorical Latent variables
  Number of M step iterations                                    1
  M step convergence criterion                           0.100D-05
  Basis for M step termination                           ITERATION
Optimization Specifications for the M step of the EM Algorithm for
Censored, Binary or Ordered Categorical (Ordinal), Unordered
Categorical (Nominal) and Count Outcomes
  Number of M step iterations                                    1
  M step convergence criterion                           0.100D-05
  Basis for M step termination                           ITERATION
  Maximum value for logit thresholds                            15
  Minimum value for logit thresholds                           -15
  Minimum expected cell size for chi-square              0.100D-01
Maximum number of iterations for H1                           2000
Convergence criterion for H1                             0.100D-03
Optimization algorithm                                         EMA
Random Starts Specifications
  Number of initial stage random starts                         20
  Number of final stage optimizations                            4
  Number of initial stage iterations                             4
  Initial stage convergence criterion                    0.100D+01
  Random starts scale                                    0.500D+01
  Random seed for generating random starts                       0
Link                                                         LOGIT

Input data file(s)
  test_model1_lca.dat
Input data format  FREE


SUMMARY OF DATA

     Number of missing data patterns             1
     Number of y missing data patterns           0
     Number of u missing data patterns           1


COVARIANCE COVERAGE OF DATA

Minimum covariance coverage value   0.100


UNIVARIATE PROPORTIONS AND COUNTS FOR CATEGORICAL VARIABLES

    VAR1
      Category 1    0.846          846.000
      Category 2    0.154          154.000


SUMMARY OF CENSORED LIMITS

      VAR7           99999.000
      VAR6               0.000
      VAR8               0.000


COUNT PROPORTION OF ZERO, MINIMUM AND MAXIMUM VALUES

      VAR7        0.319         0       350


RANDOM STARTS RESULTS RANKED FROM THE BEST TO THE WORST LOGLIKELIHOOD VALUES

Final stage loglikelihood values at local maxima, seeds, and initial stage start numbers:

          -13205.994  939021           8
          -13205.994  107446           12
          -13205.994  unperturbed      0
          -13205.994  573096           20



THE BEST LOGLIKELIHOOD VALUE HAS BEEN REPLICATED.  RERUN WITH AT LEAST TWICE THE
RANDOM STARTS TO CHECK THAT THE BEST LOGLIKELIHOOD IS STILL OBTAINED AND REPLICATED.

     IN THE OPTIMIZATION, ONE OR MORE LOGIT THRESHOLDS APPROACHED EXTREME VALUES
     OF -15.000 AND 15.000 AND WERE FIXED TO STABILIZE MODEL ESTIMATION.  THESE
     VALUES IMPLY PROBABILITIES OF 0 AND 1.  IN THE MODEL RESULTS SECTION, THESE
     PARAMETERS HAVE 0 STANDARD ERRORS AND 999 IN THE Z-SCORE AND P-VALUE COLUMNS.

     IN THE OPTIMIZATION, ONE OR MORE LOGIT SCALE PARAMETERS APPROACHED EXTREME VALUES
     OF -15.000 AND 15.000 AND WERE FIXED TO STABILIZE MODEL ESTIMATION.  THESE
     VALUES IMPLY PROBABILITIES OF 0 AND 1.  IN THE MODEL RESULTS SECTION, THESE
     PARAMETERS HAVE 0 STANDARD ERRORS AND 999 IN THE Z-SCORE AND P-VALUE COLUMNS.




THE MODEL ESTIMATION TERMINATED NORMALLY



MODEL FIT INFORMATION

Number of Free Parameters                       30

Loglikelihood

          H0 Value                      -13205.994
          H0 Scaling Correction Factor      1.8295
            for MLR

Information Criteria

          Akaike (AIC)                   26471.988
          Bayesian (BIC)                 26619.221
          Sample-Size Adjusted BIC       26523.939
            (n* = (n + 2) / 24)

Chi-Square Test of Model Fit for the Binary and Ordered Categorical
(Ordinal) Outcomes

          Pearson Chi-Square

          Value                              0.000
          Degrees of freedom cannot be computed for this model part.

          Likelihood Ratio Chi-Square

          Value                              0.000
          Degrees of freedom cannot be computed for this model part.



FINAL CLASS COUNTS AND PROPORTIONS FOR THE LATENT CLASSES
BASED ON THE ESTIMATED MODEL

    Latent
   Classes

       1        447.71279          0.44771
       2        200.33728          0.20034
       3        232.64694          0.23265
       4        119.30300          0.11930


FINAL CLASS COUNTS AND PROPORTIONS FOR THE LATENT CLASSES
BASED ON ESTIMATED POSTERIOR PROBABILITIES

    Latent
   Classes

       1        447.71279          0.44771
       2        200.33728          0.20034
       3        232.64694          0.23265
       4        119.30300          0.11930


FINAL CLASS COUNTS AND PROPORTIONS FOR THE LATENT CLASSES
BASED ON THEIR MOST LIKELY LATENT CLASS MEMBERSHIP

Class Counts and Proportions

    Latent
   Classes

       1              456          0.45600
       2              197          0.19700
       3              232          0.23200
       4              115          0.11500


CLASSIFICATION QUALITY

     Entropy                         0.835


           Univariate Entropy
              VAR7          VAR1
              ________      ________
              999.000       999.000       999.000         0.149


Classification Probabilities for the Most Likely Latent Class Membership (Column)
by Latent Class (Row)

           1        2        3        4

    1   0.965    0.035    0.000    0.000
    2   0.117    0.787    0.096    0.000
    3   0.002    0.101    0.881    0.016
    4   0.000    0.002    0.066    0.932


Logits for the Classification Probabilities for the Most Likely Latent Class Membership (Column)
by Latent Class (Row)

              1        2        3        4

    1     13.780   10.453    4.249    0.000
    2      6.270    8.177    6.072    0.000
    3     -2.197    1.846    4.007    0.000
    4    -13.745   -6.230   -2.651    0.000


MODEL RESULTS

                                                    Two-Tailed
                    Estimate       S.E.  Est./S.E.    P-Value

Latent Class 1

 Means
    VAR7#1           -15.000      0.000    999.000    999.000
    VAR7              -0.859      0.167     -5.149      0.000
    VAR6              17.316      2.215      7.818      0.000
    VAR8#1             0.210      0.165      1.273      0.203
    VAR8              62.530      2.106     29.696      0.000

 Thresholds
    VAR1$1             0.794      0.119      6.672      0.000

 Variances
    VAR6            3237.700    783.297      4.133      0.000
    VAR8             600.088     52.512     11.428      0.000

 Dispersion
    VAR7               0.924      0.058     15.944      0.000

Latent Class 2

 Means
    VAR7#1           -15.000      0.000    999.000    999.000
    VAR7               1.820      0.241      7.540      0.000
    VAR6             116.815     16.949      6.892      0.000
    VAR8#1            -3.239      0.446     -7.258      0.000
    VAR8              85.927      3.484     24.665      0.000

 Thresholds
    VAR1$1             2.697      0.505      5.338      0.000

 Variances
    VAR6            3237.700    783.297      4.133      0.000
    VAR8             600.088     52.512     11.428      0.000

 Dispersion
    VAR7               0.924      0.058     15.944      0.000

Latent Class 3

 Means
    VAR7#1           -15.000      0.000    999.000    999.000
    VAR7               3.735      0.103     36.102      0.000
    VAR6             128.023      5.436     23.553      0.000
    VAR8#1           -15.000      0.000    999.000    999.000
    VAR8             132.128      2.833     46.637      0.000

 Thresholds
    VAR1$1            15.000      0.000    999.000    999.000

 Variances
    VAR6            3237.700    783.297      4.133      0.000
    VAR8             600.088     52.512     11.428      0.000

 Dispersion
    VAR7               0.924      0.058     15.944      0.000

Latent Class 4

 Means
    VAR7#1           -15.000      0.000    999.000    999.000
    VAR7               4.230      0.105     40.187      0.000
    VAR6             261.040      8.401     31.073      0.000
    VAR8#1           -15.000      0.000    999.000    999.000
    VAR8             192.218      3.258     58.999      0.000

 Thresholds
    VAR1$1             4.072      0.728      5.592      0.000

 Variances
    VAR6            3237.700    783.297      4.133      0.000
    VAR8             600.088     52.512     11.428      0.000

 Dispersion
    VAR7               0.924      0.058     15.944      0.000

Categorical Latent Variables

 Means
    CLASS#1            1.322      0.125     10.560      0.000
    CLASS#2            0.518      0.164      3.170      0.002
    CLASS#3            0.668      0.140      4.783      0.000


RESULTS IN PROBABILITY SCALE

Latent Class 1

 VAR1
    Category 1         0.689      0.026     26.986      0.000
    Category 2         0.311      0.026     12.195      0.000

Latent Class 2

 VAR1
    Category 1         0.937      0.030     31.346      0.000
    Category 2         0.063      0.030      2.113      0.035

Latent Class 3

 VAR1
    Category 1         1.000      0.000      0.000      1.000
    Category 2         0.000      0.000      0.000      1.000

Latent Class 4

 VAR1
    Category 1         0.983      0.012     81.921      0.000
    Category 2         0.017      0.012      1.397      0.162


LATENT CLASS ODDS RATIO RESULTS

                                         (Est. - 1) Two-Tailed
                    Estimate       S.E.     / S.E.    P-Value

Latent Class 1 Compared to Latent Class 2

 VAR1
    Category > 1       6.705      3.439      1.659      0.097

Latent Class 1 Compared to Latent Class 3

 VAR1
    Category > 1   *********      0.000    999.000    999.000

Latent Class 1 Compared to Latent Class 4

 VAR1
    Category > 1      26.505     18.542      1.376      0.169

Latent Class 2 Compared to Latent Class 3

 VAR1
    Category > 1   *********      0.000    999.000    999.000

Latent Class 2 Compared to Latent Class 4

 VAR1
    Category > 1       3.953      3.571      0.827      0.408

Latent Class 3 Compared to Latent Class 4

 VAR1
    Category > 1       0.000      0.000    999.000    999.000


QUALITY OF NUMERICAL RESULTS

     Condition Number for the Information Matrix              0.649E-07
       (ratio of smallest to largest eigenvalue)


MODEL COMMAND WITH FINAL ESTIMATES USED AS STARTING VALUES

     %OVERALL%

     [ class#1*1.32249 ];
     [ class#2*0.51834 ];
     [ class#3*0.66786 ];

     %CLASS#1%

     [ var7#1*-15 ];
     [ var7*-0.85928 ];
     [ var6*17.31605 ];
     [ var8#1*0.21046 ];
     [ var8*62.52993 ];

     [ var1$1*0.79428 ];

     var7*0.92390 (13);
     var6*3237.69995 (14);
     var8*600.08813 (15);

     %CLASS#2%

     [ var7#1*-15 ];
     [ var7*1.82000 ];
     [ var6*116.81454 ];
     [ var8#1*-3.23887 ];
     [ var8*85.92670 ];

     [ var1$1*2.69715 ];

     var7*0.92390 (13);
     var6*3237.69995 (14);
     var8*600.08813 (15);

     %CLASS#3%

     [ var7#1*-15 ];
     [ var7*3.73527 ];
     [ var6*128.02271 ];
     [ var8#1*-15 ];
     [ var8*132.12796 ];

     [ var1$1*15 ];

     var7*0.92390 (13);
     var6*3237.69995 (14);
     var8*600.08813 (15);

     %CLASS#4%

     [ var7#1*-15 ];
     [ var7*4.23037 ];
     [ var6*261.03952 ];
     [ var8#1*-15 ];
     [ var8*192.21849 ];

     [ var1$1*4.07161 ];

     var7*0.92390 (13);
     var6*3237.69995 (14);
     var8*600.08813 (15);



TECHNICAL 1 OUTPUT


     PARAMETER SPECIFICATION FOR LATENT CLASS 1


     PARAMETER SPECIFICATION FOR LATENT CLASS 2


     PARAMETER SPECIFICATION FOR LATENT CLASS 3


     PARAMETER SPECIFICATION FOR LATENT CLASS 4


     PARAMETER SPECIFICATION FOR LATENT CLASS INDICATOR MODEL PART


           TAU(U) FOR LATENT CLASS 1
              VAR1$1
              ________
                    1


           TAU(U) FOR LATENT CLASS 2
              VAR1$1
              ________
                    2


           TAU(U) FOR LATENT CLASS 3
              VAR1$1
              ________
                    3


           TAU(U) FOR LATENT CLASS 4
              VAR1$1
              ________
                    4


     PARAMETER SPECIFICATION FOR LATENT CLASS REGRESSION MODEL PART


           ALPHA(C)
              CLASS#1       CLASS#2       CLASS#3       CLASS#4
              ________      ________      ________      ________
                    5             6             7             0


     PARAMETER SPECIFICATION FOR THE CENSORED/NOMINAL/COUNT MODEL PART


           NU(P) FOR LATENT CLASS 1
              VAR7#1        VAR7          VAR6#1        VAR6          VAR8#1
              ________      ________      ________      ________      ________
                    8             9             0            10            11


           NU(P) FOR LATENT CLASS 1
              VAR8
              ________
                   12


           THETA(C) FOR CLASS LATENT CLASS 1
              VAR7          VAR6          VAR8
              ________      ________      ________
                   13            14            15


           NU(P) FOR LATENT CLASS 2
              VAR7#1        VAR7          VAR6#1        VAR6          VAR8#1
              ________      ________      ________      ________      ________
                   16            17             0            18            19


           NU(P) FOR LATENT CLASS 2
              VAR8
              ________
                   20


           THETA(C) FOR CLASS LATENT CLASS 2
              VAR7          VAR6          VAR8
              ________      ________      ________
                   13            14            15


           NU(P) FOR LATENT CLASS 3
              VAR7#1        VAR7          VAR6#1        VAR6          VAR8#1
              ________      ________      ________      ________      ________
                   21            22             0            23            24


           NU(P) FOR LATENT CLASS 3
              VAR8
              ________
                   25


           THETA(C) FOR CLASS LATENT CLASS 3
              VAR7          VAR6          VAR8
              ________      ________      ________
                   13            14            15


           NU(P) FOR LATENT CLASS 4
              VAR7#1        VAR7          VAR6#1        VAR6          VAR8#1
              ________      ________      ________      ________      ________
                   26            27             0            28            29


           NU(P) FOR LATENT CLASS 4
              VAR8
              ________
                   30


           THETA(C) FOR CLASS LATENT CLASS 4
              VAR7          VAR6          VAR8
              ________      ________      ________
                   13            14            15


     STARTING VALUES FOR LATENT CLASS 1


     STARTING VALUES FOR LATENT CLASS 2


     STARTING VALUES FOR LATENT CLASS 3


     STARTING VALUES FOR LATENT CLASS 4


     STARTING VALUES FOR LATENT CLASS INDICATOR MODEL PART


           TAU(U) FOR LATENT CLASS 1
              VAR1$1
              ________
                0.704


           TAU(U) FOR LATENT CLASS 2
              VAR1$1
              ________
                1.704


           TAU(U) FOR LATENT CLASS 3
              VAR1$1
              ________
                1.704


           TAU(U) FOR LATENT CLASS 4
              VAR1$1
              ________
                2.704


     STARTING VALUES FOR LATENT CLASS REGRESSION MODEL PART


           ALPHA(C)
              CLASS#1       CLASS#2       CLASS#3       CLASS#4
              ________      ________      ________      ________
                0.000         0.000         0.000         0.000


     STARTING VALUES FOR THE CENSORED/NOMINAL/COUNT MODEL PART


           NU(P) FOR LATENT CLASS 1
              VAR7#1        VAR7          VAR6#1        VAR6          VAR8#1
              ________      ________      ________      ________      ________
               -0.200         3.672       -20.000        -3.751        -1.046


           NU(P) FOR LATENT CLASS 1
              VAR8
              ________
               17.417


           THETA(C) FOR LATENT CLASS 1
              VAR7          VAR6          VAR8
              ________      ________      ________
                4.519      4675.900      2135.842


           NU(P) FOR LATENT CLASS 2
              VAR7#1        VAR7          VAR6#1        VAR6          VAR8#1
              ________      ________      ________      ________      ________
               -0.200         4.672       -20.000        92.953        -1.046


           NU(P) FOR LATENT CLASS 2
              VAR8
              ________
               82.775


           THETA(C) FOR LATENT CLASS 2
              VAR7          VAR6          VAR8
              ________      ________      ________
                4.519      4675.900      2135.842


           NU(P) FOR LATENT CLASS 3
              VAR7#1        VAR7          VAR6#1        VAR6          VAR8#1
              ________      ________      ________      ________      ________
               -0.200         5.672       -20.000        92.953        -1.046


           NU(P) FOR LATENT CLASS 3
              VAR8
              ________
               82.775


           THETA(C) FOR LATENT CLASS 3
              VAR7          VAR6          VAR8
              ________      ________      ________
                4.519      4675.900      2135.842


           NU(P) FOR LATENT CLASS 4
              VAR7#1        VAR7          VAR6#1        VAR6          VAR8#1
              ________      ________      ________      ________      ________
               -0.200         6.672       -20.000       189.658        -1.046


           NU(P) FOR LATENT CLASS 4
              VAR8
              ________
              148.133


           THETA(C) FOR LATENT CLASS 4
              VAR7          VAR6          VAR8
              ________      ________      ________
                4.519      4675.900      2135.842


TECHNICAL 4 OUTPUT


PLOT INFORMATION

The following plots are available:

  Histograms (sample values)
  Scatterplots (sample values)
  Sample proportions and estimated probabilities

SAVEDATA INFORMATION


  Save file
    test_model1_lca_4.dat SAVE = cprobabilites bchweights

  Order and format of variables

    VAR7           F10.3
    VAR6           F10.3
    VAR8           F10.3
    VAR1           F10.3
    VAR2           F10.3
    VAR3           F10.3
    VAR4           F10.3
    VAR5           F10.3
    CPROB1         F10.3
    CPROB2         F10.3
    CPROB3         F10.3
    CPROB4         F10.3
    CLASS          F10.3
    ID             I5

  Save file format
    13F10.3 I5

  Save file record length    10000


     Beginning Time:  18:15:23
        Ending Time:  18:15:27
       Elapsed Time:  00:00:04



MUTHEN & MUTHEN
3463 Stoner Ave.
Los Angeles, CA  90066

Tel: (310) 391-9971
Fax: (310) 391-8971
Web: www.StatModel.com
Support: Support@StatModel.com

Copyright (c) 1998-2019 Muthen & Muthen
